[INFO] Scanning for projects...
Downloading from central: https://repo.maven.apache.org/maven2/org/springframework/boot/spring-boot-starter-parent/3.3.4/spring-boot-starter-parent-3.3.4.pom
Progress (1): 1.1 kB
Progress (1): 2.6 kB
Progress (1): 6.5 kB
Progress (1): 11 kB 
Progress (1): 13 kB
                   
Downloaded from central: https://repo.maven.apache.org/maven2/org/springframework/boot/spring-boot-starter-parent/3.3.4/spring-boot-starter-parent-3.3.4.pom (13 kB at 33 kB/s)
Downloading from central: https://repo.maven.apache.org/maven2/org/springframework/boot/spring-boot-dependencies/3.3.4/spring-boot-dependencies-3.3.4.pom
Progress (1): 1.0 kB
Progress (1): 2.8 kB
Progress (1): 4.1 kB
Progress (1): 6.3 kB
Progress (1): 8.7 kB
Progress (1): 10 kB 
Progress (1): 13 kB
Progress (1): 22 kB
Progress (1): 28 kB
Progress (1): 37 kB
Progress (1): 44 kB
Progress (1): 50 kB
Progress (1): 59 kB
Progress (1): 71 kB
Progress (1): 78 kB
Progress (1): 85 kB
Progress (1): 92 kB
Progress (1): 97 kB
Progress (1): 100 kB
                    
Downloaded from central: https://repo.maven.apache.org/maven2/org/springframework/boot/spring-boot-dependencies/3.3.4/spring-boot-dependencies-3.3.4.pom (100 kB at 1.0 MB/s)
Downloading from central: https://repo.maven.apache.org/maven2/org/apache/activemq/activemq-bom/6.1.3/activemq-bom-6.1.3.pom
Progress (1): 799 B
Progress (1): 1.9 kB
Progress (1): 7.9 kB
                    
Downloaded from central: https://repo.maven.apache.org/maven2/org/apache/activemq/activemq-bom/6.1.3/activemq-bom-6.1.3.pom (7.9 kB at 108 kB/s)
Downloading from central: https://repo.maven.apache.org/maven2/org/apache/activemq/artemis-bom/2.33.0/artemis-bom-2.33.0.pom
Progress (1): 818 B
Progress (1): 3.3 kB
Progress (1): 7.7 kB
Progress (1): 9.6 kB
                    
Downloaded from central: https://repo.maven.apache.org/maven2/org/apache/activemq/artemis-bom/2.33.0/artemis-bom-2.33.0.pom (9.6 kB at 112 kB/s)
Downloading from central: https://repo.maven.apache.org/maven2/org/apache/activemq/artemis-project/2.33.0/artemis-project-2.33.0.pom
Progress (1): 713 B
Progress (1): 2.0 kB
Progress (1): 4.2 kB
Progress (1): 6.0 kB
Progress (1): 7.5 kB
Progress (1): 9.6 kB
Progress (1): 12 kB 
Progress (1): 12 kB
Progress (1): 14 kB
Progress (1): 16 kB
Progress (1): 17 kB
Progress (1): 24 kB
Progress (1): 27 kB
Progress (1): 29 kB
Progress (1): 32 kB
Progress (1): 38 kB
Progress (1): 42 kB
Progress (1): 46 kB
Progress (1): 49 kB
Progress (1): 51 kB
Progress (1): 55 kB
Progress (1): 60 kB
Progress (1): 63 kB
Progress (1): 64 kB
                   
Downloaded from central: https://repo.maven.apache.org/maven2/org/apache/activemq/artemis-project/2.33.0/artemis-project-2.33.0.pom (64 kB at 637 kB/s)
Downloading from central: https://repo.maven.apache.org/maven2/org/apache/apache/31/apache-31.pom
Progress (1): 739 B
Progress (1): 1.6 kB
Progress (1): 3.4 kB
Progress (1): 5.3 kB
Progress (1): 7.4 kB
Progress (1): 13 kB 
Progress (1): 18 kB
Progress (1): 20 kB
Progress (1): 22 kB
Progress (1): 24 kB
                   
Downloaded from central: https://repo.maven.apache.org/maven2/org/apache/apache/31/apache-31.pom (24 kB at 294 kB/s)
Downloading from central: https://repo.maven.apache.org/maven2/org/assertj/assertj-bom/3.25.3/assertj-bom-3.25.3.pom
Progress (1): 1.0 kB
Progress (1): 3.0 kB
Progress (1): 3.7 kB
                    
Downloaded from central: https://repo.maven.apache.org/maven2/org/assertj/assertj-bom/3.25.3/assertj-bom-3.25.3.pom (3.7 kB at 47 kB/s)
Downloading from central: https://repo.maven.apache.org/maven2/io/zipkin/reporter2/zipkin-reporter-bom/3.4.2/zipkin-reporter-bom-3.4.2.pom
Progress (1): 755 B
Progress (1): 1.7 kB
Progress (1): 5.2 kB
Progress (1): 6.4 kB
                    
Downloaded from central: https://repo.maven.apache.org/maven2/io/zipkin/reporter2/zipkin-reporter-bom/3.4.2/zipkin-reporter-bom-3.4.2.pom (6.4 kB at 74 kB/s)
Downloading from central: https://repo.maven.apache.org/maven2/io/zipkin/brave/brave-bom/6.0.3/brave-bom-6.0.3.pom
Progress (1): 1.1 kB
Progress (1): 2.4 kB
Progress (1): 10 kB 
Progress (1): 11 kB
                   
Downloaded from central: https://repo.maven.apache.org/maven2/io/zipkin/brave/brave-bom/6.0.3/brave-bom-6.0.3.pom (11 kB at 108 kB/s)
Downloading from central: https://repo.maven.apache.org/maven2/org/apache/cassandra/java-driver-bom/4.18.1/java-driver-bom-4.18.1.pom
Progress (1): 817 B
Progress (1): 2.0 kB
Progress (1): 5.1 kB
Progress (1): 5.5 kB
                    
Downloaded from central: https://repo.maven.apache.org/maven2/org/apache/cassandra/java-driver-bom/4.18.1/java-driver-bom-4.18.1.pom (5.5 kB at 59 kB/s)
Downloading from central: https://repo.maven.apache.org/maven2/org/glassfish/jaxb/jaxb-bom/4.0.5/jaxb-bom-4.0.5.pom
Progress (1): 849 B
Progress (1): 6.0 kB
Progress (1): 12 kB 
                   
Downloaded from central: https://repo.maven.apache.org/maven2/org/glassfish/jaxb/jaxb-bom/4.0.5/jaxb-bom-4.0.5.pom (12 kB at 128 kB/s)
Downloading from central: https://repo.maven.apache.org/maven2/org/eclipse/ee4j/project/1.0.9/project-1.0.9.pom
Progress (1): 876 B
Progress (1): 2.5 kB
Progress (1): 5.0 kB
Progress (1): 8.5 kB
Progress (1): 12 kB 
Progress (1): 16 kB
                   
Downloaded from central: https://repo.maven.apache.org/maven2/org/eclipse/ee4j/project/1.0.9/project-1.0.9.pom (16 kB at 190 kB/s)
Downloading from central: https://repo.maven.apache.org/maven2/org/apache/groovy/groovy-bom/4.0.23/groovy-bom-4.0.23.pom
Progress (1): 863 B
Progress (1): 3.6 kB
Progress (1): 7.0 kB
Progress (1): 11 kB 
Progress (1): 14 kB
Progress (1): 18 kB
Progress (1): 22 kB
Progress (1): 23 kB
Progress (1): 27 kB
                   
Downloaded from central: https://repo.maven.apache.org/maven2/org/apache/groovy/groovy-bom/4.0.23/groovy-bom-4.0.23.pom (27 kB at 354 kB/s)
Downloading from central: https://repo.maven.apache.org/maven2/org/infinispan/infinispan-bom/15.0.8.Final/infinispan-bom-15.0.8.Final.pom
Progress (1): 1.1 kB
Progress (1): 6.8 kB
Progress (1): 18 kB 
                   
Downloaded from central: https://repo.maven.apache.org/maven2/org/infinispan/infinispan-bom/15.0.8.Final/infinispan-bom-15.0.8.Final.pom (18 kB at 216 kB/s)
Downloading from central: https://repo.maven.apache.org/maven2/org/infinispan/infinispan-build-configuration-parent/15.0.8.Final/infinispan-build-configuration-parent-15.0.8.Final.pom
Progress (1): 1.0 kB
Progress (1): 3.2 kB
Progress (1): 5.5 kB
Progress (1): 7.5 kB
Progress (1): 9.7 kB
Progress (1): 12 kB 
Progress (1): 14 kB
Progress (1): 15 kB
Progress (1): 19 kB
Progress (1): 19 kB
                   
Downloaded from central: https://repo.maven.apache.org/maven2/org/infinispan/infinispan-build-configuration-parent/15.0.8.Final/infinispan-build-configuration-parent-15.0.8.Final.pom (19 kB at 251 kB/s)
Downloading from central: https://repo.maven.apache.org/maven2/org/jboss/jboss-parent/43/jboss-parent-43.pom
Progress (1): 701 B
Progress (1): 2.0 kB
Progress (1): 4.5 kB
Progress (1): 7.0 kB
Progress (1): 9.2 kB
Progress (1): 12 kB 
Progress (1): 19 kB
Progress (1): 22 kB
Progress (1): 29 kB
Progress (1): 32 kB
Progress (1): 35 kB
Progress (1): 38 kB
Progress (1): 47 kB
Progress (1): 66 kB
Progress (1): 75 kB
                   
Downloaded from central: https://repo.maven.apache.org/maven2/org/jboss/jboss-parent/43/jboss-parent-43.pom (75 kB at 898 kB/s)
Downloading from central: https://repo.maven.apache.org/maven2/com/fasterxml/jackson/jackson-bom/2.17.2/jackson-bom-2.17.2.pom
Progress (1): 924 B
Progress (1): 2.7 kB
Progress (1): 8.1 kB
Progress (1): 17 kB 
Progress (1): 19 kB
                   
Downloaded from central: https://repo.maven.apache.org/maven2/com/fasterxml/jackson/jackson-bom/2.17.2/jackson-bom-2.17.2.pom (19 kB at 249 kB/s)
Downloading from central: https://repo.maven.apache.org/maven2/com/fasterxml/jackson/jackson-parent/2.17/jackson-parent-2.17.pom
Progress (1): 1.1 kB
Progress (1): 2.5 kB
Progress (1): 4.0 kB
Progress (1): 6.5 kB
                    
Downloaded from central: https://repo.maven.apache.org/maven2/com/fasterxml/jackson/jackson-parent/2.17/jackson-parent-2.17.pom (6.5 kB at 81 kB/s)
Downloading from central: https://repo.maven.apache.org/maven2/com/fasterxml/oss-parent/58/oss-parent-58.pom
Progress (1): 950 B
Progress (1): 2.6 kB
Progress (1): 4.0 kB
Progress (1): 6.0 kB
Progress (1): 9.7 kB
Progress (1): 12 kB 
Progress (1): 15 kB
Progress (1): 15 kB
Progress (1): 19 kB
Progress (1): 23 kB
Progress (1): 24 kB
                   
Downloaded from central: https://repo.maven.apache.org/maven2/com/fasterxml/oss-parent/58/oss-parent-58.pom (24 kB at 282 kB/s)
Downloading from central: https://repo.maven.apache.org/maven2/org/glassfish/jersey/jersey-bom/3.1.8/jersey-bom-3.1.8.pom
Progress (1): 841 B
Progress (1): 8.7 kB
Progress (1): 20 kB 
Progress (1): 21 kB
                   
Downloaded from central: https://repo.maven.apache.org/maven2/org/glassfish/jersey/jersey-bom/3.1.8/jersey-bom-3.1.8.pom (21 kB at 285 kB/s)
Downloading from central: https://repo.maven.apache.org/maven2/org/eclipse/jetty/ee10/jetty-ee10-bom/12.0.13/jetty-ee10-bom-12.0.13.pom
Progress (1): 1.1 kB
Progress (1): 4.6 kB
Progress (1): 7.7 kB
Progress (1): 9.6 kB
                    
Downloaded from central: https://repo.maven.apache.org/maven2/org/eclipse/jetty/ee10/jetty-ee10-bom/12.0.13/jetty-ee10-bom-12.0.13.pom (9.6 kB at 114 kB/s)
Downloading from central: https://repo.maven.apache.org/maven2/org/eclipse/jetty/jetty-bom/12.0.13/jetty-bom-12.0.13.pom
Progress (1): 1.2 kB
Progress (1): 4.4 kB
Progress (1): 14 kB 
                   
Downloaded from central: https://repo.maven.apache.org/maven2/org/eclipse/jetty/jetty-bom/12.0.13/jetty-bom-12.0.13.pom (14 kB at 209 kB/s)
Downloading from central: https://repo.maven.apache.org/maven2/org/junit/junit-bom/5.10.3/junit-bom-5.10.3.pom
Progress (1): 908 B
Progress (1): 4.1 kB
Progress (1): 5.6 kB
                    
Downloaded from central: https://repo.maven.apache.org/maven2/org/junit/junit-bom/5.10.3/junit-bom-5.10.3.pom (5.6 kB at 74 kB/s)
Downloading from central: https://repo.maven.apache.org/maven2/org/jetbrains/kotlin/kotlin-bom/1.9.25/kotlin-bom-1.9.25.pom
Progress (1): 914 B
Progress (1): 5.4 kB
Progress (1): 7.7 kB
Progress (1): 9.1 kB
                    
Downloaded from central: https://repo.maven.apache.org/maven2/org/jetbrains/kotlin/kotlin-bom/1.9.25/kotlin-bom-1.9.25.pom (9.1 kB at 115 kB/s)
Downloading from central: https://repo.maven.apache.org/maven2/org/jetbrains/kotlinx/kotlinx-coroutines-bom/1.8.1/kotlinx-coroutines-bom-1.8.1.pom
Progress (1): 1.2 kB
Progress (1): 4.3 kB
                    
Downloaded from central: https://repo.maven.apache.org/maven2/org/jetbrains/kotlinx/kotlinx-coroutines-bom/1.8.1/kotlinx-coroutines-bom-1.8.1.pom (4.3 kB at 42 kB/s)
Downloading from central: https://repo.maven.apache.org/maven2/org/jetbrains/kotlinx/kotlinx-serialization-bom/1.6.3/kotlinx-serialization-bom-1.6.3.pom
Progress (1): 1.2 kB
Progress (1): 3.7 kB
                    
Downloaded from central: https://repo.maven.apache.org/maven2/org/jetbrains/kotlinx/kotlinx-serialization-bom/1.6.3/kotlinx-serialization-bom-1.6.3.pom (3.7 kB at 52 kB/s)
Downloading from central: https://repo.maven.apache.org/maven2/org/apache/logging/log4j/log4j-bom/2.23.1/log4j-bom-2.23.1.pom
Progress (1): 792 B
Progress (1): 2.2 kB
Progress (1): 5.7 kB
Progress (1): 12 kB 
Progress (1): 12 kB
                   
Downloaded from central: https://repo.maven.apache.org/maven2/org/apache/logging/log4j/log4j-bom/2.23.1/log4j-bom-2.23.1.pom (12 kB at 157 kB/s)
Downloading from central: https://repo.maven.apache.org/maven2/org/apache/logging/logging-parent/10.6.0/logging-parent-10.6.0.pom
Progress (1): 739 B
Progress (1): 2.2 kB
Progress (1): 4.7 kB
Progress (1): 6.5 kB
Progress (1): 8.4 kB
Progress (1): 11 kB 
Progress (1): 15 kB
Progress (1): 18 kB
Progress (1): 20 kB
Progress (1): 24 kB
Progress (1): 30 kB
Progress (1): 32 kB
Progress (1): 33 kB
Progress (1): 35 kB
Progress (1): 39 kB
Progress (1): 39 kB
Progress (1): 42 kB
Progress (1): 44 kB
Progress (1): 47 kB
Progress (1): 51 kB
Progress (1): 54 kB
                   
Downloaded from central: https://repo.maven.apache.org/maven2/org/apache/logging/logging-parent/10.6.0/logging-parent-10.6.0.pom (54 kB at 615 kB/s)
Downloading from central: https://repo.maven.apache.org/maven2/io/micrometer/micrometer-bom/1.13.4/micrometer-bom-1.13.4.pom
Progress (1): 1.0 kB
Progress (1): 7.6 kB
Progress (1): 8.4 kB
                    
Downloaded from central: https://repo.maven.apache.org/maven2/io/micrometer/micrometer-bom/1.13.4/micrometer-bom-1.13.4.pom (8.4 kB at 104 kB/s)
Downloading from central: https://repo.maven.apache.org/maven2/io/micrometer/micrometer-tracing-bom/1.3.4/micrometer-tracing-bom-1.3.4.pom
Progress (1): 1.0 kB
Progress (1): 3.9 kB
Progress (1): 4.5 kB
                    
Downloaded from central: https://repo.maven.apache.org/maven2/io/micrometer/micrometer-tracing-bom/1.3.4/micrometer-tracing-bom-1.3.4.pom (4.5 kB at 62 kB/s)
Downloading from central: https://repo.maven.apache.org/maven2/org/mockito/mockito-bom/5.11.0/mockito-bom-5.11.0.pom
Progress (1): 1.5 kB
Progress (1): 3.0 kB
                    
Downloaded from central: https://repo.maven.apache.org/maven2/org/mockito/mockito-bom/5.11.0/mockito-bom-5.11.0.pom (3.0 kB at 41 kB/s)
Downloading from central: https://repo.maven.apache.org/maven2/io/netty/netty-bom/4.1.113.Final/netty-bom-4.1.113.Final.pom
Progress (1): 786 B
Progress (1): 2.4 kB
Progress (1): 12 kB 
Progress (1): 14 kB
                   
Downloaded from central: https://repo.maven.apache.org/maven2/io/netty/netty-bom/4.1.113.Final/netty-bom-4.1.113.Final.pom (14 kB at 191 kB/s)
Downloading from central: https://repo.maven.apache.org/maven2/org/sonatype/oss/oss-parent/7/oss-parent-7.pom
Progress (1): 848 B
Progress (1): 2.5 kB
Progress (1): 4.8 kB
                    
Downloaded from central: https://repo.maven.apache.org/maven2/org/sonatype/oss/oss-parent/7/oss-parent-7.pom (4.8 kB at 38 kB/s)
Downloading from central: https://repo.maven.apache.org/maven2/com/squareup/okhttp3/okhttp-bom/4.12.0/okhttp-bom-4.12.0.pom
Progress (1): 931 B
Progress (1): 3.1 kB
                    
Downloaded from central: https://repo.maven.apache.org/maven2/com/squareup/okhttp3/okhttp-bom/4.12.0/okhttp-bom-4.12.0.pom (3.1 kB at 42 kB/s)
Downloading from central: https://repo.maven.apache.org/maven2/io/opentelemetry/opentelemetry-bom/1.37.0/opentelemetry-bom-1.37.0.pom
Progress (1): 956 B
Progress (1): 5.7 kB
                    
Downloaded from central: https://repo.maven.apache.org/maven2/io/opentelemetry/opentelemetry-bom/1.37.0/opentelemetry-bom-1.37.0.pom (5.7 kB at 79 kB/s)
Downloading from central: https://repo.maven.apache.org/maven2/io/prometheus/prometheus-metrics-bom/1.2.1/prometheus-metrics-bom-1.2.1.pom
Progress (1): 1.3 kB
Progress (1): 6.1 kB
                    
Downloaded from central: https://repo.maven.apache.org/maven2/io/prometheus/prometheus-metrics-bom/1.2.1/prometheus-metrics-bom-1.2.1.pom (6.1 kB at 71 kB/s)
Downloading from central: https://repo.maven.apache.org/maven2/io/prometheus/client_java/1.2.1/client_java-1.2.1.pom
Progress (1): 1.1 kB
Progress (1): 3.4 kB
Progress (1): 7.5 kB
Progress (1): 8.2 kB
Progress (1): 11 kB 
Progress (1): 13 kB
                   
Downloaded from central: https://repo.maven.apache.org/maven2/io/prometheus/client_java/1.2.1/client_java-1.2.1.pom (13 kB at 182 kB/s)
Downloading from central: https://repo.maven.apache.org/maven2/io/prometheus/simpleclient_bom/0.16.0/simpleclient_bom-0.16.0.pom
Progress (1): 1.9 kB
Progress (1): 6.0 kB
                    
Downloaded from central: https://repo.maven.apache.org/maven2/io/prometheus/simpleclient_bom/0.16.0/simpleclient_bom-0.16.0.pom (6.0 kB at 88 kB/s)
Downloading from central: https://repo.maven.apache.org/maven2/io/prometheus/parent/0.16.0/parent-0.16.0.pom
Progress (1): 1.1 kB
Progress (1): 3.4 kB
Progress (1): 7.9 kB
Progress (1): 13 kB 
                   
Downloaded from central: https://repo.maven.apache.org/maven2/io/prometheus/parent/0.16.0/parent-0.16.0.pom (13 kB at 171 kB/s)
Downloading from central: https://repo.maven.apache.org/maven2/org/apache/pulsar/pulsar-bom/3.2.4/pulsar-bom-3.2.4.pom
Progress (1): 794 B
Progress (1): 2.4 kB
Progress (1): 4.5 kB
Progress (1): 14 kB 
Progress (1): 26 kB
                   
Downloaded from central: https://repo.maven.apache.org/maven2/org/apache/pulsar/pulsar-bom/3.2.4/pulsar-bom-3.2.4.pom (26 kB at 365 kB/s)
Downloading from central: https://repo.maven.apache.org/maven2/org/apache/apache/29/apache-29.pom
Progress (1): 741 B
Progress (1): 2.1 kB
Progress (1): 3.9 kB
Progress (1): 6.9 kB
Progress (1): 12 kB 
Progress (1): 16 kB
Progress (1): 19 kB
Progress (1): 21 kB
                   
Downloaded from central: https://repo.maven.apache.org/maven2/org/apache/apache/29/apache-29.pom (21 kB at 296 kB/s)
Downloading from central: https://repo.maven.apache.org/maven2/com/querydsl/querydsl-bom/5.1.0/querydsl-bom-5.1.0.pom
Progress (1): 1.2 kB
Progress (1): 6.7 kB
Progress (1): 7.2 kB
                    
Downloaded from central: https://repo.maven.apache.org/maven2/com/querydsl/querydsl-bom/5.1.0/querydsl-bom-5.1.0.pom (7.2 kB at 99 kB/s)
Downloading from central: https://repo.maven.apache.org/maven2/io/projectreactor/reactor-bom/2023.0.10/reactor-bom-2023.0.10.pom
Progress (1): 908 B
Progress (1): 4.3 kB
Progress (1): 4.8 kB
                    
Downloaded from central: https://repo.maven.apache.org/maven2/io/projectreactor/reactor-bom/2023.0.10/reactor-bom-2023.0.10.pom (4.8 kB at 66 kB/s)
Downloading from central: https://repo.maven.apache.org/maven2/io/rest-assured/rest-assured-bom/5.4.0/rest-assured-bom-5.4.0.pom
Progress (1): 1.2 kB
Progress (1): 4.5 kB
                    
Downloaded from central: https://repo.maven.apache.org/maven2/io/rest-assured/rest-assured-bom/5.4.0/rest-assured-bom-5.4.0.pom (4.5 kB at 43 kB/s)
Downloading from central: https://repo.maven.apache.org/maven2/io/rsocket/rsocket-bom/1.1.3/rsocket-bom-1.1.3.pom
Progress (1): 1.2 kB
Progress (1): 2.6 kB
                    
Downloaded from central: https://repo.maven.apache.org/maven2/io/rsocket/rsocket-bom/1.1.3/rsocket-bom-1.1.3.pom (2.6 kB at 30 kB/s)
Downloading from central: https://repo.maven.apache.org/maven2/org/seleniumhq/selenium/selenium-bom/4.19.1/selenium-bom-4.19.1.pom
Progress (1): 1.1 kB
Progress (1): 6.0 kB
                    
Downloaded from central: https://repo.maven.apache.org/maven2/org/seleniumhq/selenium/selenium-bom/4.19.1/selenium-bom-4.19.1.pom (6.0 kB at 67 kB/s)
Downloading from central: https://repo.maven.apache.org/maven2/org/springframework/amqp/spring-amqp-bom/3.1.7/spring-amqp-bom-3.1.7.pom
Progress (1): 963 B
Progress (1): 3.9 kB
                    
Downloaded from central: https://repo.maven.apache.org/maven2/org/springframework/amqp/spring-amqp-bom/3.1.7/spring-amqp-bom-3.1.7.pom (3.9 kB at 43 kB/s)
Downloading from central: https://repo.maven.apache.org/maven2/org/springframework/batch/spring-batch-bom/5.1.2/spring-batch-bom-5.1.2.pom
Progress (1): 1.2 kB
Progress (1): 3.2 kB
                    
Downloaded from central: https://repo.maven.apache.org/maven2/org/springframework/batch/spring-batch-bom/5.1.2/spring-batch-bom-5.1.2.pom (3.2 kB at 33 kB/s)
Downloading from central: https://repo.maven.apache.org/maven2/org/springframework/data/spring-data-bom/2024.0.4/spring-data-bom-2024.0.4.pom
Progress (1): 964 B
Progress (1): 2.5 kB
Progress (1): 5.5 kB
                    
Downloaded from central: https://repo.maven.apache.org/maven2/org/springframework/data/spring-data-bom/2024.0.4/spring-data-bom-2024.0.4.pom (5.5 kB at 69 kB/s)
Downloading from central: https://repo.maven.apache.org/maven2/org/springframework/spring-framework-bom/6.1.13/spring-framework-bom-6.1.13.pom
Progress (1): 975 B
Progress (1): 5.8 kB
                    
Downloaded from central: https://repo.maven.apache.org/maven2/org/springframework/spring-framework-bom/6.1.13/spring-framework-bom-6.1.13.pom (5.8 kB at 72 kB/s)
Downloading from central: https://repo.maven.apache.org/maven2/org/springframework/integration/spring-integration-bom/6.3.4/spring-integration-bom-6.3.4.pom
Progress (1): 961 B
Progress (1): 6.7 kB
Progress (1): 10 kB 
                   
Downloaded from central: https://repo.maven.apache.org/maven2/org/springframework/integration/spring-integration-bom/6.3.4/spring-integration-bom-6.3.4.pom (10 kB at 128 kB/s)
Downloading from central: https://repo.maven.apache.org/maven2/org/springframework/pulsar/spring-pulsar-bom/1.1.4/spring-pulsar-bom-1.1.4.pom
Progress (1): 959 B
Progress (1): 2.9 kB
                    
Downloaded from central: https://repo.maven.apache.org/maven2/org/springframework/pulsar/spring-pulsar-bom/1.1.4/spring-pulsar-bom-1.1.4.pom (2.9 kB at 40 kB/s)
Downloading from central: https://repo.maven.apache.org/maven2/org/springframework/restdocs/spring-restdocs-bom/3.0.1/spring-restdocs-bom-3.0.1.pom
Progress (1): 1.1 kB
Progress (1): 2.6 kB
                    
Downloaded from central: https://repo.maven.apache.org/maven2/org/springframework/restdocs/spring-restdocs-bom/3.0.1/spring-restdocs-bom-3.0.1.pom (2.6 kB at 34 kB/s)
Downloading from central: https://repo.maven.apache.org/maven2/org/springframework/security/spring-security-bom/6.3.3/spring-security-bom-6.3.3.pom
Progress (1): 973 B
Progress (1): 5.3 kB
                    
Downloaded from central: https://repo.maven.apache.org/maven2/org/springframework/security/spring-security-bom/6.3.3/spring-security-bom-6.3.3.pom (5.3 kB at 72 kB/s)
Downloading from central: https://repo.maven.apache.org/maven2/org/springframework/session/spring-session-bom/3.3.2/spring-session-bom-3.3.2.pom
Progress (1): 1.0 kB
Progress (1): 2.9 kB
                    
Downloaded from central: https://repo.maven.apache.org/maven2/org/springframework/session/spring-session-bom/3.3.2/spring-session-bom-3.3.2.pom (2.9 kB at 40 kB/s)
Downloading from central: https://repo.maven.apache.org/maven2/org/springframework/ws/spring-ws-bom/4.0.11/spring-ws-bom-4.0.11.pom
Progress (1): 1.0 kB
Progress (1): 2.7 kB
Progress (1): 3.5 kB
                    
Downloaded from central: https://repo.maven.apache.org/maven2/org/springframework/ws/spring-ws-bom/4.0.11/spring-ws-bom-4.0.11.pom (3.5 kB at 42 kB/s)
Downloading from central: https://repo.maven.apache.org/maven2/org/testcontainers/testcontainers-bom/1.19.8/testcontainers-bom-1.19.8.pom
Progress (1): 1.2 kB
Progress (1): 10 kB 
                   
Downloaded from central: https://repo.maven.apache.org/maven2/org/testcontainers/testcontainers-bom/1.19.8/testcontainers-bom-1.19.8.pom (10 kB at 141 kB/s)
[INFO] 
[INFO] -----------------------< com.reparando:backend >------------------------
[INFO] Building reparando-backend 0.0.1-SNAPSHOT
[INFO]   from pom.xml
[INFO] --------------------------------[ jar ]---------------------------------
Downloading from central: https://repo.maven.apache.org/maven2/org/springframework/boot/spring-boot-maven-plugin/3.3.4/spring-boot-maven-plugin-3.3.4.pom
Progress (1): 1.3 kB
Progress (1): 4.0 kB
                    
Downloaded from central: https://repo.maven.apache.org/maven2/org/springframework/boot/spring-boot-maven-plugin/3.3.4/spring-boot-maven-plugin-3.3.4.pom (4.0 kB at 55 kB/s)
Downloading from central: https://repo.maven.apache.org/maven2/org/springframework/boot/spring-boot-maven-plugin/3.3.4/spring-boot-maven-plugin-3.3.4.jar
Progress (1): 7.7/137 kB
Progress (1): 16/137 kB 
Progress (1): 24/137 kB
Progress (1): 40/137 kB
Progress (1): 57/137 kB
Progress (1): 73/137 kB
Progress (1): 90/137 kB
Progress (1): 106/137 kB
Progress (1): 122/137 kB
Progress (1): 137 kB    
                    
Downloaded from central: https://repo.maven.apache.org/maven2/org/springframework/boot/spring-boot-maven-plugin/3.3.4/spring-boot-maven-plugin-3.3.4.jar (137 kB at 1.1 MB/s)
Downloading from central: https://repo.maven.apache.org/maven2/org/apache/maven/plugins/maven-resources-plugin/3.3.1/maven-resources-plugin-3.3.1.pom
Progress (1): 767 B
Progress (1): 2.2 kB
Progress (1): 4.9 kB
Progress (1): 7.5 kB
Progress (1): 8.2 kB
                    
Downloaded from central: https://repo.maven.apache.org/maven2/org/apache/maven/plugins/maven-resources-plugin/3.3.1/maven-resources-plugin-3.3.1.pom (8.2 kB at 113 kB/s)
Downloading from central: https://repo.maven.apache.org/maven2/org/apache/maven/plugins/maven-plugins/39/maven-plugins-39.pom
Progress (1): 773 B
Progress (1): 2.3 kB
Progress (1): 4.9 kB
Progress (1): 7.4 kB
Progress (1): 8.1 kB
                    
Downloaded from central: https://repo.maven.apache.org/maven2/org/apache/maven/plugins/maven-plugins/39/maven-plugins-39.pom (8.1 kB at 114 kB/s)
Downloading from central: https://repo.maven.apache.org/maven2/org/apache/maven/maven-parent/39/maven-parent-39.pom
Progress (1): 724 B
Progress (1): 1.9 kB
Progress (1): 5.5 kB
Progress (1): 9.8 kB
Progress (1): 14 kB 
Progress (1): 19 kB
Progress (1): 23 kB
Progress (1): 26 kB
Progress (1): 28 kB
Progress (1): 31 kB
Progress (1): 34 kB
Progress (1): 37 kB
Progress (1): 40 kB
Progress (1): 43 kB
Progress (1): 48 kB
                   
Downloaded from central: https://repo.maven.apache.org/maven2/org/apache/maven/maven-parent/39/maven-parent-39.pom (48 kB at 666 kB/s)
Downloading from central: https://repo.maven.apache.org/maven2/org/apache/maven/plugins/maven-resources-plugin/3.3.1/maven-resources-plugin-3.3.1.jar
Progress (1): 7.7/31 kB
Progress (1): 7.7/31 kB
Progress (1): 24/31 kB 
Progress (1): 31 kB   
                   
Downloaded from central: https://repo.maven.apache.org/maven2/org/apache/maven/plugins/maven-resources-plugin/3.3.1/maven-resources-plugin-3.3.1.jar (31 kB at 469 kB/s)
Downloading from central: https://repo.maven.apache.org/maven2/org/apache/maven/plugins/maven-compiler-plugin/3.13.0/maven-compiler-plugin-3.13.0.pom
Progress (1): 762 B
Progress (1): 2.2 kB
Progress (1): 5.0 kB
Progress (1): 8.5 kB
Progress (1): 10 kB 
                   
Downloaded from central: https://repo.maven.apache.org/maven2/org/apache/maven/plugins/maven-compiler-plugin/3.13.0/maven-compiler-plugin-3.13.0.pom (10 kB at 161 kB/s)
Downloading from central: https://repo.maven.apache.org/maven2/org/apache/maven/plugins/maven-plugins/41/maven-plugins-41.pom
Progress (1): 773 B
Progress (1): 2.4 kB
Progress (1): 4.9 kB
Progress (1): 7.4 kB
                    
Downloaded from central: https://repo.maven.apache.org/maven2/org/apache/maven/plugins/maven-plugins/41/maven-plugins-41.pom (7.4 kB at 119 kB/s)
Downloading from central: https://repo.maven.apache.org/maven2/org/apache/maven/maven-parent/41/maven-parent-41.pom
Progress (1): 724 B
Progress (1): 1.9 kB
Progress (1): 5.5 kB
Progress (1): 9.9 kB
Progress (1): 14 kB 
Progress (1): 19 kB
Progress (1): 23 kB
Progress (1): 27 kB
Progress (1): 28 kB
Progress (1): 31 kB
Progress (1): 34 kB
Progress (1): 37 kB
Progress (1): 40 kB
Progress (1): 43 kB
Progress (1): 48 kB
Progress (1): 48 kB
Progress (1): 50 kB
                   
Downloaded from central: https://repo.maven.apache.org/maven2/org/apache/maven/maven-parent/41/maven-parent-41.pom (50 kB at 744 kB/s)
Downloading from central: https://repo.maven.apache.org/maven2/org/apache/maven/plugins/maven-compiler-plugin/3.13.0/maven-compiler-plugin-3.13.0.jar
Progress (1): 8.2/83 kB
Progress (1): 25/83 kB 
Progress (1): 41/83 kB
Progress (1): 57/83 kB
Progress (1): 74/83 kB
Progress (1): 83 kB   
                   
Downloaded from central: https://repo.maven.apache.org/maven2/org/apache/maven/plugins/maven-compiler-plugin/3.13.0/maven-compiler-plugin-3.13.0.jar (83 kB at 1.0 MB/s)
Downloading from central: https://repo.maven.apache.org/maven2/org/apache/maven/plugins/maven-surefire-plugin/3.2.5/maven-surefire-plugin-3.2.5.pom
Progress (1): 834 B
Progress (1): 2.7 kB
Progress (1): 5.3 kB
                    
Downloaded from central: https://repo.maven.apache.org/maven2/org/apache/maven/plugins/maven-surefire-plugin/3.2.5/maven-surefire-plugin-3.2.5.pom (5.3 kB at 83 kB/s)
Downloading from central: https://repo.maven.apache.org/maven2/org/apache/maven/surefire/surefire/3.2.5/surefire-3.2.5.pom
Progress (1): 787 B
Progress (1): 2.4 kB
Progress (1): 4.1 kB
Progress (1): 7.9 kB
Progress (1): 12 kB 
Progress (1): 14 kB
Progress (1): 17 kB
Progress (1): 20 kB
Progress (1): 22 kB
                   
Downloaded from central: https://repo.maven.apache.org/maven2/org/apache/maven/surefire/surefire/3.2.5/surefire-3.2.5.pom (22 kB at 301 kB/s)
Downloading from central: https://repo.maven.apache.org/maven2/org/junit/junit-bom/5.9.3/junit-bom-5.9.3.pom
Progress (1): 907 B
Progress (1): 4.1 kB
Progress (1): 5.6 kB
                    
Downloaded from central: https://repo.maven.apache.org/maven2/org/junit/junit-bom/5.9.3/junit-bom-5.9.3.pom (5.6 kB at 80 kB/s)
Downloading from central: https://repo.maven.apache.org/maven2/org/apache/maven/plugins/maven-surefire-plugin/3.2.5/maven-surefire-plugin-3.2.5.jar
Progress (1): 7.7/45 kB
Progress (1): 16/45 kB 
Progress (1): 32/45 kB
Progress (1): 45 kB   
                   
Downloaded from central: https://repo.maven.apache.org/maven2/org/apache/maven/plugins/maven-surefire-plugin/3.2.5/maven-surefire-plugin-3.2.5.jar (45 kB at 637 kB/s)
Downloading from central: https://repo.maven.apache.org/maven2/org/springframework/boot/spring-boot-starter-webflux/3.3.4/spring-boot-starter-webflux-3.3.4.pom
Progress (1): 956 B
Progress (1): 2.9 kB
                    
Downloaded from central: https://repo.maven.apache.org/maven2/org/springframework/boot/spring-boot-starter-webflux/3.3.4/spring-boot-starter-webflux-3.3.4.pom (2.9 kB at 47 kB/s)
Downloading from central: https://repo.maven.apache.org/maven2/org/springframework/boot/spring-boot-starter/3.3.4/spring-boot-starter-3.3.4.pom
Progress (1): 947 B
Progress (1): 3.0 kB
                    
Downloaded from central: https://repo.maven.apache.org/maven2/org/springframework/boot/spring-boot-starter/3.3.4/spring-boot-starter-3.3.4.pom (3.0 kB at 19 kB/s)
Downloading from central: https://repo.maven.apache.org/maven2/org/springframework/boot/spring-boot/3.3.4/spring-boot-3.3.4.pom
Progress (1): 1.0 kB
Progress (1): 2.2 kB
                    
Downloaded from central: https://repo.maven.apache.org/maven2/org/springframework/boot/spring-boot/3.3.4/spring-boot-3.3.4.pom (2.2 kB at 31 kB/s)
Downloading from central: https://repo.maven.apache.org/maven2/org/springframework/spring-core/6.1.13/spring-core-6.1.13.pom
Progress (1): 1.1 kB
Progress (1): 2.0 kB
                    
Downloaded from central: https://repo.maven.apache.org/maven2/org/springframework/spring-core/6.1.13/spring-core-6.1.13.pom (2.0 kB at 30 kB/s)
Downloading from central: https://repo.maven.apache.org/maven2/org/springframework/spring-jcl/6.1.13/spring-jcl-6.1.13.pom
Progress (1): 1.1 kB
Progress (1): 1.8 kB
                    
Downloaded from central: https://repo.maven.apache.org/maven2/org/springframework/spring-jcl/6.1.13/spring-jcl-6.1.13.pom (1.8 kB at 25 kB/s)
Downloading from central: https://repo.maven.apache.org/maven2/org/springframework/spring-context/6.1.13/spring-context-6.1.13.pom
Progress (1): 1.1 kB
Progress (1): 2.8 kB
                    
Downloaded from central: https://repo.maven.apache.org/maven2/org/springframework/spring-context/6.1.13/spring-context-6.1.13.pom (2.8 kB at 42 kB/s)
Downloading from central: https://repo.maven.apache.org/maven2/org/springframework/spring-aop/6.1.13/spring-aop-6.1.13.pom
Progress (1): 1.1 kB
Progress (1): 2.2 kB
                    
Downloaded from central: https://repo.maven.apache.org/maven2/org/springframework/spring-aop/6.1.13/spring-aop-6.1.13.pom (2.2 kB at 35 kB/s)
Downloading from central: https://repo.maven.apache.org/maven2/org/springframework/spring-beans/6.1.13/spring-beans-6.1.13.pom
Progress (1): 1.1 kB
Progress (1): 2.0 kB
                    
Downloaded from central: https://repo.maven.apache.org/maven2/org/springframework/spring-beans/6.1.13/spring-beans-6.1.13.pom (2.0 kB at 29 kB/s)
Downloading from central: https://repo.maven.apache.org/maven2/org/springframework/spring-expression/6.1.13/spring-expression-6.1.13.pom
Progress (1): 1.1 kB
Progress (1): 2.1 kB
                    
Downloaded from central: https://repo.maven.apache.org/maven2/org/springframework/spring-expression/6.1.13/spring-expression-6.1.13.pom (2.1 kB at 31 kB/s)
Downloading from central: https://repo.maven.apache.org/maven2/io/micrometer/micrometer-observation/1.13.4/micrometer-observation-1.13.4.pom
Progress (1): 1.1 kB
Progress (1): 3.4 kB
Progress (1): 3.8 kB
                    
Downloaded from central: https://repo.maven.apache.org/maven2/io/micrometer/micrometer-observation/1.13.4/micrometer-observation-1.13.4.pom (3.8 kB at 48 kB/s)
Downloading from central: https://repo.maven.apache.org/maven2/io/micrometer/micrometer-commons/1.13.4/micrometer-commons-1.13.4.pom
Progress (1): 1.1 kB
Progress (1): 3.0 kB
Progress (1): 3.4 kB
                    
Downloaded from central: https://repo.maven.apache.org/maven2/io/micrometer/micrometer-commons/1.13.4/micrometer-commons-1.13.4.pom (3.4 kB at 43 kB/s)
Downloading from central: https://repo.maven.apache.org/maven2/org/springframework/boot/spring-boot-autoconfigure/3.3.4/spring-boot-autoconfigure-3.3.4.pom
Progress (1): 1.0 kB
Progress (1): 2.1 kB
                    
Downloaded from central: https://repo.maven.apache.org/maven2/org/springframework/boot/spring-boot-autoconfigure/3.3.4/spring-boot-autoconfigure-3.3.4.pom (2.1 kB at 28 kB/s)
Downloading from central: https://repo.maven.apache.org/maven2/org/springframework/boot/spring-boot-starter-logging/3.3.4/spring-boot-starter-logging-3.3.4.pom
Progress (1): 984 B
Progress (1): 2.5 kB
                    
Downloaded from central: https://repo.maven.apache.org/maven2/org/springframework/boot/spring-boot-starter-logging/3.3.4/spring-boot-starter-logging-3.3.4.pom (2.5 kB at 32 kB/s)
Downloading from central: https://repo.maven.apache.org/maven2/ch/qos/logback/logback-classic/1.5.8/logback-classic-1.5.8.pom
Progress (1): 1.7 kB
Progress (1): 4.8 kB
Progress (1): 8.2 kB
Progress (1): 11 kB 
Progress (1): 13 kB
Progress (1): 13 kB
                   
Downloaded from central: https://repo.maven.apache.org/maven2/ch/qos/logback/logback-classic/1.5.8/logback-classic-1.5.8.pom (13 kB at 169 kB/s)
Downloading from central: https://repo.maven.apache.org/maven2/ch/qos/logback/logback-parent/1.5.8/logback-parent-1.5.8.pom
Progress (1): 1.1 kB
Progress (1): 2.7 kB
Progress (1): 5.0 kB
Progress (1): 10 kB 
Progress (1): 14 kB
Progress (1): 17 kB
Progress (1): 18 kB
                   
Downloaded from central: https://repo.maven.apache.org/maven2/ch/qos/logback/logback-parent/1.5.8/logback-parent-1.5.8.pom (18 kB at 248 kB/s)
Downloading from central: https://repo.maven.apache.org/maven2/ch/qos/logback/logback-core/1.5.8/logback-core-1.5.8.pom
Progress (1): 1.8 kB
Progress (1): 5.1 kB
Progress (1): 7.9 kB
                    
Downloaded from central: https://repo.maven.apache.org/maven2/ch/qos/logback/logback-core/1.5.8/logback-core-1.5.8.pom (7.9 kB at 118 kB/s)
Downloading from central: https://repo.maven.apache.org/maven2/org/slf4j/slf4j-api/2.0.16/slf4j-api-2.0.16.pom
Progress (1): 1.1 kB
Progress (1): 2.8 kB
                    
Downloaded from central: https://repo.maven.apache.org/maven2/org/slf4j/slf4j-api/2.0.16/slf4j-api-2.0.16.pom (2.8 kB at 41 kB/s)
Downloading from central: https://repo.maven.apache.org/maven2/org/slf4j/slf4j-parent/2.0.16/slf4j-parent-2.0.16.pom
Progress (1): 1.0 kB
Progress (1): 3.3 kB
Progress (1): 5.9 kB
Progress (1): 8.1 kB
Progress (1): 11 kB 
Progress (1): 13 kB
                   
Downloaded from central: https://repo.maven.apache.org/maven2/org/slf4j/slf4j-parent/2.0.16/slf4j-parent-2.0.16.pom (13 kB at 188 kB/s)
Downloading from central: https://repo.maven.apache.org/maven2/org/slf4j/slf4j-bom/2.0.16/slf4j-bom-2.0.16.pom
Progress (1): 1.0 kB
Progress (1): 4.6 kB
Progress (1): 7.3 kB
Progress (1): 7.3 kB
                    
Downloaded from central: https://repo.maven.apache.org/maven2/org/slf4j/slf4j-bom/2.0.16/slf4j-bom-2.0.16.pom (7.3 kB at 103 kB/s)
Downloading from central: https://repo.maven.apache.org/maven2/org/apache/logging/log4j/log4j-to-slf4j/2.23.1/log4j-to-slf4j-2.23.1.pom
Progress (1): 824 B
Progress (1): 2.7 kB
Progress (1): 4.4 kB
                    
Downloaded from central: https://repo.maven.apache.org/maven2/org/apache/logging/log4j/log4j-to-slf4j/2.23.1/log4j-to-slf4j-2.23.1.pom (4.4 kB at 62 kB/s)
Downloading from central: https://repo.maven.apache.org/maven2/org/apache/logging/log4j/log4j/2.23.1/log4j-2.23.1.pom
Progress (1): 721 B
Progress (1): 2.1 kB
Progress (1): 4.0 kB
Progress (1): 5.9 kB
Progress (1): 10 kB 
Progress (1): 16 kB
Progress (1): 24 kB
Progress (1): 31 kB
Progress (1): 35 kB
Progress (1): 37 kB
                   
Downloaded from central: https://repo.maven.apache.org/maven2/org/apache/logging/log4j/log4j/2.23.1/log4j-2.23.1.pom (37 kB at 368 kB/s)
Downloading from central: https://repo.maven.apache.org/maven2/org/codehaus/groovy/groovy-bom/3.0.21/groovy-bom-3.0.21.pom
Progress (1): 959 B
Progress (1): 4.4 kB
Progress (1): 8.1 kB
Progress (1): 12 kB 
Progress (1): 15 kB
Progress (1): 19 kB
Progress (1): 23 kB
Progress (1): 26 kB
                   
Downloaded from central: https://repo.maven.apache.org/maven2/org/codehaus/groovy/groovy-bom/3.0.21/groovy-bom-3.0.21.pom (26 kB at 395 kB/s)
Downloading from central: https://repo.maven.apache.org/maven2/com/fasterxml/jackson/jackson-bom/2.16.1/jackson-bom-2.16.1.pom
Progress (1): 972 B
Progress (1): 2.8 kB
Progress (1): 7.5 kB
Progress (1): 16 kB 
Progress (1): 18 kB
                   
Downloaded from central: https://repo.maven.apache.org/maven2/com/fasterxml/jackson/jackson-bom/2.16.1/jackson-bom-2.16.1.pom (18 kB at 250 kB/s)
Downloading from central: https://repo.maven.apache.org/maven2/com/fasterxml/jackson/jackson-parent/2.16/jackson-parent-2.16.pom
Progress (1): 1.1 kB
Progress (1): 2.5 kB
Progress (1): 4.0 kB
Progress (1): 6.5 kB
                    
Downloaded from central: https://repo.maven.apache.org/maven2/com/fasterxml/jackson/jackson-parent/2.16/jackson-parent-2.16.pom (6.5 kB at 95 kB/s)
Downloading from central: https://repo.maven.apache.org/maven2/com/fasterxml/oss-parent/56/oss-parent-56.pom
Progress (1): 949 B
Progress (1): 2.6 kB
Progress (1): 4.0 kB
Progress (1): 6.6 kB
Progress (1): 9.7 kB
Progress (1): 12 kB 
Progress (1): 15 kB
Progress (1): 18 kB
Progress (1): 21 kB
Progress (1): 24 kB
                   
Downloaded from central: https://repo.maven.apache.org/maven2/com/fasterxml/oss-parent/56/oss-parent-56.pom (24 kB at 277 kB/s)
Downloading from central: https://repo.maven.apache.org/maven2/jakarta/platform/jakarta.jakartaee-bom/9.1.0/jakarta.jakartaee-bom-9.1.0.pom
Progress (1): 848 B
Progress (1): 4.7 kB
Progress (1): 9.6 kB
                    
Downloaded from central: https://repo.maven.apache.org/maven2/jakarta/platform/jakarta.jakartaee-bom/9.1.0/jakarta.jakartaee-bom-9.1.0.pom (9.6 kB at 131 kB/s)
Downloading from central: https://repo.maven.apache.org/maven2/jakarta/platform/jakartaee-api-parent/9.1.0/jakartaee-api-parent-9.1.0.pom
Progress (1): 823 B
Progress (1): 3.1 kB
Progress (1): 5.9 kB
Progress (1): 11 kB 
Progress (1): 14 kB
Progress (1): 15 kB
                   
Downloaded from central: https://repo.maven.apache.org/maven2/jakarta/platform/jakartaee-api-parent/9.1.0/jakartaee-api-parent-9.1.0.pom (15 kB at 206 kB/s)
Downloading from central: https://repo.maven.apache.org/maven2/org/eclipse/ee4j/project/1.0.7/project-1.0.7.pom
Progress (1): 837 B
Progress (1): 2.5 kB
Progress (1): 5.0 kB
Progress (1): 8.0 kB
Progress (1): 13 kB 
Progress (1): 14 kB
                   
Downloaded from central: https://repo.maven.apache.org/maven2/org/eclipse/ee4j/project/1.0.7/project-1.0.7.pom (14 kB at 97 kB/s)
Downloading from central: https://repo.maven.apache.org/maven2/org/eclipse/jetty/jetty-bom/9.4.54.v20240208/jetty-bom-9.4.54.v20240208.pom
Progress (1): 1.1 kB
Progress (1): 4.6 kB
Progress (1): 11 kB 
Progress (1): 18 kB
                   
Downloaded from central: https://repo.maven.apache.org/maven2/org/eclipse/jetty/jetty-bom/9.4.54.v20240208/jetty-bom-9.4.54.v20240208.pom (18 kB at 252 kB/s)
Downloading from central: https://repo.maven.apache.org/maven2/org/junit/junit-bom/5.10.2/junit-bom-5.10.2.pom
Progress (1): 908 B
Progress (1): 4.1 kB
Progress (1): 5.6 kB
                    
Downloaded from central: https://repo.maven.apache.org/maven2/org/junit/junit-bom/5.10.2/junit-bom-5.10.2.pom (5.6 kB at 82 kB/s)
Downloading from central: https://repo.maven.apache.org/maven2/io/fabric8/kubernetes-client-bom/5.12.4/kubernetes-client-bom-5.12.4.pom
Progress (1): 1.2 kB
Progress (1): 13 kB 
Progress (1): 26 kB
                   
Downloaded from central: https://repo.maven.apache.org/maven2/io/fabric8/kubernetes-client-bom/5.12.4/kubernetes-client-bom-5.12.4.pom (26 kB at 401 kB/s)
Downloading from central: https://repo.maven.apache.org/maven2/org/mockito/mockito-bom/4.11.0/mockito-bom-4.11.0.pom
Progress (1): 1.4 kB
Progress (1): 3.2 kB
                    
Downloaded from central: https://repo.maven.apache.org/maven2/org/mockito/mockito-bom/4.11.0/mockito-bom-4.11.0.pom (3.2 kB at 48 kB/s)
Downloading from central: https://repo.maven.apache.org/maven2/io/netty/netty-bom/4.1.107.Final/netty-bom-4.1.107.Final.pom
Progress (1): 791 B
Progress (1): 2.4 kB
Progress (1): 7.7 kB
Progress (1): 14 kB 
                   
Downloaded from central: https://repo.maven.apache.org/maven2/io/netty/netty-bom/4.1.107.Final/netty-bom-4.1.107.Final.pom (14 kB at 186 kB/s)
Downloading from central: https://repo.maven.apache.org/maven2/org/springframework/spring-framework-bom/5.3.32/spring-framework-bom-5.3.32.pom
Progress (1): 974 B
Progress (1): 5.7 kB
                    
Downloaded from central: https://repo.maven.apache.org/maven2/org/springframework/spring-framework-bom/5.3.32/spring-framework-bom-5.3.32.pom (5.7 kB at 83 kB/s)
Downloading from central: https://repo.maven.apache.org/maven2/org/apache/logging/log4j/log4j-api/2.23.1/log4j-api-2.23.1.pom
Progress (1): 823 B
Progress (1): 2.4 kB
Progress (1): 3.8 kB
                    
Downloaded from central: https://repo.maven.apache.org/maven2/org/apache/logging/log4j/log4j-api/2.23.1/log4j-api-2.23.1.pom (3.8 kB at 52 kB/s)
Downloading from central: https://repo.maven.apache.org/maven2/org/slf4j/jul-to-slf4j/2.0.16/jul-to-slf4j-2.0.16.pom
Progress (1): 1.1 kB
                    
Downloaded from central: https://repo.maven.apache.org/maven2/org/slf4j/jul-to-slf4j/2.0.16/jul-to-slf4j-2.0.16.pom (1.1 kB at 16 kB/s)
Downloading from central: https://repo.maven.apache.org/maven2/jakarta/annotation/jakarta.annotation-api/2.1.1/jakarta.annotation-api-2.1.1.pom
Progress (1): 828 B
Progress (1): 2.8 kB
Progress (1): 5.9 kB
Progress (1): 9.9 kB
Progress (1): 13 kB 
Progress (1): 16 kB
                   
Downloaded from central: https://repo.maven.apache.org/maven2/jakarta/annotation/jakarta.annotation-api/2.1.1/jakarta.annotation-api-2.1.1.pom (16 kB at 182 kB/s)
Downloading from central: https://repo.maven.apache.org/maven2/org/yaml/snakeyaml/2.2/snakeyaml-2.2.pom
Progress (1): 1.2 kB
Progress (1): 3.0 kB
Progress (1): 6.9 kB
Progress (1): 11 kB 
Progress (1): 15 kB
Progress (1): 20 kB
Progress (1): 21 kB
                   
Downloaded from central: https://repo.maven.apache.org/maven2/org/yaml/snakeyaml/2.2/snakeyaml-2.2.pom (21 kB at 229 kB/s)
Downloading from central: https://repo.maven.apache.org/maven2/org/springframework/boot/spring-boot-starter-json/3.3.4/spring-boot-starter-json-3.3.4.pom
Progress (1): 975 B
Progress (1): 3.1 kB
                    
Downloaded from central: https://repo.maven.apache.org/maven2/org/springframework/boot/spring-boot-starter-json/3.3.4/spring-boot-starter-json-3.3.4.pom (3.1 kB at 41 kB/s)
Downloading from central: https://repo.maven.apache.org/maven2/org/springframework/spring-web/6.1.13/spring-web-6.1.13.pom
Progress (1): 1.1 kB
Progress (1): 2.4 kB
                    
Downloaded from central: https://repo.maven.apache.org/maven2/org/springframework/spring-web/6.1.13/spring-web-6.1.13.pom (2.4 kB at 34 kB/s)
Downloading from central: https://repo.maven.apache.org/maven2/com/fasterxml/jackson/core/jackson-databind/2.17.2/jackson-databind-2.17.2.pom
Progress (1): 973 B
Progress (1): 2.4 kB
Progress (1): 4.0 kB
Progress (1): 6.2 kB
Progress (1): 8.0 kB
Progress (1): 10 kB 
Progress (1): 12 kB
Progress (1): 18 kB
Progress (1): 19 kB
Progress (1): 21 kB
Progress (1): 21 kB
                   
Downloaded from central: https://repo.maven.apache.org/maven2/com/fasterxml/jackson/core/jackson-databind/2.17.2/jackson-databind-2.17.2.pom (21 kB at 308 kB/s)
Downloading from central: https://repo.maven.apache.org/maven2/com/fasterxml/jackson/jackson-base/2.17.2/jackson-base-2.17.2.pom
Progress (1): 923 B
Progress (1): 2.4 kB
Progress (1): 4.3 kB
Progress (1): 6.3 kB
Progress (1): 8.5 kB
Progress (1): 11 kB 
Progress (1): 12 kB
                   
Downloaded from central: https://repo.maven.apache.org/maven2/com/fasterxml/jackson/jackson-base/2.17.2/jackson-base-2.17.2.pom (12 kB at 168 kB/s)
Downloading from central: https://repo.maven.apache.org/maven2/com/fasterxml/jackson/core/jackson-annotations/2.17.2/jackson-annotations-2.17.2.pom
Progress (1): 946 B
Progress (1): 2.4 kB
Progress (1): 3.9 kB
Progress (1): 6.3 kB
Progress (1): 7.1 kB
                    
Downloaded from central: https://repo.maven.apache.org/maven2/com/fasterxml/jackson/core/jackson-annotations/2.17.2/jackson-annotations-2.17.2.pom (7.1 kB at 95 kB/s)
Downloading from central: https://repo.maven.apache.org/maven2/com/fasterxml/jackson/core/jackson-core/2.17.2/jackson-core-2.17.2.pom
Progress (1): 981 B
Progress (1): 2.9 kB
Progress (1): 6.8 kB
Progress (1): 9.4 kB
Progress (1): 9.6 kB
                    
Downloaded from central: https://repo.maven.apache.org/maven2/com/fasterxml/jackson/core/jackson-core/2.17.2/jackson-core-2.17.2.pom (9.6 kB at 134 kB/s)
Downloading from central: https://repo.maven.apache.org/maven2/com/fasterxml/jackson/datatype/jackson-datatype-jdk8/2.17.2/jackson-datatype-jdk8-2.17.2.pom
Progress (1): 1.0 kB
Progress (1): 2.6 kB
                    
Downloaded from central: https://repo.maven.apache.org/maven2/com/fasterxml/jackson/datatype/jackson-datatype-jdk8/2.17.2/jackson-datatype-jdk8-2.17.2.pom (2.6 kB at 29 kB/s)
Downloading from central: https://repo.maven.apache.org/maven2/com/fasterxml/jackson/module/jackson-modules-java8/2.17.2/jackson-modules-java8-2.17.2.pom
Progress (1): 1.4 kB
Progress (1): 3.1 kB
                    
Downloaded from central: https://repo.maven.apache.org/maven2/com/fasterxml/jackson/module/jackson-modules-java8/2.17.2/jackson-modules-java8-2.17.2.pom (3.1 kB at 42 kB/s)
Downloading from central: https://repo.maven.apache.org/maven2/com/fasterxml/jackson/datatype/jackson-datatype-jsr310/2.17.2/jackson-datatype-jsr310-2.17.2.pom
Progress (1): 983 B
Progress (1): 2.4 kB
Progress (1): 4.6 kB
Progress (1): 4.9 kB
                    
Downloaded from central: https://repo.maven.apache.org/maven2/com/fasterxml/jackson/datatype/jackson-datatype-jsr310/2.17.2/jackson-datatype-jsr310-2.17.2.pom (4.9 kB at 65 kB/s)
Downloading from central: https://repo.maven.apache.org/maven2/com/fasterxml/jackson/module/jackson-module-parameter-names/2.17.2/jackson-module-parameter-names-2.17.2.pom
Progress (1): 973 B
Progress (1): 2.8 kB
Progress (1): 4.2 kB
                    
Downloaded from central: https://repo.maven.apache.org/maven2/com/fasterxml/jackson/module/jackson-module-parameter-names/2.17.2/jackson-module-parameter-names-2.17.2.pom (4.2 kB at 60 kB/s)
Downloading from central: https://repo.maven.apache.org/maven2/org/springframework/boot/spring-boot-starter-reactor-netty/3.3.4/spring-boot-starter-reactor-netty-3.3.4.pom
Progress (1): 980 B
Progress (1): 2.1 kB
                    
Downloaded from central: https://repo.maven.apache.org/maven2/org/springframework/boot/spring-boot-starter-reactor-netty/3.3.4/spring-boot-starter-reactor-netty-3.3.4.pom (2.1 kB at 28 kB/s)
Downloading from central: https://repo.maven.apache.org/maven2/io/projectreactor/netty/reactor-netty-http/1.1.22/reactor-netty-http-1.1.22.pom
Progress (1): 1.1 kB
Progress (1): 4.3 kB
                    
Downloaded from central: https://repo.maven.apache.org/maven2/io/projectreactor/netty/reactor-netty-http/1.1.22/reactor-netty-http-1.1.22.pom (4.3 kB at 63 kB/s)
Downloading from central: https://repo.maven.apache.org/maven2/io/netty/netty-codec-http/4.1.113.Final/netty-codec-http-4.1.113.Final.pom
Progress (1): 810 B
Progress (1): 4.3 kB
Progress (1): 4.4 kB
                    
Downloaded from central: https://repo.maven.apache.org/maven2/io/netty/netty-codec-http/4.1.113.Final/netty-codec-http-4.1.113.Final.pom (4.4 kB at 51 kB/s)
Downloading from central: https://repo.maven.apache.org/maven2/io/netty/netty-parent/4.1.113.Final/netty-parent-4.1.113.Final.pom
Progress (1): 736 B
Progress (1): 2.1 kB
Progress (1): 4.2 kB
Progress (1): 7.0 kB
Progress (1): 9.1 kB
Progress (1): 22 kB 
Progress (1): 26 kB
Progress (1): 28 kB
Progress (1): 29 kB
Progress (1): 32 kB
Progress (1): 35 kB
Progress (1): 40 kB
Progress (1): 44 kB
Progress (1): 48 kB
Progress (1): 51 kB
Progress (1): 51 kB
Progress (1): 55 kB
Progress (1): 58 kB
Progress (1): 60 kB
Progress (1): 63 kB
Progress (1): 66 kB
Progress (1): 68 kB
Progress (1): 71 kB
Progress (1): 73 kB
Progress (1): 75 kB
Progress (1): 79 kB
Progress (1): 82 kB
Progress (1): 88 kB
Progress (1): 90 kB
                   
Downloaded from central: https://repo.maven.apache.org/maven2/io/netty/netty-parent/4.1.113.Final/netty-parent-4.1.113.Final.pom (90 kB at 1.1 MB/s)
Downloading from central: https://repo.maven.apache.org/maven2/org/sonatype/oss/oss-parent/9/oss-parent-9.pom
Progress (1): 838 B
Progress (1): 2.7 kB
Progress (1): 6.5 kB
Progress (1): 6.6 kB
                    
Downloaded from central: https://repo.maven.apache.org/maven2/org/sonatype/oss/oss-parent/9/oss-parent-9.pom (6.6 kB at 93 kB/s)
Downloading from central: https://repo.maven.apache.org/maven2/io/netty/netty-common/4.1.113.Final/netty-common-4.1.113.Final.pom
Progress (1): 1.3 kB
Progress (1): 4.8 kB
Progress (1): 7.7 kB
Progress (1): 12 kB 
                   
Downloaded from central: https://repo.maven.apache.org/maven2/io/netty/netty-common/4.1.113.Final/netty-common-4.1.113.Final.pom (12 kB at 147 kB/s)
Downloading from central: https://repo.maven.apache.org/maven2/io/netty/netty-buffer/4.1.113.Final/netty-buffer-4.1.113.Final.pom
Progress (1): 885 B
Progress (1): 1.6 kB
                    
Downloaded from central: https://repo.maven.apache.org/maven2/io/netty/netty-buffer/4.1.113.Final/netty-buffer-4.1.113.Final.pom (1.6 kB at 19 kB/s)
Downloading from central: https://repo.maven.apache.org/maven2/io/netty/netty-transport/4.1.113.Final/netty-transport-4.1.113.Final.pom
Progress (1): 859 B
Progress (1): 2.2 kB
                    
Downloaded from central: https://repo.maven.apache.org/maven2/io/netty/netty-transport/4.1.113.Final/netty-transport-4.1.113.Final.pom (2.2 kB at 25 kB/s)
Downloading from central: https://repo.maven.apache.org/maven2/io/netty/netty-resolver/4.1.113.Final/netty-resolver-4.1.113.Final.pom
Progress (1): 885 B
Progress (1): 1.6 kB
                    
Downloaded from central: https://repo.maven.apache.org/maven2/io/netty/netty-resolver/4.1.113.Final/netty-resolver-4.1.113.Final.pom (1.6 kB at 21 kB/s)
Downloading from central: https://repo.maven.apache.org/maven2/io/netty/netty-codec/4.1.113.Final/netty-codec-4.1.113.Final.pom
Progress (1): 807 B
Progress (1): 4.5 kB
Progress (1): 5.5 kB
                    
Downloaded from central: https://repo.maven.apache.org/maven2/io/netty/netty-codec/4.1.113.Final/netty-codec-4.1.113.Final.pom (5.5 kB at 74 kB/s)
Downloading from central: https://repo.maven.apache.org/maven2/io/netty/netty-handler/4.1.113.Final/netty-handler-4.1.113.Final.pom
Progress (1): 800 B
Progress (1): 3.9 kB
Progress (1): 4.6 kB
                    
Downloaded from central: https://repo.maven.apache.org/maven2/io/netty/netty-handler/4.1.113.Final/netty-handler-4.1.113.Final.pom (4.6 kB at 54 kB/s)
Downloading from central: https://repo.maven.apache.org/maven2/io/netty/netty-transport-native-unix-common/4.1.113.Final/netty-transport-native-unix-common-4.1.113.Final.pom
Progress (1): 773 B
Progress (1): 2.2 kB
Progress (1): 4.3 kB
Progress (1): 6.8 kB
Progress (1): 15 kB 
Progress (1): 33 kB
                   
Downloaded from central: https://repo.maven.apache.org/maven2/io/netty/netty-transport-native-unix-common/4.1.113.Final/netty-transport-native-unix-common-4.1.113.Final.pom (33 kB at 331 kB/s)
Downloading from central: https://repo.maven.apache.org/maven2/io/netty/netty-codec-http2/4.1.113.Final/netty-codec-http2-4.1.113.Final.pom
Progress (1): 801 B
Progress (1): 3.4 kB
Progress (1): 5.2 kB
                    
Downloaded from central: https://repo.maven.apache.org/maven2/io/netty/netty-codec-http2/4.1.113.Final/netty-codec-http2-4.1.113.Final.pom (5.2 kB at 75 kB/s)
Downloading from central: https://repo.maven.apache.org/maven2/io/netty/netty-resolver-dns/4.1.113.Final/netty-resolver-dns-4.1.113.Final.pom
Progress (1): 810 B
Progress (1): 3.4 kB
Progress (1): 3.7 kB
                    
Downloaded from central: https://repo.maven.apache.org/maven2/io/netty/netty-resolver-dns/4.1.113.Final/netty-resolver-dns-4.1.113.Final.pom (3.7 kB at 48 kB/s)
Downloading from central: https://repo.maven.apache.org/maven2/io/netty/netty-codec-dns/4.1.113.Final/netty-codec-dns-4.1.113.Final.pom
Progress (1): 850 B
Progress (1): 2.7 kB
                    
Downloaded from central: https://repo.maven.apache.org/maven2/io/netty/netty-codec-dns/4.1.113.Final/netty-codec-dns-4.1.113.Final.pom (2.7 kB at 41 kB/s)
Downloading from central: https://repo.maven.apache.org/maven2/io/netty/netty-resolver-dns-native-macos/4.1.113.Final/netty-resolver-dns-native-macos-4.1.113.Final.pom
Progress (1): 767 B
Progress (1): 2.1 kB
Progress (1): 4.4 kB
Progress (1): 6.5 kB
Progress (1): 18 kB 
Progress (1): 18 kB
                   
Downloaded from central: https://repo.maven.apache.org/maven2/io/netty/netty-resolver-dns-native-macos/4.1.113.Final/netty-resolver-dns-native-macos-4.1.113.Final.pom (18 kB at 245 kB/s)
Downloading from central: https://repo.maven.apache.org/maven2/io/netty/netty-resolver-dns-classes-macos/4.1.113.Final/netty-resolver-dns-classes-macos-4.1.113.Final.pom
Progress (1): 859 B
Progress (1): 2.0 kB
                    
Downloaded from central: https://repo.maven.apache.org/maven2/io/netty/netty-resolver-dns-classes-macos/4.1.113.Final/netty-resolver-dns-classes-macos-4.1.113.Final.pom (2.0 kB at 31 kB/s)
Downloading from central: https://repo.maven.apache.org/maven2/io/netty/netty-transport-native-epoll/4.1.113.Final/netty-transport-native-epoll-4.1.113.Final.pom
Progress (1): 752 B
Progress (1): 2.1 kB
Progress (1): 3.4 kB
Progress (1): 5.9 kB
Progress (1): 8.6 kB
Progress (1): 18 kB 
Progress (1): 26 kB
Progress (1): 27 kB
                   
Downloaded from central: https://repo.maven.apache.org/maven2/io/netty/netty-transport-native-epoll/4.1.113.Final/netty-transport-native-epoll-4.1.113.Final.pom (27 kB at 342 kB/s)
Downloading from central: https://repo.maven.apache.org/maven2/io/netty/netty-transport-classes-epoll/4.1.113.Final/netty-transport-classes-epoll-4.1.113.Final.pom
Progress (1): 859 B
Progress (1): 2.1 kB
                    
Downloaded from central: https://repo.maven.apache.org/maven2/io/netty/netty-transport-classes-epoll/4.1.113.Final/netty-transport-classes-epoll-4.1.113.Final.pom (2.1 kB at 32 kB/s)
Downloading from central: https://repo.maven.apache.org/maven2/io/projectreactor/netty/reactor-netty-core/1.1.22/reactor-netty-core-1.1.22.pom
Progress (1): 1.2 kB
Progress (1): 3.9 kB
                    
Downloaded from central: https://repo.maven.apache.org/maven2/io/projectreactor/netty/reactor-netty-core/1.1.22/reactor-netty-core-1.1.22.pom (3.9 kB at 58 kB/s)
Downloading from central: https://repo.maven.apache.org/maven2/io/netty/netty-handler-proxy/4.1.113.Final/netty-handler-proxy-4.1.113.Final.pom
Progress (1): 815 B
Progress (1): 3.3 kB
Progress (1): 3.6 kB
                    
Downloaded from central: https://repo.maven.apache.org/maven2/io/netty/netty-handler-proxy/4.1.113.Final/netty-handler-proxy-4.1.113.Final.pom (3.6 kB at 53 kB/s)
Downloading from central: https://repo.maven.apache.org/maven2/io/netty/netty-codec-socks/4.1.113.Final/netty-codec-socks-4.1.113.Final.pom
Progress (1): 850 B
Progress (1): 2.5 kB
                    
Downloaded from central: https://repo.maven.apache.org/maven2/io/netty/netty-codec-socks/4.1.113.Final/netty-codec-socks-4.1.113.Final.pom (2.5 kB at 37 kB/s)
Downloading from central: https://repo.maven.apache.org/maven2/io/projectreactor/reactor-core/3.6.10/reactor-core-3.6.10.pom
Progress (1): 1.1 kB
Progress (1): 2.1 kB
                    
Downloaded from central: https://repo.maven.apache.org/maven2/io/projectreactor/reactor-core/3.6.10/reactor-core-3.6.10.pom (2.1 kB at 32 kB/s)
Downloading from central: https://repo.maven.apache.org/maven2/org/reactivestreams/reactive-streams/1.0.4/reactive-streams-1.0.4.pom
Progress (1): 1.1 kB
                    
Downloaded from central: https://repo.maven.apache.org/maven2/org/reactivestreams/reactive-streams/1.0.4/reactive-streams-1.0.4.pom (1.1 kB at 18 kB/s)
Downloading from central: https://repo.maven.apache.org/maven2/org/springframework/spring-webflux/6.1.13/spring-webflux-6.1.13.pom
Progress (1): 1.0 kB
Progress (1): 2.6 kB
                    
Downloaded from central: https://repo.maven.apache.org/maven2/org/springframework/spring-webflux/6.1.13/spring-webflux-6.1.13.pom (2.6 kB at 37 kB/s)
Downloading from central: https://repo.maven.apache.org/maven2/org/springframework/boot/spring-boot-starter-security/3.3.4/spring-boot-starter-security-3.3.4.pom
Progress (1): 1.0 kB
Progress (1): 2.7 kB
                    
Downloaded from central: https://repo.maven.apache.org/maven2/org/springframework/boot/spring-boot-starter-security/3.3.4/spring-boot-starter-security-3.3.4.pom (2.7 kB at 37 kB/s)
Downloading from central: https://repo.maven.apache.org/maven2/org/springframework/security/spring-security-config/6.3.3/spring-security-config-6.3.3.pom
Progress (1): 1.0 kB
Progress (1): 2.8 kB
                    
Downloaded from central: https://repo.maven.apache.org/maven2/org/springframework/security/spring-security-config/6.3.3/spring-security-config-6.3.3.pom (2.8 kB at 37 kB/s)
Downloading from central: https://repo.maven.apache.org/maven2/org/springframework/security/spring-security-core/6.3.3/spring-security-core-6.3.3.pom
Progress (1): 1.0 kB
Progress (1): 3.2 kB
                    
Downloaded from central: https://repo.maven.apache.org/maven2/org/springframework/security/spring-security-core/6.3.3/spring-security-core-6.3.3.pom (3.2 kB at 47 kB/s)
Downloading from central: https://repo.maven.apache.org/maven2/org/springframework/security/spring-security-crypto/6.3.3/spring-security-crypto-6.3.3.pom
Progress (1): 1.0 kB
Progress (1): 1.9 kB
                    
Downloaded from central: https://repo.maven.apache.org/maven2/org/springframework/security/spring-security-crypto/6.3.3/spring-security-crypto-6.3.3.pom (1.9 kB at 29 kB/s)
Downloading from central: https://repo.maven.apache.org/maven2/org/springframework/security/spring-security-web/6.3.3/spring-security-web-6.3.3.pom
Progress (1): 1.0 kB
Progress (1): 3.2 kB
                    
Downloaded from central: https://repo.maven.apache.org/maven2/org/springframework/security/spring-security-web/6.3.3/spring-security-web-6.3.3.pom (3.2 kB at 49 kB/s)
Downloading from central: https://repo.maven.apache.org/maven2/org/springframework/boot/spring-boot-starter-validation/3.3.4/spring-boot-starter-validation-3.3.4.pom
Progress (1): 993 B
Progress (1): 2.5 kB
                    
Downloaded from central: https://repo.maven.apache.org/maven2/org/springframework/boot/spring-boot-starter-validation/3.3.4/spring-boot-starter-validation-3.3.4.pom (2.5 kB at 36 kB/s)
Downloading from central: https://repo.maven.apache.org/maven2/org/apache/tomcat/embed/tomcat-embed-el/10.1.30/tomcat-embed-el-10.1.30.pom
Progress (1): 843 B
Progress (1): 1.5 kB
                    
Downloaded from central: https://repo.maven.apache.org/maven2/org/apache/tomcat/embed/tomcat-embed-el/10.1.30/tomcat-embed-el-10.1.30.pom (1.5 kB at 20 kB/s)
Downloading from central: https://repo.maven.apache.org/maven2/org/hibernate/validator/hibernate-validator/8.0.1.Final/hibernate-validator-8.0.1.Final.pom
Progress (1): 973 B
Progress (1): 3.1 kB
Progress (1): 6.2 kB
Progress (1): 9.0 kB
Progress (1): 13 kB 
Progress (1): 15 kB
                   
Downloaded from central: https://repo.maven.apache.org/maven2/org/hibernate/validator/hibernate-validator/8.0.1.Final/hibernate-validator-8.0.1.Final.pom (15 kB at 196 kB/s)
Downloading from central: https://repo.maven.apache.org/maven2/org/hibernate/validator/hibernate-validator-parent/8.0.1.Final/hibernate-validator-parent-8.0.1.Final.pom
Progress (1): 885 B
Progress (1): 3.5 kB
Progress (1): 5.4 kB
Progress (1): 7.5 kB
Progress (1): 9.6 kB
Progress (1): 12 kB 
Progress (1): 14 kB
Progress (1): 16 kB
Progress (1): 18 kB
Progress (1): 24 kB
Progress (1): 31 kB
Progress (1): 35 kB
Progress (1): 38 kB
Progress (1): 41 kB
Progress (1): 47 kB
Progress (1): 48 kB
Progress (1): 52 kB
Progress (1): 56 kB
Progress (1): 60 kB
Progress (1): 67 kB
Progress (1): 70 kB
Progress (1): 73 kB
Progress (1): 78 kB
Progress (1): 81 kB
Progress (1): 81 kB
                   
Downloaded from central: https://repo.maven.apache.org/maven2/org/hibernate/validator/hibernate-validator-parent/8.0.1.Final/hibernate-validator-parent-8.0.1.Final.pom (81 kB at 311 kB/s)
Downloading from central: https://repo.maven.apache.org/maven2/org/jboss/arquillian/arquillian-bom/1.7.0.Alpha10/arquillian-bom-1.7.0.Alpha10.pom
Progress (1): 1.0 kB
Progress (1): 6.7 kB
Progress (1): 10 kB 
                   
Downloaded from central: https://repo.maven.apache.org/maven2/org/jboss/arquillian/arquillian-bom/1.7.0.Alpha10/arquillian-bom-1.7.0.Alpha10.pom (10 kB at 147 kB/s)
Downloading from central: https://repo.maven.apache.org/maven2/org/jboss/shrinkwrap/shrinkwrap-bom/1.2.6/shrinkwrap-bom-1.2.6.pom
Progress (1): 986 B
Progress (1): 4.0 kB
                    
Downloaded from central: https://repo.maven.apache.org/maven2/org/jboss/shrinkwrap/shrinkwrap-bom/1.2.6/shrinkwrap-bom-1.2.6.pom (4.0 kB at 61 kB/s)
Downloading from central: https://repo.maven.apache.org/maven2/org/jboss/shrinkwrap/resolver/shrinkwrap-resolver-bom/3.1.4/shrinkwrap-resolver-bom-3.1.4.pom
Progress (1): 975 B
Progress (1): 5.5 kB
Progress (1): 7.0 kB
                    
Downloaded from central: https://repo.maven.apache.org/maven2/org/jboss/shrinkwrap/resolver/shrinkwrap-resolver-bom/3.1.4/shrinkwrap-resolver-bom-3.1.4.pom (7.0 kB at 103 kB/s)
Downloading from central: https://repo.maven.apache.org/maven2/org/apache/maven/maven/3.6.3/maven-3.6.3.pom
Progress (1): 710 B
Progress (1): 1.9 kB
Progress (1): 3.5 kB
Progress (1): 5.5 kB
Progress (1): 11 kB 
Progress (1): 16 kB
Progress (1): 20 kB
Progress (1): 23 kB
Progress (1): 26 kB
Progress (1): 26 kB
                   
Downloaded from central: https://repo.maven.apache.org/maven2/org/apache/maven/maven/3.6.3/maven-3.6.3.pom (26 kB at 378 kB/s)
Downloading from central: https://repo.maven.apache.org/maven2/org/apache/maven/maven-parent/33/maven-parent-33.pom
Progress (1): 717 B
Progress (1): 1.9 kB
Progress (1): 5.4 kB
Progress (1): 9.9 kB
Progress (1): 14 kB 
Progress (1): 19 kB
Progress (1): 23 kB
Progress (1): 26 kB
Progress (1): 27 kB
Progress (1): 30 kB
Progress (1): 34 kB
Progress (1): 36 kB
Progress (1): 39 kB
Progress (1): 44 kB
                   
Downloaded from central: https://repo.maven.apache.org/maven2/org/apache/maven/maven-parent/33/maven-parent-33.pom (44 kB at 559 kB/s)
Downloading from central: https://repo.maven.apache.org/maven2/org/apache/apache/21/apache-21.pom
Progress (1): 753 B
Progress (1): 2.1 kB
Progress (1): 3.9 kB
Progress (1): 8.3 kB
Progress (1): 13 kB 
Progress (1): 16 kB
Progress (1): 17 kB
                   
Downloaded from central: https://repo.maven.apache.org/maven2/org/apache/apache/21/apache-21.pom (17 kB at 214 kB/s)
Downloading from central: https://repo.maven.apache.org/maven2/org/jboss/shrinkwrap/descriptors/shrinkwrap-descriptors-bom/2.0.0/shrinkwrap-descriptors-bom-2.0.0.pom
Progress (1): 1.1 kB
Progress (1): 5.2 kB
Progress (1): 5.2 kB
                    
Downloaded from central: https://repo.maven.apache.org/maven2/org/jboss/shrinkwrap/descriptors/shrinkwrap-descriptors-bom/2.0.0/shrinkwrap-descriptors-bom-2.0.0.pom (5.2 kB at 79 kB/s)
Downloading from central: https://repo.maven.apache.org/maven2/jakarta/validation/jakarta.validation-api/3.0.2/jakarta.validation-api-3.0.2.pom
Progress (1): 1.0 kB
Progress (1): 3.7 kB
Progress (1): 6.2 kB
Progress (1): 9.4 kB
Progress (1): 11 kB 
                   
Downloaded from central: https://repo.maven.apache.org/maven2/jakarta/validation/jakarta.validation-api/3.0.2/jakarta.validation-api-3.0.2.pom (11 kB at 153 kB/s)
Downloading from central: https://repo.maven.apache.org/maven2/org/eclipse/ee4j/project/1.0.6/project-1.0.6.pom
Progress (1): 839 B
Progress (1): 2.5 kB
Progress (1): 5.0 kB
Progress (1): 7.7 kB
Progress (1): 13 kB 
Progress (1): 13 kB
                   
Downloaded from central: https://repo.maven.apache.org/maven2/org/eclipse/ee4j/project/1.0.6/project-1.0.6.pom (13 kB at 183 kB/s)
Downloading from central: https://repo.maven.apache.org/maven2/org/jboss/logging/jboss-logging/3.5.3.Final/jboss-logging-3.5.3.Final.pom
Progress (1): 755 B
Progress (1): 2.4 kB
Progress (1): 5.5 kB
Progress (1): 9.3 kB
Progress (1): 17 kB 
Progress (1): 19 kB
                   
Downloaded from central: https://repo.maven.apache.org/maven2/org/jboss/logging/jboss-logging/3.5.3.Final/jboss-logging-3.5.3.Final.pom (19 kB at 245 kB/s)
Downloading from central: https://repo.maven.apache.org/maven2/org/jboss/logging/logging-parent/1.0.1.Final/logging-parent-1.0.1.Final.pom
Progress (1): 1.2 kB
Progress (1): 3.8 kB
Progress (1): 6.0 kB
                    
Downloaded from central: https://repo.maven.apache.org/maven2/org/jboss/logging/logging-parent/1.0.1.Final/logging-parent-1.0.1.Final.pom (6.0 kB at 61 kB/s)
Downloading from central: https://repo.maven.apache.org/maven2/org/jboss/jboss-parent/39/jboss-parent-39.pom
Progress (1): 771 B
Progress (1): 2.3 kB
Progress (1): 4.9 kB
Progress (1): 7.2 kB
Progress (1): 8.9 kB
Progress (1): 13 kB 
Progress (1): 21 kB
Progress (1): 28 kB
Progress (1): 31 kB
Progress (1): 34 kB
Progress (1): 37 kB
Progress (1): 41 kB
Progress (1): 56 kB
Progress (1): 68 kB
                   
Downloaded from central: https://repo.maven.apache.org/maven2/org/jboss/jboss-parent/39/jboss-parent-39.pom (68 kB at 622 kB/s)
Downloading from central: https://repo.maven.apache.org/maven2/com/fasterxml/classmate/1.7.0/classmate-1.7.0.pom
Progress (1): 1.2 kB
Progress (1): 2.9 kB
Progress (1): 4.9 kB
Progress (1): 7.0 kB
                    
Downloaded from central: https://repo.maven.apache.org/maven2/com/fasterxml/classmate/1.7.0/classmate-1.7.0.pom (7.0 kB at 79 kB/s)
Downloading from central: https://repo.maven.apache.org/maven2/org/springframework/boot/spring-boot-starter-data-r2dbc/3.3.4/spring-boot-starter-data-r2dbc-3.3.4.pom
Progress (1): 973 B
Progress (1): 2.6 kB
                    
Downloaded from central: https://repo.maven.apache.org/maven2/org/springframework/boot/spring-boot-starter-data-r2dbc/3.3.4/spring-boot-starter-data-r2dbc-3.3.4.pom (2.6 kB at 36 kB/s)
Downloading from central: https://repo.maven.apache.org/maven2/org/springframework/data/spring-data-r2dbc/3.3.4/spring-data-r2dbc-3.3.4.pom
Progress (1): 1.1 kB
Progress (1): 3.4 kB
Progress (1): 6.8 kB
Progress (1): 8.0 kB
                    
Downloaded from central: https://repo.maven.apache.org/maven2/org/springframework/data/spring-data-r2dbc/3.3.4/spring-data-r2dbc-3.3.4.pom (8.0 kB at 110 kB/s)
Downloading from central: https://repo.maven.apache.org/maven2/org/springframework/data/spring-data-relational-parent/3.3.4/spring-data-relational-parent-3.3.4.pom
Progress (1): 1.0 kB
Progress (1): 2.5 kB
Progress (1): 5.0 kB
Progress (1): 8.5 kB
Progress (1): 8.7 kB
                    
Downloaded from central: https://repo.maven.apache.org/maven2/org/springframework/data/spring-data-relational-parent/3.3.4/spring-data-relational-parent-3.3.4.pom (8.7 kB at 114 kB/s)
Downloading from central: https://repo.maven.apache.org/maven2/org/springframework/data/build/spring-data-parent/3.3.4/spring-data-parent-3.3.4.pom
Progress (1): 774 B
Progress (1): 2.4 kB
Progress (1): 3.6 kB
Progress (1): 4.9 kB
Progress (1): 6.4 kB
Progress (1): 8.4 kB
Progress (1): 12 kB 
Progress (1): 16 kB
Progress (1): 18 kB
Progress (1): 21 kB
Progress (1): 28 kB
Progress (1): 32 kB
Progress (1): 37 kB
Progress (1): 40 kB
Progress (1): 41 kB
                   
Downloaded from central: https://repo.maven.apache.org/maven2/org/springframework/data/build/spring-data-parent/3.3.4/spring-data-parent-3.3.4.pom (41 kB at 559 kB/s)
Downloading from central: https://repo.maven.apache.org/maven2/org/springframework/data/build/spring-data-build/3.3.4/spring-data-build-3.3.4.pom
Progress (1): 954 B
Progress (1): 2.5 kB
Progress (1): 4.6 kB
Progress (1): 7.1 kB
Progress (1): 7.2 kB
                    
Downloaded from central: https://repo.maven.apache.org/maven2/org/springframework/data/build/spring-data-build/3.3.4/spring-data-build-3.3.4.pom (7.2 kB at 100 kB/s)
Downloading from central: https://repo.maven.apache.org/maven2/org/springframework/data/spring-data-relational/3.3.4/spring-data-relational-3.3.4.pom
Progress (1): 1.6 kB
Progress (1): 2.7 kB
                    
Downloaded from central: https://repo.maven.apache.org/maven2/org/springframework/data/spring-data-relational/3.3.4/spring-data-relational-3.3.4.pom (2.7 kB at 44 kB/s)
Downloading from central: https://repo.maven.apache.org/maven2/org/springframework/data/spring-data-commons/3.3.4/spring-data-commons-3.3.4.pom
Progress (1): 1.2 kB
Progress (1): 5.3 kB
Progress (1): 9.2 kB
Progress (1): 9.9 kB
                    
Downloaded from central: https://repo.maven.apache.org/maven2/org/springframework/data/spring-data-commons/3.3.4/spring-data-commons-3.3.4.pom (9.9 kB at 146 kB/s)
Downloading from central: https://repo.maven.apache.org/maven2/org/springframework/spring-tx/6.1.13/spring-tx-6.1.13.pom
Progress (1): 1.1 kB
Progress (1): 2.2 kB
                    
Downloaded from central: https://repo.maven.apache.org/maven2/org/springframework/spring-tx/6.1.13/spring-tx-6.1.13.pom (2.2 kB at 30 kB/s)
Downloading from central: https://repo.maven.apache.org/maven2/org/springframework/spring-jdbc/6.1.13/spring-jdbc-6.1.13.pom
Progress (1): 1.0 kB
Progress (1): 2.4 kB
                    
Downloaded from central: https://repo.maven.apache.org/maven2/org/springframework/spring-jdbc/6.1.13/spring-jdbc-6.1.13.pom (2.4 kB at 33 kB/s)
Downloading from central: https://repo.maven.apache.org/maven2/org/springframework/spring-r2dbc/6.1.13/spring-r2dbc-6.1.13.pom
Progress (1): 1.0 kB
Progress (1): 2.8 kB
                    
Downloaded from central: https://repo.maven.apache.org/maven2/org/springframework/spring-r2dbc/6.1.13/spring-r2dbc-6.1.13.pom (2.8 kB at 39 kB/s)
Downloading from central: https://repo.maven.apache.org/maven2/io/r2dbc/r2dbc-spi/1.0.0.RELEASE/r2dbc-spi-1.0.0.RELEASE.pom
Progress (1): 866 B
Progress (1): 2.6 kB
                    
Downloaded from central: https://repo.maven.apache.org/maven2/io/r2dbc/r2dbc-spi/1.0.0.RELEASE/r2dbc-spi-1.0.0.RELEASE.pom (2.6 kB at 34 kB/s)
Downloading from central: https://repo.maven.apache.org/maven2/io/r2dbc/r2dbc-spi-parent/1.0.0.RELEASE/r2dbc-spi-parent-1.0.0.RELEASE.pom
Progress (1): 798 B
Progress (1): 2.5 kB
Progress (1): 5.8 kB
Progress (1): 9.5 kB
Progress (1): 13 kB 
                   
Downloaded from central: https://repo.maven.apache.org/maven2/io/r2dbc/r2dbc-spi-parent/1.0.0.RELEASE/r2dbc-spi-parent-1.0.0.RELEASE.pom (13 kB at 187 kB/s)
Downloading from central: https://repo.maven.apache.org/maven2/org/junit/junit-bom/5.8.2/junit-bom-5.8.2.pom
Progress (1): 907 B
Progress (1): 4.1 kB
Progress (1): 5.6 kB
                    
Downloaded from central: https://repo.maven.apache.org/maven2/org/junit/junit-bom/5.8.2/junit-bom-5.8.2.pom (5.6 kB at 66 kB/s)
Downloading from central: https://repo.maven.apache.org/maven2/io/r2dbc/r2dbc-pool/1.0.1.RELEASE/r2dbc-pool-1.0.1.RELEASE.pom
Progress (1): 867 B
Progress (1): 2.6 kB
                    
Downloaded from central: https://repo.maven.apache.org/maven2/io/r2dbc/r2dbc-pool/1.0.1.RELEASE/r2dbc-pool-1.0.1.RELEASE.pom (2.6 kB at 22 kB/s)
Downloading from central: https://repo.maven.apache.org/maven2/io/projectreactor/addons/reactor-pool/1.0.8/reactor-pool-1.0.8.pom
Progress (1): 1.0 kB
Progress (1): 2.1 kB
                    
Downloaded from central: https://repo.maven.apache.org/maven2/io/projectreactor/addons/reactor-pool/1.0.8/reactor-pool-1.0.8.pom (2.1 kB at 29 kB/s)
Downloading from central: https://repo.maven.apache.org/maven2/org/postgresql/r2dbc-postgresql/1.0.5.RELEASE/r2dbc-postgresql-1.0.5.RELEASE.pom
Progress (1): 855 B
Progress (1): 3.0 kB
Progress (1): 3.8 kB
                    
Downloaded from central: https://repo.maven.apache.org/maven2/org/postgresql/r2dbc-postgresql/1.0.5.RELEASE/r2dbc-postgresql-1.0.5.RELEASE.pom (3.8 kB at 57 kB/s)
Downloading from central: https://repo.maven.apache.org/maven2/com/ongres/scram/client/2.1/client-2.1.pom
Progress (1): 1.6 kB
Progress (1): 3.9 kB
                    
Downloaded from central: https://repo.maven.apache.org/maven2/com/ongres/scram/client/2.1/client-2.1.pom (3.9 kB at 45 kB/s)
Downloading from central: https://repo.maven.apache.org/maven2/com/ongres/scram/parent/2.1/parent-2.1.pom
Progress (1): 1.0 kB
Progress (1): 3.1 kB
Progress (1): 6.2 kB
Progress (1): 9.3 kB
                    
Downloaded from central: https://repo.maven.apache.org/maven2/com/ongres/scram/parent/2.1/parent-2.1.pom (9.3 kB at 141 kB/s)
Downloading from central: https://repo.maven.apache.org/maven2/com/ongres/scram/common/2.1/common-2.1.pom
Progress (1): 1.4 kB
                    
Downloaded from central: https://repo.maven.apache.org/maven2/com/ongres/scram/common/2.1/common-2.1.pom (1.4 kB at 17 kB/s)
Downloading from central: https://repo.maven.apache.org/maven2/com/ongres/stringprep/saslprep/1.1/saslprep-1.1.pom
Progress (1): 880 B
                   
Downloaded from central: https://repo.maven.apache.org/maven2/com/ongres/stringprep/saslprep/1.1/saslprep-1.1.pom (880 B at 12 kB/s)
Downloading from central: https://repo.maven.apache.org/maven2/com/ongres/stringprep/parent/1.1/parent-1.1.pom
Progress (1): 1.0 kB
Progress (1): 3.0 kB
Progress (1): 5.7 kB
Progress (1): 7.2 kB
                    
Downloaded from central: https://repo.maven.apache.org/maven2/com/ongres/stringprep/parent/1.1/parent-1.1.pom (7.2 kB at 101 kB/s)
Downloading from central: https://repo.maven.apache.org/maven2/com/ongres/stringprep/stringprep/1.1/stringprep-1.1.pom
Progress (1): 1.5 kB
Progress (1): 2.4 kB
                    
Downloaded from central: https://repo.maven.apache.org/maven2/com/ongres/stringprep/stringprep/1.1/stringprep-1.1.pom (2.4 kB at 31 kB/s)
Downloading from central: https://repo.maven.apache.org/maven2/org/postgresql/postgresql/42.7.4/postgresql-42.7.4.pom
Progress (1): 1.3 kB
Progress (1): 3.3 kB
                    
Downloaded from central: https://repo.maven.apache.org/maven2/org/postgresql/postgresql/42.7.4/postgresql-42.7.4.pom (3.3 kB at 42 kB/s)
Downloading from central: https://repo.maven.apache.org/maven2/org/checkerframework/checker-qual/3.42.0/checker-qual-3.42.0.pom
Progress (1): 940 B
Progress (1): 2.1 kB
                    
Downloaded from central: https://repo.maven.apache.org/maven2/org/checkerframework/checker-qual/3.42.0/checker-qual-3.42.0.pom (2.1 kB at 25 kB/s)
Downloading from central: https://repo.maven.apache.org/maven2/org/flywaydb/flyway-core/10.10.0/flyway-core-10.10.0.pom
Progress (1): 844 B
Progress (1): 3.8 kB
Progress (1): 6.2 kB
                    
Downloaded from central: https://repo.maven.apache.org/maven2/org/flywaydb/flyway-core/10.10.0/flyway-core-10.10.0.pom (6.2 kB at 71 kB/s)
Downloading from central: https://repo.maven.apache.org/maven2/org/flywaydb/flyway-parent/10.10.0/flyway-parent-10.10.0.pom
Progress (1): 862 B
Progress (1): 2.5 kB
Progress (1): 4.5 kB
Progress (1): 6.6 kB
Progress (1): 14 kB 
Progress (1): 22 kB
Progress (1): 26 kB
Progress (1): 30 kB
Progress (1): 33 kB
                   
Downloaded from central: https://repo.maven.apache.org/maven2/org/flywaydb/flyway-parent/10.10.0/flyway-parent-10.10.0.pom (33 kB at 472 kB/s)
Downloading from central: https://repo.maven.apache.org/maven2/com/fasterxml/jackson/dataformat/jackson-dataformat-toml/2.17.2/jackson-dataformat-toml-2.17.2.pom
Progress (1): 1.0 kB
Progress (1): 3.2 kB
Progress (1): 3.5 kB
                    
Downloaded from central: https://repo.maven.apache.org/maven2/com/fasterxml/jackson/dataformat/jackson-dataformat-toml/2.17.2/jackson-dataformat-toml-2.17.2.pom (3.5 kB at 50 kB/s)
Downloading from central: https://repo.maven.apache.org/maven2/com/fasterxml/jackson/dataformat/jackson-dataformats-text/2.17.2/jackson-dataformats-text-2.17.2.pom
Progress (1): 1.2 kB
Progress (1): 3.0 kB
Progress (1): 3.5 kB
                    
Downloaded from central: https://repo.maven.apache.org/maven2/com/fasterxml/jackson/dataformat/jackson-dataformats-text/2.17.2/jackson-dataformats-text-2.17.2.pom (3.5 kB at 51 kB/s)
Downloading from central: https://repo.maven.apache.org/maven2/com/google/code/gson/gson/2.10.1/gson-2.10.1.pom
Progress (1): 1.1 kB
Progress (1): 3.4 kB
Progress (1): 6.7 kB
Progress (1): 8.7 kB
Progress (1): 9.4 kB
                    
Downloaded from central: https://repo.maven.apache.org/maven2/com/google/code/gson/gson/2.10.1/gson-2.10.1.pom (9.4 kB at 106 kB/s)
Downloading from central: https://repo.maven.apache.org/maven2/com/google/code/gson/gson-parent/2.10.1/gson-parent-2.10.1.pom
Progress (1): 1.1 kB
Progress (1): 2.7 kB
Progress (1): 4.3 kB
Progress (1): 6.5 kB
Progress (1): 8.5 kB
Progress (1): 11 kB 
Progress (1): 13 kB
                   
Downloaded from central: https://repo.maven.apache.org/maven2/com/google/code/gson/gson-parent/2.10.1/gson-parent-2.10.1.pom (13 kB at 167 kB/s)
Downloading from central: https://repo.maven.apache.org/maven2/org/flywaydb/flyway-database-postgresql/10.10.0/flyway-database-postgresql-10.10.0.pom
Progress (1): 799 B
Progress (1): 3.4 kB
                    
Downloaded from central: https://repo.maven.apache.org/maven2/org/flywaydb/flyway-database-postgresql/10.10.0/flyway-database-postgresql-10.10.0.pom (3.4 kB at 52 kB/s)
Downloading from central: https://repo.maven.apache.org/maven2/io/jsonwebtoken/jjwt-api/0.12.6/jjwt-api-0.12.6.pom
Progress (1): 848 B
Progress (1): 1.8 kB
                    
Downloaded from central: https://repo.maven.apache.org/maven2/io/jsonwebtoken/jjwt-api/0.12.6/jjwt-api-0.12.6.pom (1.8 kB at 25 kB/s)
Downloading from central: https://repo.maven.apache.org/maven2/io/jsonwebtoken/jjwt-root/0.12.6/jjwt-root-0.12.6.pom
Progress (1): 720 B
Progress (1): 2.5 kB
Progress (1): 4.4 kB
Progress (1): 6.3 kB
Progress (1): 11 kB 
Progress (1): 14 kB
Progress (1): 19 kB
Progress (1): 22 kB
Progress (1): 25 kB
Progress (1): 29 kB
Progress (1): 33 kB
Progress (1): 37 kB
                   
Downloaded from central: https://repo.maven.apache.org/maven2/io/jsonwebtoken/jjwt-root/0.12.6/jjwt-root-0.12.6.pom (37 kB at 525 kB/s)
Downloading from central: https://repo.maven.apache.org/maven2/io/jsonwebtoken/jjwt-impl/0.12.6/jjwt-impl-0.12.6.pom
Progress (1): 846 B
Progress (1): 2.5 kB
                    
Downloaded from central: https://repo.maven.apache.org/maven2/io/jsonwebtoken/jjwt-impl/0.12.6/jjwt-impl-0.12.6.pom (2.5 kB at 18 kB/s)
Downloading from central: https://repo.maven.apache.org/maven2/io/jsonwebtoken/jjwt-jackson/0.12.6/jjwt-jackson-0.12.6.pom
Progress (1): 843 B
Progress (1): 2.4 kB
Progress (1): 2.9 kB
                    
Downloaded from central: https://repo.maven.apache.org/maven2/io/jsonwebtoken/jjwt-jackson/0.12.6/jjwt-jackson-0.12.6.pom (2.9 kB at 28 kB/s)
Downloading from central: https://repo.maven.apache.org/maven2/org/projectlombok/lombok/1.18.34/lombok-1.18.34.pom
Progress (1): 1.1 kB
Progress (1): 1.5 kB
                    
Downloaded from central: https://repo.maven.apache.org/maven2/org/projectlombok/lombok/1.18.34/lombok-1.18.34.pom (1.5 kB at 21 kB/s)
Downloading from central: https://repo.maven.apache.org/maven2/org/springframework/boot/spring-boot-starter-test/3.3.4/spring-boot-starter-test-3.3.4.pom
Progress (1): 916 B
Progress (1): 4.2 kB
Progress (1): 5.1 kB
                    
Downloaded from central: https://repo.maven.apache.org/maven2/org/springframework/boot/spring-boot-starter-test/3.3.4/spring-boot-starter-test-3.3.4.pom (5.1 kB at 60 kB/s)
Downloading from central: https://repo.maven.apache.org/maven2/org/springframework/boot/spring-boot-test/3.3.4/spring-boot-test-3.3.4.pom
Progress (1): 1.0 kB
Progress (1): 2.2 kB
                    
Downloaded from central: https://repo.maven.apache.org/maven2/org/springframework/boot/spring-boot-test/3.3.4/spring-boot-test-3.3.4.pom (2.2 kB at 29 kB/s)
Downloading from central: https://repo.maven.apache.org/maven2/org/springframework/spring-test/6.1.13/spring-test-6.1.13.pom
Progress (1): 1.1 kB
Progress (1): 2.1 kB
                    
Downloaded from central: https://repo.maven.apache.org/maven2/org/springframework/spring-test/6.1.13/spring-test-6.1.13.pom (2.1 kB at 30 kB/s)
Downloading from central: https://repo.maven.apache.org/maven2/org/springframework/boot/spring-boot-test-autoconfigure/3.3.4/spring-boot-test-autoconfigure-3.3.4.pom
Progress (1): 1.0 kB
Progress (1): 2.5 kB
                    
Downloaded from central: https://repo.maven.apache.org/maven2/org/springframework/boot/spring-boot-test-autoconfigure/3.3.4/spring-boot-test-autoconfigure-3.3.4.pom (2.5 kB at 37 kB/s)
Downloading from central: https://repo.maven.apache.org/maven2/com/jayway/jsonpath/json-path/2.9.0/json-path-2.9.0.pom
Progress (1): 960 B
Progress (1): 1.9 kB
                    
Downloaded from central: https://repo.maven.apache.org/maven2/com/jayway/jsonpath/json-path/2.9.0/json-path-2.9.0.pom (1.9 kB at 27 kB/s)
Downloading from central: https://repo.maven.apache.org/maven2/net/minidev/json-smart/2.5.1/json-smart-2.5.1.pom
Progress (1): 780 B
Progress (1): 1.9 kB
Progress (1): 3.6 kB
Progress (1): 5.5 kB
Progress (1): 8.2 kB
Progress (1): 9.3 kB
                    
Downloaded from central: https://repo.maven.apache.org/maven2/net/minidev/json-smart/2.5.1/json-smart-2.5.1.pom (9.3 kB at 125 kB/s)
Downloading from central: https://repo.maven.apache.org/maven2/net/minidev/accessors-smart/2.5.1/accessors-smart-2.5.1.pom
Progress (1): 780 B
Progress (1): 2.4 kB
Progress (1): 4.3 kB
Progress (1): 7.1 kB
Progress (1): 11 kB 
Progress (1): 11 kB
                   
Downloaded from central: https://repo.maven.apache.org/maven2/net/minidev/accessors-smart/2.5.1/accessors-smart-2.5.1.pom (11 kB at 151 kB/s)
Downloading from central: https://repo.maven.apache.org/maven2/org/ow2/asm/asm/9.6/asm-9.6.pom
Progress (1): 1.3 kB
Progress (1): 2.4 kB
                    
Downloaded from central: https://repo.maven.apache.org/maven2/org/ow2/asm/asm/9.6/asm-9.6.pom (2.4 kB at 34 kB/s)
Downloading from central: https://repo.maven.apache.org/maven2/org/ow2/ow2/1.5.1/ow2-1.5.1.pom
Progress (1): 709 B
Progress (1): 2.1 kB
Progress (1): 3.6 kB
Progress (1): 5.7 kB
Progress (1): 8.1 kB
Progress (1): 11 kB 
                   
Downloaded from central: https://repo.maven.apache.org/maven2/org/ow2/ow2/1.5.1/ow2-1.5.1.pom (11 kB at 91 kB/s)
Downloading from central: https://repo.maven.apache.org/maven2/jakarta/xml/bind/jakarta.xml.bind-api/4.0.2/jakarta.xml.bind-api-4.0.2.pom
Progress (1): 845 B
Progress (1): 3.2 kB
Progress (1): 6.0 kB
Progress (1): 9.8 kB
Progress (1): 13 kB 
Progress (1): 13 kB
                   
Downloaded from central: https://repo.maven.apache.org/maven2/jakarta/xml/bind/jakarta.xml.bind-api/4.0.2/jakarta.xml.bind-api-4.0.2.pom (13 kB at 177 kB/s)
Downloading from central: https://repo.maven.apache.org/maven2/jakarta/xml/bind/jakarta.xml.bind-api-parent/4.0.2/jakarta.xml.bind-api-parent-4.0.2.pom
Progress (1): 897 B
Progress (1): 2.8 kB
Progress (1): 6.5 kB
Progress (1): 9.1 kB
                    
Downloaded from central: https://repo.maven.apache.org/maven2/jakarta/xml/bind/jakarta.xml.bind-api-parent/4.0.2/jakarta.xml.bind-api-parent-4.0.2.pom (9.1 kB at 137 kB/s)
Downloading from central: https://repo.maven.apache.org/maven2/jakarta/activation/jakarta.activation-api/2.1.3/jakarta.activation-api-2.1.3.pom
Progress (1): 857 B
Progress (1): 2.6 kB
Progress (1): 5.3 kB
Progress (1): 9.4 kB
Progress (1): 12 kB 
Progress (1): 17 kB
Progress (1): 19 kB
                   
Downloaded from central: https://repo.maven.apache.org/maven2/jakarta/activation/jakarta.activation-api/2.1.3/jakarta.activation-api-2.1.3.pom (19 kB at 280 kB/s)
Downloading from central: https://repo.maven.apache.org/maven2/org/assertj/assertj-core/3.25.3/assertj-core-3.25.3.pom
Progress (1): 1.1 kB
Progress (1): 3.8 kB
                    
Downloaded from central: https://repo.maven.apache.org/maven2/org/assertj/assertj-core/3.25.3/assertj-core-3.25.3.pom (3.8 kB at 60 kB/s)
Downloading from central: https://repo.maven.apache.org/maven2/net/bytebuddy/byte-buddy/1.14.19/byte-buddy-1.14.19.pom
Progress (1): 973 B
Progress (1): 3.7 kB
Progress (1): 7.0 kB
Progress (1): 14 kB 
Progress (1): 16 kB
                   
Downloaded from central: https://repo.maven.apache.org/maven2/net/bytebuddy/byte-buddy/1.14.19/byte-buddy-1.14.19.pom (16 kB at 215 kB/s)
Downloading from central: https://repo.maven.apache.org/maven2/net/bytebuddy/byte-buddy-parent/1.14.19/byte-buddy-parent-1.14.19.pom
Progress (1): 829 B
Progress (1): 2.1 kB
Progress (1): 3.6 kB
Progress (1): 6.2 kB
Progress (1): 8.1 kB
Progress (1): 11 kB 
Progress (1): 13 kB
Progress (1): 17 kB
Progress (1): 22 kB
Progress (1): 25 kB
Progress (1): 35 kB
Progress (1): 47 kB
Progress (1): 52 kB
Progress (1): 57 kB
Progress (1): 62 kB
                   
Downloaded from central: https://repo.maven.apache.org/maven2/net/bytebuddy/byte-buddy-parent/1.14.19/byte-buddy-parent-1.14.19.pom (62 kB at 864 kB/s)
Downloading from central: https://repo.maven.apache.org/maven2/org/awaitility/awaitility/4.2.2/awaitility-4.2.2.pom
Progress (1): 821 B
Progress (1): 3.0 kB
Progress (1): 3.5 kB
                    
Downloaded from central: https://repo.maven.apache.org/maven2/org/awaitility/awaitility/4.2.2/awaitility-4.2.2.pom (3.5 kB at 51 kB/s)
Downloading from central: https://repo.maven.apache.org/maven2/org/awaitility/awaitility-parent/4.2.2/awaitility-parent-4.2.2.pom
Progress (1): 826 B
Progress (1): 2.5 kB
Progress (1): 5.3 kB
Progress (1): 9.3 kB
Progress (1): 11 kB 
                   
Downloaded from central: https://repo.maven.apache.org/maven2/org/awaitility/awaitility-parent/4.2.2/awaitility-parent-4.2.2.pom (11 kB at 136 kB/s)
Downloading from central: https://repo.maven.apache.org/maven2/org/hamcrest/hamcrest/2.2/hamcrest-2.2.pom
Progress (1): 1.1 kB
                    
Downloaded from central: https://repo.maven.apache.org/maven2/org/hamcrest/hamcrest/2.2/hamcrest-2.2.pom (1.1 kB at 17 kB/s)
Downloading from central: https://repo.maven.apache.org/maven2/org/junit/jupiter/junit-jupiter/5.10.3/junit-jupiter-5.10.3.pom
Progress (1): 944 B
Progress (1): 3.2 kB
                    
Downloaded from central: https://repo.maven.apache.org/maven2/org/junit/jupiter/junit-jupiter/5.10.3/junit-jupiter-5.10.3.pom (3.2 kB at 44 kB/s)
Downloading from central: https://repo.maven.apache.org/maven2/org/junit/jupiter/junit-jupiter-api/5.10.3/junit-jupiter-api-5.10.3.pom
Progress (1): 954 B
Progress (1): 3.2 kB
                    
Downloaded from central: https://repo.maven.apache.org/maven2/org/junit/jupiter/junit-jupiter-api/5.10.3/junit-jupiter-api-5.10.3.pom (3.2 kB at 41 kB/s)
Downloading from central: https://repo.maven.apache.org/maven2/org/opentest4j/opentest4j/1.3.0/opentest4j-1.3.0.pom
Progress (1): 996 B
Progress (1): 2.0 kB
                    
Downloaded from central: https://repo.maven.apache.org/maven2/org/opentest4j/opentest4j/1.3.0/opentest4j-1.3.0.pom (2.0 kB at 29 kB/s)
Downloading from central: https://repo.maven.apache.org/maven2/org/junit/platform/junit-platform-commons/1.10.3/junit-platform-commons-1.10.3.pom
Progress (1): 966 B
Progress (1): 2.8 kB
                    
Downloaded from central: https://repo.maven.apache.org/maven2/org/junit/platform/junit-platform-commons/1.10.3/junit-platform-commons-1.10.3.pom (2.8 kB at 40 kB/s)
Downloading from central: https://repo.maven.apache.org/maven2/org/apiguardian/apiguardian-api/1.1.2/apiguardian-api-1.1.2.pom
Progress (1): 1.0 kB
Progress (1): 1.5 kB
                    
Downloaded from central: https://repo.maven.apache.org/maven2/org/apiguardian/apiguardian-api/1.1.2/apiguardian-api-1.1.2.pom (1.5 kB at 22 kB/s)
Downloading from central: https://repo.maven.apache.org/maven2/org/junit/jupiter/junit-jupiter-params/5.10.3/junit-jupiter-params-5.10.3.pom
Progress (1): 964 B
Progress (1): 3.0 kB
                    
Downloaded from central: https://repo.maven.apache.org/maven2/org/junit/jupiter/junit-jupiter-params/5.10.3/junit-jupiter-params-5.10.3.pom (3.0 kB at 42 kB/s)
Downloading from central: https://repo.maven.apache.org/maven2/org/junit/jupiter/junit-jupiter-engine/5.10.3/junit-jupiter-engine-5.10.3.pom
Progress (1): 962 B
Progress (1): 3.2 kB
                    
Downloaded from central: https://repo.maven.apache.org/maven2/org/junit/jupiter/junit-jupiter-engine/5.10.3/junit-jupiter-engine-5.10.3.pom (3.2 kB at 44 kB/s)
Downloading from central: https://repo.maven.apache.org/maven2/org/junit/platform/junit-platform-engine/1.10.3/junit-platform-engine-1.10.3.pom
Progress (1): 957 B
Progress (1): 3.2 kB
                    
Downloaded from central: https://repo.maven.apache.org/maven2/org/junit/platform/junit-platform-engine/1.10.3/junit-platform-engine-1.10.3.pom (3.2 kB at 46 kB/s)
Downloading from central: https://repo.maven.apache.org/maven2/org/mockito/mockito-core/5.11.0/mockito-core-5.11.0.pom
Progress (1): 1.6 kB
Progress (1): 2.5 kB
                    
Downloaded from central: https://repo.maven.apache.org/maven2/org/mockito/mockito-core/5.11.0/mockito-core-5.11.0.pom (2.5 kB at 36 kB/s)
Downloading from central: https://repo.maven.apache.org/maven2/net/bytebuddy/byte-buddy-agent/1.14.19/byte-buddy-agent-1.14.19.pom
Progress (1): 1.2 kB
Progress (1): 3.6 kB
Progress (1): 6.2 kB
Progress (1): 10 kB 
                   
Downloaded from central: https://repo.maven.apache.org/maven2/net/bytebuddy/byte-buddy-agent/1.14.19/byte-buddy-agent-1.14.19.pom (10 kB at 154 kB/s)
Downloading from central: https://repo.maven.apache.org/maven2/org/objenesis/objenesis/3.3/objenesis-3.3.pom
Progress (1): 795 B
Progress (1): 2.5 kB
Progress (1): 3.0 kB
                    
Downloaded from central: https://repo.maven.apache.org/maven2/org/objenesis/objenesis/3.3/objenesis-3.3.pom (3.0 kB at 48 kB/s)
Downloading from central: https://repo.maven.apache.org/maven2/org/objenesis/objenesis-parent/3.3/objenesis-parent-3.3.pom
Progress (1): 741 B
Progress (1): 2.3 kB
Progress (1): 4.5 kB
Progress (1): 6.6 kB
Progress (1): 10 kB 
Progress (1): 13 kB
Progress (1): 18 kB
Progress (1): 19 kB
                   
Downloaded from central: https://repo.maven.apache.org/maven2/org/objenesis/objenesis-parent/3.3/objenesis-parent-3.3.pom (19 kB at 290 kB/s)
Downloading from central: https://repo.maven.apache.org/maven2/org/mockito/mockito-junit-jupiter/5.11.0/mockito-junit-jupiter-5.11.0.pom
Progress (1): 1.6 kB
Progress (1): 2.3 kB
                    
Downloaded from central: https://repo.maven.apache.org/maven2/org/mockito/mockito-junit-jupiter/5.11.0/mockito-junit-jupiter-5.11.0.pom (2.3 kB at 39 kB/s)
Downloading from central: https://repo.maven.apache.org/maven2/org/skyscreamer/jsonassert/1.5.3/jsonassert-1.5.3.pom
Progress (1): 1.0 kB
Progress (1): 3.5 kB
Progress (1): 7.0 kB
                    
Downloaded from central: https://repo.maven.apache.org/maven2/org/skyscreamer/jsonassert/1.5.3/jsonassert-1.5.3.pom (7.0 kB at 90 kB/s)
Downloading from central: https://repo.maven.apache.org/maven2/com/vaadin/external/google/android-json/0.0.20131108.vaadin1/android-json-0.0.20131108.vaadin1.pom
Progress (1): 1.1 kB
Progress (1): 2.8 kB
                    
Downloaded from central: https://repo.maven.apache.org/maven2/com/vaadin/external/google/android-json/0.0.20131108.vaadin1/android-json-0.0.20131108.vaadin1.pom (2.8 kB at 37 kB/s)
Downloading from central: https://repo.maven.apache.org/maven2/org/xmlunit/xmlunit-core/2.9.1/xmlunit-core-2.9.1.pom
Progress (1): 849 B
Progress (1): 2.4 kB
                    
Downloaded from central: https://repo.maven.apache.org/maven2/org/xmlunit/xmlunit-core/2.9.1/xmlunit-core-2.9.1.pom (2.4 kB at 36 kB/s)
Downloading from central: https://repo.maven.apache.org/maven2/org/xmlunit/xmlunit-parent/2.9.1/xmlunit-parent-2.9.1.pom
Progress (1): 781 B
Progress (1): 2.2 kB
Progress (1): 4.6 kB
Progress (1): 7.7 kB
Progress (1): 11 kB 
Progress (1): 13 kB
Progress (1): 17 kB
Progress (1): 21 kB
                   
Downloaded from central: https://repo.maven.apache.org/maven2/org/xmlunit/xmlunit-parent/2.9.1/xmlunit-parent-2.9.1.pom (21 kB at 320 kB/s)
Downloading from central: https://repo.maven.apache.org/maven2/io/projectreactor/reactor-test/3.6.10/reactor-test-3.6.10.pom
Progress (1): 1.0 kB
Progress (1): 2.1 kB
                    
Downloaded from central: https://repo.maven.apache.org/maven2/io/projectreactor/reactor-test/3.6.10/reactor-test-3.6.10.pom (2.1 kB at 33 kB/s)
Downloading from central: https://repo.maven.apache.org/maven2/org/springframework/security/spring-security-test/6.3.3/spring-security-test-6.3.3.pom
Progress (1): 1.0 kB
Progress (1): 2.7 kB
                    
Downloaded from central: https://repo.maven.apache.org/maven2/org/springframework/security/spring-security-test/6.3.3/spring-security-test-6.3.3.pom (2.7 kB at 41 kB/s)
Downloading from central: https://repo.maven.apache.org/maven2/org/springframework/boot/spring-boot-starter-webflux/3.3.4/spring-boot-starter-webflux-3.3.4.jar
Progress (1): 3.4/4.8 kB
Progress (1): 4.8 kB    
                    
Downloaded from central: https://repo.maven.apache.org/maven2/org/springframework/boot/spring-boot-starter-webflux/3.3.4/spring-boot-starter-webflux-3.3.4.jar (4.8 kB at 83 kB/s)
Downloading from central: https://repo.maven.apache.org/maven2/org/springframework/boot/spring-boot-starter/3.3.4/spring-boot-starter-3.3.4.jar
Downloading from central: https://repo.maven.apache.org/maven2/org/springframework/boot/spring-boot/3.3.4/spring-boot-3.3.4.jar
Downloading from central: https://repo.maven.apache.org/maven2/org/springframework/boot/spring-boot-autoconfigure/3.3.4/spring-boot-autoconfigure-3.3.4.jar
Downloading from central: https://repo.maven.apache.org/maven2/org/springframework/boot/spring-boot-starter-logging/3.3.4/spring-boot-starter-logging-3.3.4.jar
Downloading from central: https://repo.maven.apache.org/maven2/ch/qos/logback/logback-classic/1.5.8/logback-classic-1.5.8.jar
Progress (1): 0/1.6 MB
Progress (1): 0/1.6 MB
Progress (1): 0/1.6 MB
Progress (1): 0.1/1.6 MB
Progress (1): 0.1/1.6 MB
Progress (1): 0.1/1.6 MB
Progress (1): 0.1/1.6 MB
Progress (1): 0.1/1.6 MB
Progress (1): 0.1/1.6 MB
Progress (1): 0.1/1.6 MB
Progress (1): 0.2/1.6 MB
Progress (1): 0.2/1.6 MB
Progress (1): 0.2/1.6 MB
Progress (1): 0.2/1.6 MB
Progress (1): 0.2/1.6 MB
Progress (1): 0.2/1.6 MB
Progress (1): 0.3/1.6 MB
Progress (1): 0.3/1.6 MB
Progress (1): 0.3/1.6 MB
Progress (1): 0.3/1.6 MB
Progress (1): 0.3/1.6 MB
Progress (1): 0.3/1.6 MB
Progress (1): 0.4/1.6 MB
Progress (1): 0.4/1.6 MB
Progress (1): 0.4/1.6 MB
Progress (1): 0.4/1.6 MB
Progress (1): 0.4/1.6 MB
Progress (1): 0.4/1.6 MB
Progress (1): 0.5/1.6 MB
Progress (1): 0.5/1.6 MB
Progress (1): 0.5/1.6 MB
Progress (1): 0.5/1.6 MB
Progress (1): 0.5/1.6 MB
Progress (1): 0.5/1.6 MB
Progress (1): 0.6/1.6 MB
Progress (1): 0.6/1.6 MB
Progress (1): 0.6/1.6 MB
Progress (1): 0.6/1.6 MB
Progress (1): 0.6/1.6 MB
Progress (1): 0.6/1.6 MB
Progress (1): 0.7/1.6 MB
Progress (1): 0.7/1.6 MB
Progress (1): 0.7/1.6 MB
Progress (1): 0.7/1.6 MB
Progress (1): 0.7/1.6 MB
Progress (1): 0.7/1.6 MB
Progress (1): 0.8/1.6 MB
Progress (1): 0.8/1.6 MB
Progress (1): 0.8/1.6 MB
Progress (1): 0.8/1.6 MB
Progress (1): 0.8/1.6 MB
Progress (1): 0.8/1.6 MB
Progress (1): 0.9/1.6 MB
Progress (2): 0.9/1.6 MB | 1.4/4.8 kB
Progress (2): 0.9/1.6 MB | 2.7/4.8 kB
Progress (2): 0.9/1.6 MB | 4.1/4.8 kB
Progress (2): 0.9/1.6 MB | 4.8 kB    
Progress (2): 0.9/1.6 MB | 4.8 kB
                                 
Downloaded from central: https://repo.maven.apache.org/maven2/org/springframework/boot/spring-boot-starter-logging/3.3.4/spring-boot-starter-logging-3.3.4.jar (4.8 kB at 27 kB/s)
Downloading from central: https://repo.maven.apache.org/maven2/ch/qos/logback/logback-core/1.5.8/logback-core-1.5.8.jar
Progress (1): 0.9/1.6 MB
Progress (1): 0.9/1.6 MB
Progress (1): 0.9/1.6 MB
Progress (1): 0.9/1.6 MB
Progress (1): 0.9/1.6 MB
Progress (1): 1.0/1.6 MB
Progress (1): 1.0/1.6 MB
Progress (1): 1.0/1.6 MB
Progress (1): 1.0/1.6 MB
Progress (1): 1.0/1.6 MB
Progress (1): 1.0/1.6 MB
Progress (1): 1.1/1.6 MB
Progress (1): 1.1/1.6 MB
Progress (1): 1.1/1.6 MB
Progress (1): 1.1/1.6 MB
Progress (1): 1.1/1.6 MB
Progress (1): 1.1/1.6 MB
Progress (1): 1.2/1.6 MB
Progress (1): 1.2/1.6 MB
Progress (1): 1.2/1.6 MB
Progress (1): 1.2/1.6 MB
Progress (1): 1.2/1.6 MB
Progress (1): 1.2/1.6 MB
Progress (1): 1.3/1.6 MB
Progress (1): 1.3/1.6 MB
Progress (2): 1.3/1.6 MB | 0/2.0 MB
Progress (2): 1.3/1.6 MB | 0/2.0 MB
Progress (2): 1.3/1.6 MB | 0/2.0 MB
Progress (2): 1.3/1.6 MB | 0/2.0 MB
Progress (2): 1.3/1.6 MB | 0/2.0 MB
Progress (2): 1.3/1.6 MB | 0/2.0 MB
Progress (2): 1.3/1.6 MB | 0/2.0 MB
Progress (2): 1.3/1.6 MB | 0/2.0 MB
Progress (2): 1.3/1.6 MB | 0/2.0 MB
Progress (2): 1.3/1.6 MB | 0/2.0 MB
Progress (2): 1.3/1.6 MB | 0/2.0 MB
Progress (2): 1.3/1.6 MB | 0/2.0 MB
Progress (2): 1.3/1.6 MB | 0/2.0 MB
Progress (2): 1.3/1.6 MB | 0/2.0 MB
Progress (2): 1.3/1.6 MB | 0/2.0 MB
Progress (2): 1.3/1.6 MB | 0/2.0 MB
Progress (2): 1.3/1.6 MB | 0/2.0 MB
Progress (2): 1.3/1.6 MB | 0/2.0 MB
Progress (2): 1.3/1.6 MB | 0/2.0 MB
Progress (2): 1.3/1.6 MB | 0/2.0 MB
Progress (2): 1.3/1.6 MB | 0/2.0 MB
Progress (2): 1.3/1.6 MB | 0/2.0 MB
Progress (2): 1.3/1.6 MB | 0/2.0 MB
Progress (2): 1.3/1.6 MB | 0/2.0 MB
Progress (2): 1.3/1.6 MB | 0/2.0 MB
Progress (2): 1.3/1.6 MB | 0/2.0 MB
Progress (2): 1.3/1.6 MB | 0/2.0 MB
Progress (2): 1.3/1.6 MB | 0/2.0 MB
Progress (2): 1.3/1.6 MB | 0/2.0 MB
Progress (2): 1.3/1.6 MB | 0/2.0 MB
Progress (2): 1.3/1.6 MB | 0/2.0 MB
Progress (3): 1.3/1.6 MB | 0/2.0 MB | 0.9/305 kB
Progress (3): 1.3/1.6 MB | 0/2.0 MB | 0.9/305 kB
Progress (3): 1.3/1.6 MB | 0/2.0 MB | 2.3/305 kB
Progress (3): 1.3/1.6 MB | 0/2.0 MB | 3.6/305 kB
Progress (3): 1.3/1.6 MB | 0/2.0 MB | 3.6/305 kB
Progress (3): 1.3/1.6 MB | 0/2.0 MB | 5.0/305 kB
Progress (3): 1.3/1.6 MB | 0/2.0 MB | 5.0/305 kB
Progress (3): 1.3/1.6 MB | 0/2.0 MB | 6.4/305 kB
Progress (3): 1.3/1.6 MB | 0/2.0 MB | 6.4/305 kB
Progress (3): 1.3/1.6 MB | 0/2.0 MB | 7.7/305 kB
Progress (3): 1.3/1.6 MB | 0/2.0 MB | 9.1/305 kB
Progress (3): 1.3/1.6 MB | 0/2.0 MB | 9.1/305 kB
Progress (3): 1.3/1.6 MB | 0/2.0 MB | 10/305 kB 
Progress (3): 1.3/1.6 MB | 0/2.0 MB | 10/305 kB
Progress (3): 1.3/1.6 MB | 0/2.0 MB | 12/305 kB
Progress (3): 1.3/1.6 MB | 0/2.0 MB | 13/305 kB
Progress (3): 1.3/1.6 MB | 0/2.0 MB | 13/305 kB
Progress (3): 1.3/1.6 MB | 0/2.0 MB | 15/305 kB
Progress (3): 1.3/1.6 MB | 0/2.0 MB | 15/305 kB
Progress (3): 1.3/1.6 MB | 0/2.0 MB | 15/305 kB
Progress (3): 1.3/1.6 MB | 0.1/2.0 MB | 15/305 kB
Progress (3): 1.3/1.6 MB | 0.1/2.0 MB | 15/305 kB
Progress (3): 1.3/1.6 MB | 0.1/2.0 MB | 15/305 kB
Progress (3): 1.3/1.6 MB | 0.1/2.0 MB | 16/305 kB
Progress (3): 1.3/1.6 MB | 0.1/2.0 MB | 17/305 kB
Progress (3): 1.3/1.6 MB | 0.1/2.0 MB | 17/305 kB
Progress (3): 1.3/1.6 MB | 0.1/2.0 MB | 19/305 kB
Progress (3): 1.3/1.6 MB | 0.1/2.0 MB | 20/305 kB
Progress (3): 1.3/1.6 MB | 0.1/2.0 MB | 21/305 kB
Progress (3): 1.3/1.6 MB | 0.1/2.0 MB | 23/305 kB
Progress (3): 1.3/1.6 MB | 0.1/2.0 MB | 24/305 kB
Progress (3): 1.3/1.6 MB | 0.1/2.0 MB | 26/305 kB
Progress (3): 1.3/1.6 MB | 0.1/2.0 MB | 27/305 kB
Progress (3): 1.3/1.6 MB | 0.1/2.0 MB | 28/305 kB
Progress (3): 1.3/1.6 MB | 0.1/2.0 MB | 30/305 kB
Progress (3): 1.3/1.6 MB | 0.1/2.0 MB | 31/305 kB
Progress (3): 1.3/1.6 MB | 0.1/2.0 MB | 32/305 kB
Progress (3): 1.3/1.6 MB | 0.1/2.0 MB | 34/305 kB
Progress (3): 1.3/1.6 MB | 0.1/2.0 MB | 35/305 kB
Progress (3): 1.4/1.6 MB | 0.1/2.0 MB | 35/305 kB
Progress (3): 1.4/1.6 MB | 0.1/2.0 MB | 36/305 kB
Progress (3): 1.4/1.6 MB | 0.1/2.0 MB | 38/305 kB
Progress (3): 1.4/1.6 MB | 0.1/2.0 MB | 38/305 kB
Progress (3): 1.4/1.6 MB | 0.1/2.0 MB | 39/305 kB
Progress (3): 1.4/1.6 MB | 0.1/2.0 MB | 41/305 kB
Progress (3): 1.4/1.6 MB | 0.1/2.0 MB | 42/305 kB
Progress (3): 1.4/1.6 MB | 0.1/2.0 MB | 43/305 kB
Progress (3): 1.4/1.6 MB | 0.1/2.0 MB | 45/305 kB
Progress (3): 1.4/1.6 MB | 0.1/2.0 MB | 46/305 kB
Progress (3): 1.4/1.6 MB | 0.1/2.0 MB | 47/305 kB
Progress (3): 1.4/1.6 MB | 0.1/2.0 MB | 49/305 kB
Progress (3): 1.4/1.6 MB | 0.1/2.0 MB | 50/305 kB
Progress (3): 1.4/1.6 MB | 0.1/2.0 MB | 52/305 kB
Progress (3): 1.4/1.6 MB | 0.1/2.0 MB | 53/305 kB
Progress (3): 1.4/1.6 MB | 0.1/2.0 MB | 54/305 kB
Progress (3): 1.4/1.6 MB | 0.1/2.0 MB | 56/305 kB
Progress (3): 1.4/1.6 MB | 0.1/2.0 MB | 57/305 kB
Progress (3): 1.4/1.6 MB | 0.1/2.0 MB | 57/305 kB
Progress (3): 1.4/1.6 MB | 0.1/2.0 MB | 57/305 kB
Progress (3): 1.4/1.6 MB | 0.1/2.0 MB | 57/305 kB
Progress (3): 1.4/1.6 MB | 0.1/2.0 MB | 57/305 kB
Progress (3): 1.4/1.6 MB | 0.1/2.0 MB | 57/305 kB
Progress (3): 1.5/1.6 MB | 0.1/2.0 MB | 57/305 kB
Progress (3): 1.5/1.6 MB | 0.1/2.0 MB | 57/305 kB
Progress (3): 1.5/1.6 MB | 0.1/2.0 MB | 57/305 kB
Progress (3): 1.5/1.6 MB | 0.1/2.0 MB | 57/305 kB
Progress (3): 1.5/1.6 MB | 0.1/2.0 MB | 57/305 kB
Progress (3): 1.5/1.6 MB | 0.1/2.0 MB | 57/305 kB
Progress (3): 1.6/1.6 MB | 0.1/2.0 MB | 57/305 kB
Progress (3): 1.6/1.6 MB | 0.1/2.0 MB | 57/305 kB
Progress (3): 1.6/1.6 MB | 0.1/2.0 MB | 57/305 kB
Progress (3): 1.6/1.6 MB | 0.1/2.0 MB | 57/305 kB
Progress (3): 1.6/1.6 MB | 0.1/2.0 MB | 57/305 kB
Progress (3): 1.6 MB | 0.1/2.0 MB | 57/305 kB    
                                             
Downloaded from central: https://repo.maven.apache.org/maven2/org/springframework/boot/spring-boot/3.3.4/spring-boot-3.3.4.jar (1.6 MB at 6.5 MB/s)
Downloading from central: https://repo.maven.apache.org/maven2/org/apache/logging/log4j/log4j-to-slf4j/2.23.1/log4j-to-slf4j-2.23.1.jar
Progress (2): 0.1/2.0 MB | 61/305 kB
Progress (2): 0.1/2.0 MB | 61/305 kB
Progress (2): 0.1/2.0 MB | 65/305 kB
Progress (2): 0.1/2.0 MB | 65/305 kB
Progress (3): 0.1/2.0 MB | 65/305 kB | 0.9/4.8 kB
Progress (4): 0.1/2.0 MB | 65/305 kB | 0.9/4.8 kB | 0.9/619 kB
Progress (4): 0.1/2.0 MB | 65/305 kB | 2.3/4.8 kB | 0.9/619 kB
Progress (4): 0.1/2.0 MB | 65/305 kB | 3.6/4.8 kB | 0.9/619 kB
Progress (4): 0.1/2.0 MB | 65/305 kB | 4.8 kB | 0.9/619 kB    
Progress (4): 0.1/2.0 MB | 65/305 kB | 4.8 kB | 2.3/619 kB
Progress (4): 0.1/2.0 MB | 65/305 kB | 4.8 kB | 3.6/619 kB
Progress (4): 0.1/2.0 MB | 65/305 kB | 4.8 kB | 5.0/619 kB
Progress (4): 0.1/2.0 MB | 65/305 kB | 4.8 kB | 6.4/619 kB
Progress (4): 0.1/2.0 MB | 65/305 kB | 4.8 kB | 7.7/619 kB
Progress (4): 0.1/2.0 MB | 65/305 kB | 4.8 kB | 8.2/619 kB
Progress (4): 0.1/2.0 MB | 65/305 kB | 4.8 kB | 9.6/619 kB
Progress (4): 0.1/2.0 MB | 65/305 kB | 4.8 kB | 11/619 kB 
Progress (4): 0.1/2.0 MB | 65/305 kB | 4.8 kB | 12/619 kB
Progress (4): 0.1/2.0 MB | 65/305 kB | 4.8 kB | 14/619 kB
Progress (4): 0.1/2.0 MB | 65/305 kB | 4.8 kB | 15/619 kB
Progress (4): 0.1/2.0 MB | 65/305 kB | 4.8 kB | 16/619 kB
Progress (4): 0.1/2.0 MB | 65/305 kB | 4.8 kB | 18/619 kB
Progress (4): 0.1/2.0 MB | 65/305 kB | 4.8 kB | 19/619 kB
Progress (4): 0.1/2.0 MB | 65/305 kB | 4.8 kB | 21/619 kB
                                                         
Downloaded from central: https://repo.maven.apache.org/maven2/org/springframework/boot/spring-boot-starter/3.3.4/spring-boot-starter-3.3.4.jar (4.8 kB at 18 kB/s)
Progress (3): 0.1/2.0 MB | 65/305 kB | 22/619 kB
                                                
Downloading from central: https://repo.maven.apache.org/maven2/org/apache/logging/log4j/log4j-api/2.23.1/log4j-api-2.23.1.jar
Progress (3): 0.1/2.0 MB | 65/305 kB | 23/619 kB
Progress (3): 0.1/2.0 MB | 65/305 kB | 25/619 kB
Progress (3): 0.1/2.0 MB | 65/305 kB | 26/619 kB
Progress (3): 0.1/2.0 MB | 65/305 kB | 27/619 kB
Progress (3): 0.1/2.0 MB | 65/305 kB | 29/619 kB
Progress (3): 0.1/2.0 MB | 65/305 kB | 30/619 kB
Progress (3): 0.1/2.0 MB | 65/305 kB | 31/619 kB
Progress (3): 0.1/2.0 MB | 65/305 kB | 33/619 kB
Progress (3): 0.1/2.0 MB | 65/305 kB | 34/619 kB
Progress (3): 0.1/2.0 MB | 65/305 kB | 36/619 kB
Progress (3): 0.1/2.0 MB | 65/305 kB | 37/619 kB
Progress (3): 0.1/2.0 MB | 65/305 kB | 38/619 kB
Progress (3): 0.1/2.0 MB | 65/305 kB | 40/619 kB
Progress (3): 0.1/2.0 MB | 65/305 kB | 41/619 kB
Progress (3): 0.1/2.0 MB | 65/305 kB | 42/619 kB
Progress (3): 0.1/2.0 MB | 65/305 kB | 44/619 kB
Progress (3): 0.1/2.0 MB | 65/305 kB | 45/619 kB
Progress (3): 0.1/2.0 MB | 65/305 kB | 47/619 kB
Progress (3): 0.1/2.0 MB | 65/305 kB | 48/619 kB
Progress (3): 0.1/2.0 MB | 65/305 kB | 52/619 kB
Progress (3): 0.1/2.0 MB | 65/305 kB | 56/619 kB
Progress (3): 0.1/2.0 MB | 70/305 kB | 56/619 kB
Progress (3): 0.1/2.0 MB | 70/305 kB | 61/619 kB
Progress (3): 0.1/2.0 MB | 70/305 kB | 61/619 kB
Progress (3): 0.1/2.0 MB | 74/305 kB | 61/619 kB
Progress (3): 0.1/2.0 MB | 78/305 kB | 61/619 kB
Progress (3): 0.1/2.0 MB | 82/305 kB | 61/619 kB
Progress (3): 0.1/2.0 MB | 82/305 kB | 61/619 kB
Progress (3): 0.1/2.0 MB | 82/305 kB | 61/619 kB
Progress (3): 0.1/2.0 MB | 86/305 kB | 61/619 kB
Progress (3): 0.1/2.0 MB | 91/305 kB | 61/619 kB
Progress (3): 0.1/2.0 MB | 91/305 kB | 61/619 kB
Progress (3): 0.1/2.0 MB | 95/305 kB | 61/619 kB
Progress (3): 0.1/2.0 MB | 95/305 kB | 61/619 kB
Progress (3): 0.1/2.0 MB | 99/305 kB | 61/619 kB
Progress (3): 0.1/2.0 MB | 103/305 kB | 61/619 kB
Progress (3): 0.1/2.0 MB | 108/305 kB | 61/619 kB
Progress (3): 0.1/2.0 MB | 112/305 kB | 61/619 kB
Progress (3): 0.1/2.0 MB | 112/305 kB | 61/619 kB
Progress (3): 0.1/2.0 MB | 116/305 kB | 61/619 kB
Progress (3): 0.1/2.0 MB | 116/305 kB | 61/619 kB
Progress (3): 0.1/2.0 MB | 116/305 kB | 61/619 kB
Progress (3): 0.1/2.0 MB | 116/305 kB | 61/619 kB
Progress (3): 0.1/2.0 MB | 116/305 kB | 61/619 kB
Progress (3): 0.1/2.0 MB | 116/305 kB | 61/619 kB
Progress (3): 0.1/2.0 MB | 116/305 kB | 61/619 kB
Progress (3): 0.1/2.0 MB | 120/305 kB | 61/619 kB
Progress (3): 0.1/2.0 MB | 120/305 kB | 61/619 kB
Progress (3): 0.1/2.0 MB | 120/305 kB | 61/619 kB
Progress (3): 0.1/2.0 MB | 120/305 kB | 65/619 kB
Progress (3): 0.1/2.0 MB | 120/305 kB | 69/619 kB
Progress (3): 0.1/2.0 MB | 120/305 kB | 73/619 kB
Progress (3): 0.1/2.0 MB | 120/305 kB | 74/619 kB
Progress (3): 0.1/2.0 MB | 120/305 kB | 78/619 kB
Progress (3): 0.1/2.0 MB | 120/305 kB | 82/619 kB
Progress (3): 0.1/2.0 MB | 120/305 kB | 86/619 kB
Progress (3): 0.1/2.0 MB | 120/305 kB | 91/619 kB
Progress (3): 0.1/2.0 MB | 120/305 kB | 95/619 kB
Progress (3): 0.1/2.0 MB | 120/305 kB | 99/619 kB
Progress (3): 0.1/2.0 MB | 120/305 kB | 103/619 kB
Progress (3): 0.1/2.0 MB | 120/305 kB | 108/619 kB
Progress (3): 0.1/2.0 MB | 120/305 kB | 112/619 kB
Progress (3): 0.1/2.0 MB | 120/305 kB | 116/619 kB
Progress (3): 0.1/2.0 MB | 122/305 kB | 116/619 kB
Progress (3): 0.1/2.0 MB | 127/305 kB | 116/619 kB
Progress (3): 0.1/2.0 MB | 127/305 kB | 120/619 kB
Progress (3): 0.1/2.0 MB | 131/305 kB | 120/619 kB
Progress (3): 0.1/2.0 MB | 135/305 kB | 120/619 kB
Progress (3): 0.1/2.0 MB | 135/305 kB | 124/619 kB
Progress (3): 0.1/2.0 MB | 139/305 kB | 124/619 kB
Progress (3): 0.1/2.0 MB | 139/305 kB | 129/619 kB
Progress (3): 0.1/2.0 MB | 139/305 kB | 129/619 kB
Progress (3): 0.1/2.0 MB | 144/305 kB | 129/619 kB
Progress (3): 0.1/2.0 MB | 144/305 kB | 133/619 kB
Progress (3): 0.1/2.0 MB | 144/305 kB | 133/619 kB
Progress (3): 0.1/2.0 MB | 144/305 kB | 133/619 kB
Progress (3): 0.1/2.0 MB | 144/305 kB | 137/619 kB
Progress (3): 0.1/2.0 MB | 144/305 kB | 141/619 kB
Progress (3): 0.1/2.0 MB | 144/305 kB | 141/619 kB
Progress (3): 0.1/2.0 MB | 144/305 kB | 141/619 kB
Progress (3): 0.1/2.0 MB | 148/305 kB | 141/619 kB
Progress (3): 0.1/2.0 MB | 148/305 kB | 146/619 kB
Progress (3): 0.1/2.0 MB | 148/305 kB | 150/619 kB
Progress (3): 0.1/2.0 MB | 152/305 kB | 150/619 kB
Progress (3): 0.1/2.0 MB | 152/305 kB | 154/619 kB
Progress (3): 0.1/2.0 MB | 156/305 kB | 154/619 kB
Progress (3): 0.1/2.0 MB | 156/305 kB | 154/619 kB
Progress (3): 0.1/2.0 MB | 156/305 kB | 154/619 kB
Progress (3): 0.1/2.0 MB | 156/305 kB | 158/619 kB
Progress (3): 0.2/2.0 MB | 156/305 kB | 158/619 kB
Progress (3): 0.2/2.0 MB | 160/305 kB | 158/619 kB
Progress (3): 0.2/2.0 MB | 160/305 kB | 163/619 kB
Progress (3): 0.2/2.0 MB | 165/305 kB | 163/619 kB
Progress (3): 0.2/2.0 MB | 169/305 kB | 163/619 kB
Progress (3): 0.2/2.0 MB | 173/305 kB | 163/619 kB
Progress (3): 0.2/2.0 MB | 173/305 kB | 167/619 kB
Progress (3): 0.2/2.0 MB | 173/305 kB | 167/619 kB
Progress (3): 0.2/2.0 MB | 177/305 kB | 167/619 kB
Progress (4): 0.2/2.0 MB | 177/305 kB | 167/619 kB | 7.7/23 kB
Progress (4): 0.2/2.0 MB | 177/305 kB | 167/619 kB | 16/23 kB 
Progress (4): 0.2/2.0 MB | 177/305 kB | 171/619 kB | 16/23 kB
Progress (4): 0.2/2.0 MB | 177/305 kB | 175/619 kB | 16/23 kB
Progress (4): 0.2/2.0 MB | 177/305 kB | 175/619 kB | 23 kB   
Progress (4): 0.2/2.0 MB | 182/305 kB | 175/619 kB | 23 kB
                                                          
Downloaded from central: https://repo.maven.apache.org/maven2/org/apache/logging/log4j/log4j-to-slf4j/2.23.1/log4j-to-slf4j-2.23.1.jar (23 kB at 74 kB/s)
Downloading from central: https://repo.maven.apache.org/maven2/org/slf4j/jul-to-slf4j/2.0.16/jul-to-slf4j-2.0.16.jar
Progress (3): 0.2/2.0 MB | 182/305 kB | 179/619 kB
Progress (3): 0.2/2.0 MB | 182/305 kB | 179/619 kB
Progress (3): 0.2/2.0 MB | 186/305 kB | 179/619 kB
Progress (3): 0.2/2.0 MB | 186/305 kB | 179/619 kB
Progress (3): 0.2/2.0 MB | 190/305 kB | 179/619 kB
Progress (3): 0.2/2.0 MB | 190/305 kB | 179/619 kB
Progress (3): 0.2/2.0 MB | 190/305 kB | 179/619 kB
Progress (3): 0.2/2.0 MB | 190/305 kB | 179/619 kB
Progress (3): 0.2/2.0 MB | 190/305 kB | 179/619 kB
Progress (3): 0.2/2.0 MB | 190/305 kB | 179/619 kB
Progress (3): 0.2/2.0 MB | 190/305 kB | 179/619 kB
Progress (3): 0.2/2.0 MB | 194/305 kB | 179/619 kB
Progress (3): 0.2/2.0 MB | 199/305 kB | 179/619 kB
Progress (3): 0.2/2.0 MB | 203/305 kB | 179/619 kB
Progress (3): 0.2/2.0 MB | 207/305 kB | 179/619 kB
Progress (3): 0.2/2.0 MB | 211/305 kB | 179/619 kB
Progress (3): 0.2/2.0 MB | 215/305 kB | 179/619 kB
Progress (3): 0.2/2.0 MB | 220/305 kB | 179/619 kB
Progress (3): 0.2/2.0 MB | 220/305 kB | 184/619 kB
Progress (3): 0.2/2.0 MB | 220/305 kB | 188/619 kB
Progress (3): 0.2/2.0 MB | 220/305 kB | 188/619 kB
Progress (3): 0.2/2.0 MB | 220/305 kB | 188/619 kB
Progress (3): 0.2/2.0 MB | 220/305 kB | 192/619 kB
Progress (3): 0.2/2.0 MB | 220/305 kB | 192/619 kB
Progress (3): 0.2/2.0 MB | 220/305 kB | 196/619 kB
Progress (3): 0.2/2.0 MB | 220/305 kB | 196/619 kB
Progress (3): 0.2/2.0 MB | 220/305 kB | 196/619 kB
Progress (3): 0.2/2.0 MB | 220/305 kB | 196/619 kB
Progress (3): 0.2/2.0 MB | 220/305 kB | 201/619 kB
Progress (3): 0.2/2.0 MB | 236/305 kB | 201/619 kB
Progress (3): 0.2/2.0 MB | 236/305 kB | 205/619 kB
Progress (3): 0.2/2.0 MB | 236/305 kB | 209/619 kB
Progress (3): 0.2/2.0 MB | 236/305 kB | 213/619 kB
Progress (3): 0.2/2.0 MB | 236/305 kB | 213/619 kB
Progress (3): 0.2/2.0 MB | 236/305 kB | 213/619 kB
Progress (3): 0.2/2.0 MB | 236/305 kB | 230/619 kB
Progress (3): 0.2/2.0 MB | 236/305 kB | 246/619 kB
Progress (4): 0.2/2.0 MB | 236/305 kB | 246/619 kB | 0.9/343 kB
Progress (4): 0.2/2.0 MB | 236/305 kB | 246/619 kB | 2.3/343 kB
Progress (4): 0.2/2.0 MB | 236/305 kB | 246/619 kB | 3.6/343 kB
Progress (4): 0.2/2.0 MB | 236/305 kB | 246/619 kB | 5.0/343 kB
Progress (4): 0.2/2.0 MB | 236/305 kB | 246/619 kB | 6.4/343 kB
Progress (4): 0.2/2.0 MB | 236/305 kB | 246/619 kB | 7.7/343 kB
Progress (4): 0.2/2.0 MB | 236/305 kB | 246/619 kB | 9.1/343 kB
Progress (4): 0.2/2.0 MB | 236/305 kB | 246/619 kB | 10/343 kB 
Progress (4): 0.2/2.0 MB | 236/305 kB | 262/619 kB | 10/343 kB
Progress (4): 0.2/2.0 MB | 252/305 kB | 262/619 kB | 10/343 kB
Progress (4): 0.2/2.0 MB | 253/305 kB | 262/619 kB | 10/343 kB
Progress (4): 0.2/2.0 MB | 253/305 kB | 262/619 kB | 12/343 kB
Progress (4): 0.2/2.0 MB | 253/305 kB | 262/619 kB | 13/343 kB
Progress (4): 0.2/2.0 MB | 253/305 kB | 262/619 kB | 15/343 kB
Progress (4): 0.2/2.0 MB | 253/305 kB | 262/619 kB | 16/343 kB
Progress (4): 0.2/2.0 MB | 253/305 kB | 262/619 kB | 17/343 kB
Progress (4): 0.2/2.0 MB | 253/305 kB | 262/619 kB | 19/343 kB
Progress (4): 0.2/2.0 MB | 253/305 kB | 262/619 kB | 20/343 kB
Progress (4): 0.2/2.0 MB | 253/305 kB | 262/619 kB | 21/343 kB
Progress (4): 0.2/2.0 MB | 253/305 kB | 262/619 kB | 23/343 kB
Progress (4): 0.2/2.0 MB | 253/305 kB | 262/619 kB | 24/343 kB
Progress (4): 0.2/2.0 MB | 253/305 kB | 262/619 kB | 26/343 kB
Progress (4): 0.2/2.0 MB | 253/305 kB | 262/619 kB | 27/343 kB
Progress (4): 0.2/2.0 MB | 253/305 kB | 262/619 kB | 28/343 kB
Progress (4): 0.2/2.0 MB | 253/305 kB | 262/619 kB | 30/343 kB
Progress (4): 0.2/2.0 MB | 253/305 kB | 262/619 kB | 31/343 kB
Progress (4): 0.2/2.0 MB | 253/305 kB | 262/619 kB | 32/343 kB
Progress (4): 0.2/2.0 MB | 253/305 kB | 262/619 kB | 34/343 kB
Progress (4): 0.2/2.0 MB | 253/305 kB | 262/619 kB | 35/343 kB
Progress (4): 0.2/2.0 MB | 253/305 kB | 262/619 kB | 36/343 kB
Progress (4): 0.3/2.0 MB | 253/305 kB | 262/619 kB | 36/343 kB
Progress (4): 0.3/2.0 MB | 253/305 kB | 279/619 kB | 36/343 kB
Progress (4): 0.3/2.0 MB | 253/305 kB | 279/619 kB | 38/343 kB
Progress (4): 0.3/2.0 MB | 270/305 kB | 279/619 kB | 38/343 kB
Progress (4): 0.3/2.0 MB | 270/305 kB | 279/619 kB | 39/343 kB
Progress (4): 0.3/2.0 MB | 270/305 kB | 279/619 kB | 41/343 kB
Progress (4): 0.3/2.0 MB | 270/305 kB | 279/619 kB | 41/343 kB
Progress (4): 0.3/2.0 MB | 270/305 kB | 279/619 kB | 42/343 kB
Progress (4): 0.3/2.0 MB | 270/305 kB | 279/619 kB | 43/343 kB
Progress (4): 0.3/2.0 MB | 270/305 kB | 279/619 kB | 45/343 kB
Progress (4): 0.3/2.0 MB | 270/305 kB | 279/619 kB | 46/343 kB
Progress (4): 0.3/2.0 MB | 270/305 kB | 279/619 kB | 47/343 kB
Progress (4): 0.3/2.0 MB | 270/305 kB | 279/619 kB | 49/343 kB
Progress (4): 0.3/2.0 MB | 270/305 kB | 295/619 kB | 49/343 kB
Progress (4): 0.3/2.0 MB | 270/305 kB | 295/619 kB | 50/343 kB
Progress (4): 0.3/2.0 MB | 270/305 kB | 295/619 kB | 54/343 kB
Progress (4): 0.3/2.0 MB | 270/305 kB | 312/619 kB | 54/343 kB
Progress (4): 0.3/2.0 MB | 270/305 kB | 312/619 kB | 59/343 kB
Progress (4): 0.3/2.0 MB | 286/305 kB | 312/619 kB | 59/343 kB
Progress (4): 0.3/2.0 MB | 303/305 kB | 312/619 kB | 59/343 kB
Progress (4): 0.3/2.0 MB | 305 kB | 312/619 kB | 59/343 kB    
Progress (4): 0.3/2.0 MB | 305 kB | 328/619 kB | 59/343 kB
Progress (4): 0.3/2.0 MB | 305 kB | 336/619 kB | 59/343 kB
Progress (4): 0.3/2.0 MB | 305 kB | 336/619 kB | 59/343 kB
                                                          
Downloaded from central: https://repo.maven.apache.org/maven2/ch/qos/logback/logback-classic/1.5.8/logback-classic-1.5.8.jar (305 kB at 808 kB/s)
Downloading from central: https://repo.maven.apache.org/maven2/jakarta/annotation/jakarta.annotation-api/2.1.1/jakarta.annotation-api-2.1.1.jar
Progress (3): 0.3/2.0 MB | 336/619 kB | 59/343 kB
Progress (3): 0.3/2.0 MB | 352/619 kB | 59/343 kB
Progress (3): 0.3/2.0 MB | 352/619 kB | 59/343 kB
Progress (4): 0.3/2.0 MB | 352/619 kB | 59/343 kB | 3.4/6.4 kB
Progress (4): 0.3/2.0 MB | 352/619 kB | 59/343 kB | 6.4 kB    
Progress (4): 0.3/2.0 MB | 369/619 kB | 59/343 kB | 6.4 kB
                                                          
Downloaded from central: https://repo.maven.apache.org/maven2/org/slf4j/jul-to-slf4j/2.0.16/jul-to-slf4j-2.0.16.jar (6.4 kB at 17 kB/s)
Downloading from central: https://repo.maven.apache.org/maven2/org/yaml/snakeyaml/2.2/snakeyaml-2.2.jar
Progress (3): 0.3/2.0 MB | 369/619 kB | 59/343 kB
Progress (3): 0.3/2.0 MB | 369/619 kB | 59/343 kB
Progress (3): 0.3/2.0 MB | 385/619 kB | 59/343 kB
Progress (3): 0.3/2.0 MB | 401/619 kB | 59/343 kB
Progress (3): 0.3/2.0 MB | 418/619 kB | 59/343 kB
Progress (3): 0.4/2.0 MB | 418/619 kB | 59/343 kB
Progress (3): 0.4/2.0 MB | 434/619 kB | 59/343 kB
Progress (3): 0.4/2.0 MB | 434/619 kB | 59/343 kB
Progress (3): 0.4/2.0 MB | 451/619 kB | 59/343 kB
Progress (3): 0.4/2.0 MB | 451/619 kB | 59/343 kB
Progress (3): 0.4/2.0 MB | 467/619 kB | 59/343 kB
Progress (3): 0.4/2.0 MB | 483/619 kB | 59/343 kB
Progress (3): 0.4/2.0 MB | 500/619 kB | 59/343 kB
Progress (3): 0.4/2.0 MB | 516/619 kB | 59/343 kB
Progress (3): 0.4/2.0 MB | 516/619 kB | 63/343 kB
Progress (3): 0.4/2.0 MB | 516/619 kB | 67/343 kB
Progress (3): 0.4/2.0 MB | 516/619 kB | 71/343 kB
Progress (3): 0.4/2.0 MB | 516/619 kB | 76/343 kB
Progress (3): 0.4/2.0 MB | 516/619 kB | 80/343 kB
Progress (3): 0.4/2.0 MB | 516/619 kB | 84/343 kB
Progress (3): 0.4/2.0 MB | 516/619 kB | 88/343 kB
Progress (3): 0.4/2.0 MB | 516/619 kB | 92/343 kB
Progress (3): 0.4/2.0 MB | 516/619 kB | 97/343 kB
Progress (3): 0.4/2.0 MB | 516/619 kB | 101/343 kB
Progress (3): 0.4/2.0 MB | 516/619 kB | 105/343 kB
Progress (3): 0.4/2.0 MB | 516/619 kB | 109/343 kB
Progress (3): 0.4/2.0 MB | 516/619 kB | 114/343 kB
Progress (3): 0.4/2.0 MB | 516/619 kB | 118/343 kB
Progress (3): 0.4/2.0 MB | 516/619 kB | 122/343 kB
Progress (3): 0.4/2.0 MB | 516/619 kB | 126/343 kB
Progress (3): 0.4/2.0 MB | 516/619 kB | 131/343 kB
Progress (3): 0.4/2.0 MB | 516/619 kB | 131/343 kB
Progress (3): 0.4/2.0 MB | 516/619 kB | 135/343 kB
Progress (3): 0.4/2.0 MB | 516/619 kB | 139/343 kB
Progress (3): 0.4/2.0 MB | 516/619 kB | 143/343 kB
Progress (3): 0.4/2.0 MB | 516/619 kB | 147/343 kB
Progress (3): 0.4/2.0 MB | 516/619 kB | 152/343 kB
Progress (3): 0.4/2.0 MB | 516/619 kB | 156/343 kB
Progress (3): 0.4/2.0 MB | 516/619 kB | 160/343 kB
Progress (3): 0.4/2.0 MB | 516/619 kB | 164/343 kB
Progress (3): 0.4/2.0 MB | 516/619 kB | 169/343 kB
Progress (3): 0.4/2.0 MB | 516/619 kB | 173/343 kB
Progress (3): 0.4/2.0 MB | 532/619 kB | 173/343 kB
Progress (3): 0.4/2.0 MB | 549/619 kB | 173/343 kB
Progress (3): 0.4/2.0 MB | 565/619 kB | 173/343 kB
Progress (3): 0.4/2.0 MB | 565/619 kB | 177/343 kB
Progress (3): 0.4/2.0 MB | 582/619 kB | 177/343 kB
Progress (3): 0.4/2.0 MB | 582/619 kB | 181/343 kB
Progress (3): 0.4/2.0 MB | 582/619 kB | 186/343 kB
Progress (3): 0.4/2.0 MB | 582/619 kB | 190/343 kB
Progress (3): 0.4/2.0 MB | 582/619 kB | 190/343 kB
Progress (3): 0.4/2.0 MB | 598/619 kB | 190/343 kB
Progress (3): 0.4/2.0 MB | 598/619 kB | 194/343 kB
Progress (3): 0.4/2.0 MB | 598/619 kB | 198/343 kB
Progress (3): 0.4/2.0 MB | 614/619 kB | 198/343 kB
Progress (3): 0.4/2.0 MB | 614/619 kB | 198/343 kB
Progress (3): 0.4/2.0 MB | 619 kB | 198/343 kB    
Progress (3): 0.4/2.0 MB | 619 kB | 202/343 kB
                                              
Downloaded from central: https://repo.maven.apache.org/maven2/ch/qos/logback/logback-core/1.5.8/logback-core-1.5.8.jar (619 kB at 1.4 MB/s)
Downloading from central: https://repo.maven.apache.org/maven2/org/springframework/boot/spring-boot-starter-json/3.3.4/spring-boot-starter-json-3.3.4.jar
Progress (2): 0.4/2.0 MB | 202/343 kB
Progress (2): 0.4/2.0 MB | 207/343 kB
Progress (3): 0.4/2.0 MB | 207/343 kB | 7.7/334 kB
Progress (3): 0.4/2.0 MB | 207/343 kB | 12/334 kB 
Progress (3): 0.5/2.0 MB | 207/343 kB | 12/334 kB
Progress (3): 0.5/2.0 MB | 207/343 kB | 12/334 kB
Progress (3): 0.5/2.0 MB | 211/343 kB | 12/334 kB
Progress (3): 0.5/2.0 MB | 211/343 kB | 29/334 kB
Progress (3): 0.5/2.0 MB | 215/343 kB | 29/334 kB
Progress (3): 0.5/2.0 MB | 215/343 kB | 29/334 kB
Progress (3): 0.5/2.0 MB | 215/343 kB | 29/334 kB
Progress (3): 0.5/2.0 MB | 215/343 kB | 45/334 kB
Progress (3): 0.5/2.0 MB | 215/343 kB | 45/334 kB
Progress (3): 0.5/2.0 MB | 215/343 kB | 45/334 kB
Progress (3): 0.6/2.0 MB | 215/343 kB | 45/334 kB
Progress (3): 0.6/2.0 MB | 215/343 kB | 45/334 kB
Progress (3): 0.6/2.0 MB | 215/343 kB | 61/334 kB
Progress (3): 0.6/2.0 MB | 215/343 kB | 61/334 kB
Progress (3): 0.6/2.0 MB | 215/343 kB | 78/334 kB
Progress (3): 0.6/2.0 MB | 215/343 kB | 78/334 kB
Progress (3): 0.6/2.0 MB | 215/343 kB | 78/334 kB
Progress (3): 0.6/2.0 MB | 215/343 kB | 94/334 kB
Progress (3): 0.6/2.0 MB | 215/343 kB | 94/334 kB
Progress (3): 0.6/2.0 MB | 215/343 kB | 111/334 kB
Progress (3): 0.7/2.0 MB | 215/343 kB | 111/334 kB
Progress (3): 0.7/2.0 MB | 215/343 kB | 111/334 kB
Progress (3): 0.7/2.0 MB | 215/343 kB | 111/334 kB
Progress (4): 0.7/2.0 MB | 215/343 kB | 111/334 kB | 7.7/26 kB
Progress (4): 0.7/2.0 MB | 215/343 kB | 127/334 kB | 7.7/26 kB
Progress (4): 0.7/2.0 MB | 215/343 kB | 127/334 kB | 16/26 kB 
Progress (4): 0.7/2.0 MB | 215/343 kB | 127/334 kB | 26 kB   
                                                          
Downloaded from central: https://repo.maven.apache.org/maven2/jakarta/annotation/jakarta.annotation-api/2.1.1/jakarta.annotation-api-2.1.1.jar (26 kB at 55 kB/s)
Downloading from central: https://repo.maven.apache.org/maven2/com/fasterxml/jackson/datatype/jackson-datatype-jdk8/2.17.2/jackson-datatype-jdk8-2.17.2.jar
Progress (3): 0.7/2.0 MB | 215/343 kB | 143/334 kB
Progress (3): 0.7/2.0 MB | 215/343 kB | 143/334 kB
Progress (3): 0.7/2.0 MB | 215/343 kB | 160/334 kB
Progress (3): 0.7/2.0 MB | 215/343 kB | 160/334 kB
Progress (3): 0.7/2.0 MB | 215/343 kB | 176/334 kB
Progress (3): 0.7/2.0 MB | 215/343 kB | 176/334 kB
Progress (3): 0.7/2.0 MB | 215/343 kB | 193/334 kB
Progress (3): 0.8/2.0 MB | 215/343 kB | 193/334 kB
Progress (3): 0.8/2.0 MB | 215/343 kB | 209/334 kB
Progress (3): 0.8/2.0 MB | 215/343 kB | 225/334 kB
Progress (3): 0.8/2.0 MB | 215/343 kB | 225/334 kB
Progress (3): 0.8/2.0 MB | 215/343 kB | 242/334 kB
Progress (3): 0.8/2.0 MB | 215/343 kB | 242/334 kB
Progress (3): 0.8/2.0 MB | 215/343 kB | 258/334 kB
Progress (3): 0.8/2.0 MB | 215/343 kB | 274/334 kB
Progress (3): 0.8/2.0 MB | 215/343 kB | 274/334 kB
Progress (3): 0.8/2.0 MB | 215/343 kB | 291/334 kB
Progress (3): 0.8/2.0 MB | 215/343 kB | 291/334 kB
Progress (3): 0.8/2.0 MB | 232/343 kB | 291/334 kB
Progress (3): 0.8/2.0 MB | 232/343 kB | 307/334 kB
Progress (3): 0.8/2.0 MB | 232/343 kB | 324/334 kB
Progress (3): 0.8/2.0 MB | 248/343 kB | 324/334 kB
Progress (3): 0.8/2.0 MB | 248/343 kB | 334 kB    
Progress (3): 0.8/2.0 MB | 248/343 kB | 334 kB
Progress (3): 0.8/2.0 MB | 262/343 kB | 334 kB
Progress (3): 0.9/2.0 MB | 262/343 kB | 334 kB
Progress (3): 0.9/2.0 MB | 278/343 kB | 334 kB
                                              
Downloaded from central: https://repo.maven.apache.org/maven2/org/yaml/snakeyaml/2.2/snakeyaml-2.2.jar (334 kB at 674 kB/s)
Downloading from central: https://repo.maven.apache.org/maven2/com/fasterxml/jackson/datatype/jackson-datatype-jsr310/2.17.2/jackson-datatype-jsr310-2.17.2.jar
Progress (2): 0.9/2.0 MB | 278/343 kB
Progress (2): 0.9/2.0 MB | 294/343 kB
Progress (2): 0.9/2.0 MB | 311/343 kB
Progress (2): 0.9/2.0 MB | 327/343 kB
Progress (2): 0.9/2.0 MB | 343 kB    
Progress (2): 0.9/2.0 MB | 343 kB
                                 
Downloaded from central: https://repo.maven.apache.org/maven2/org/apache/logging/log4j/log4j-api/2.23.1/log4j-api-2.23.1.jar (343 kB at 686 kB/s)
Downloading from central: https://repo.maven.apache.org/maven2/com/fasterxml/jackson/module/jackson-module-parameter-names/2.17.2/jackson-module-parameter-names-2.17.2.jar
Progress (1): 0.9/2.0 MB
Progress (1): 0.9/2.0 MB
Progress (1): 0.9/2.0 MB
Progress (1): 1.0/2.0 MB
Progress (1): 1.0/2.0 MB
Progress (1): 1.0/2.0 MB
Progress (1): 1.0/2.0 MB
Progress (1): 1.0/2.0 MB
Progress (1): 1.0/2.0 MB
Progress (1): 1.0/2.0 MB
Progress (1): 1.1/2.0 MB
Progress (1): 1.1/2.0 MB
Progress (1): 1.1/2.0 MB
Progress (1): 1.1/2.0 MB
Progress (1): 1.1/2.0 MB
Progress (1): 1.1/2.0 MB
Progress (1): 1.2/2.0 MB
Progress (1): 1.2/2.0 MB
Progress (1): 1.2/2.0 MB
Progress (1): 1.2/2.0 MB
Progress (1): 1.2/2.0 MB
Progress (1): 1.2/2.0 MB
Progress (1): 1.3/2.0 MB
Progress (1): 1.3/2.0 MB
Progress (1): 1.3/2.0 MB
Progress (2): 1.3/2.0 MB | 4.7 kB
Progress (2): 1.3/2.0 MB | 4.7 kB
                                 
Downloaded from central: https://repo.maven.apache.org/maven2/org/springframework/boot/spring-boot-starter-json/3.3.4/spring-boot-starter-json-3.3.4.jar (4.7 kB at 9.0 kB/s)
Downloading from central: https://repo.maven.apache.org/maven2/org/springframework/boot/spring-boot-starter-reactor-netty/3.3.4/spring-boot-starter-reactor-netty-3.3.4.jar
Progress (1): 1.3/2.0 MB
Progress (1): 1.3/2.0 MB
Progress (1): 1.4/2.0 MB
Progress (1): 1.4/2.0 MB
Progress (1): 1.4/2.0 MB
Progress (1): 1.4/2.0 MB
Progress (1): 1.4/2.0 MB
Progress (1): 1.4/2.0 MB
Progress (1): 1.4/2.0 MB
Progress (1): 1.5/2.0 MB
Progress (1): 1.5/2.0 MB
Progress (1): 1.5/2.0 MB
Progress (1): 1.5/2.0 MB
Progress (1): 1.5/2.0 MB
Progress (1): 1.5/2.0 MB
Progress (1): 1.6/2.0 MB
Progress (1): 1.6/2.0 MB
Progress (1): 1.6/2.0 MB
Progress (1): 1.6/2.0 MB
Progress (1): 1.6/2.0 MB
Progress (1): 1.6/2.0 MB
Progress (1): 1.7/2.0 MB
Progress (1): 1.7/2.0 MB
Progress (1): 1.7/2.0 MB
Progress (1): 1.7/2.0 MB
Progress (1): 1.7/2.0 MB
Progress (1): 1.7/2.0 MB
Progress (1): 1.8/2.0 MB
Progress (1): 1.8/2.0 MB
Progress (2): 1.8/2.0 MB | 7.5/36 kB
Progress (2): 1.8/2.0 MB | 7.5/36 kB
Progress (2): 1.8/2.0 MB | 7.5/36 kB
Progress (2): 1.8/2.0 MB | 24/36 kB 
Progress (2): 1.8/2.0 MB | 24/36 kB
Progress (2): 1.8/2.0 MB | 24/36 kB
Progress (2): 1.9/2.0 MB | 24/36 kB
Progress (2): 1.9/2.0 MB | 36 kB   
Progress (2): 1.9/2.0 MB | 36 kB
Progress (3): 1.9/2.0 MB | 36 kB | 7.7/132 kB
                                             
Downloaded from central: https://repo.maven.apache.org/maven2/com/fasterxml/jackson/datatype/jackson-datatype-jdk8/2.17.2/jackson-datatype-jdk8-2.17.2.jar (36 kB at 64 kB/s)
Progress (2): 1.9/2.0 MB | 12/132 kB
                                    
Downloading from central: https://repo.maven.apache.org/maven2/io/projectreactor/netty/reactor-netty-http/1.1.22/reactor-netty-http-1.1.22.jar
Progress (2): 1.9/2.0 MB | 12/132 kB
Progress (2): 1.9/2.0 MB | 29/132 kB
Progress (2): 1.9/2.0 MB | 45/132 kB
Progress (2): 1.9/2.0 MB | 45/132 kB
Progress (2): 1.9/2.0 MB | 61/132 kB
Progress (2): 1.9/2.0 MB | 61/132 kB
Progress (3): 1.9/2.0 MB | 61/132 kB | 3.4/10 kB
Progress (3): 1.9/2.0 MB | 61/132 kB | 10 kB    
Progress (3): 1.9/2.0 MB | 61/132 kB | 10 kB
Progress (3): 1.9/2.0 MB | 78/132 kB | 10 kB
Progress (3): 2.0/2.0 MB | 78/132 kB | 10 kB
                                            
Downloaded from central: https://repo.maven.apache.org/maven2/com/fasterxml/jackson/module/jackson-module-parameter-names/2.17.2/jackson-module-parameter-names-2.17.2.jar (10 kB at 18 kB/s)
Downloading from central: https://repo.maven.apache.org/maven2/io/netty/netty-codec-http/4.1.113.Final/netty-codec-http-4.1.113.Final.jar
Progress (2): 2.0/2.0 MB | 94/132 kB
Progress (2): 2.0 MB | 94/132 kB    
Progress (2): 2.0 MB | 111/132 kB
                                 
Downloaded from central: https://repo.maven.apache.org/maven2/org/springframework/boot/spring-boot-autoconfigure/3.3.4/spring-boot-autoconfigure-3.3.4.jar (2.0 MB at 3.4 MB/s)
Downloading from central: https://repo.maven.apache.org/maven2/io/netty/netty-codec-http2/4.1.113.Final/netty-codec-http2-4.1.113.Final.jar
Progress (1): 127/132 kB
Progress (1): 132 kB    
                    
Downloaded from central: https://repo.maven.apache.org/maven2/com/fasterxml/jackson/datatype/jackson-datatype-jsr310/2.17.2/jackson-datatype-jsr310-2.17.2.jar (132 kB at 229 kB/s)
Downloading from central: https://repo.maven.apache.org/maven2/org/springframework/spring-web/6.1.13/spring-web-6.1.13.jar
Progress (1): 4.8 kB
                    
Downloaded from central: https://repo.maven.apache.org/maven2/org/springframework/boot/spring-boot-starter-reactor-netty/3.3.4/spring-boot-starter-reactor-netty-3.3.4.jar (4.8 kB at 8.0 kB/s)
Downloading from central: https://repo.maven.apache.org/maven2/org/springframework/spring-beans/6.1.13/spring-beans-6.1.13.jar
Progress (1): 7.7/490 kB
Progress (1): 12/490 kB 
Progress (1): 29/490 kB
Progress (1): 45/490 kB
Progress (1): 61/490 kB
Progress (1): 78/490 kB
Progress (1): 94/490 kB
Progress (1): 111/490 kB
Progress (1): 127/490 kB
Progress (1): 143/490 kB
Progress (1): 160/490 kB
Progress (2): 160/490 kB | 0/1.9 MB
Progress (2): 176/490 kB | 0/1.9 MB
Progress (2): 193/490 kB | 0/1.9 MB
Progress (2): 209/490 kB | 0/1.9 MB
Progress (2): 225/490 kB | 0/1.9 MB
Progress (3): 225/490 kB | 0/1.9 MB | 7.7/480 kB
Progress (3): 225/490 kB | 0/1.9 MB | 16/480 kB 
Progress (4): 225/490 kB | 0/1.9 MB | 16/480 kB | 7.7/668 kB
Progress (4): 225/490 kB | 0/1.9 MB | 16/480 kB | 16/668 kB 
Progress (4): 242/490 kB | 0/1.9 MB | 16/480 kB | 16/668 kB
Progress (4): 242/490 kB | 0/1.9 MB | 16/480 kB | 32/668 kB
Progress (4): 242/490 kB | 0/1.9 MB | 16/480 kB | 32/668 kB
Progress (4): 258/490 kB | 0/1.9 MB | 16/480 kB | 32/668 kB
Progress (4): 258/490 kB | 0/1.9 MB | 16/480 kB | 32/668 kB
Progress (4): 258/490 kB | 0/1.9 MB | 32/480 kB | 32/668 kB
Progress (4): 258/490 kB | 0/1.9 MB | 32/480 kB | 48/668 kB
Progress (4): 274/490 kB | 0/1.9 MB | 32/480 kB | 48/668 kB
Progress (4): 274/490 kB | 0/1.9 MB | 32/480 kB | 65/668 kB
Progress (4): 274/490 kB | 0/1.9 MB | 32/480 kB | 81/668 kB
Progress (4): 291/490 kB | 0/1.9 MB | 32/480 kB | 81/668 kB
Progress (4): 291/490 kB | 0/1.9 MB | 32/480 kB | 98/668 kB
Progress (4): 307/490 kB | 0/1.9 MB | 32/480 kB | 98/668 kB
Progress (4): 307/490 kB | 0/1.9 MB | 48/480 kB | 98/668 kB
Progress (4): 307/490 kB | 0/1.9 MB | 48/480 kB | 101/668 kB
Progress (4): 307/490 kB | 0/1.9 MB | 65/480 kB | 101/668 kB
Progress (4): 307/490 kB | 0/1.9 MB | 65/480 kB | 118/668 kB
Progress (4): 307/490 kB | 0.1/1.9 MB | 65/480 kB | 118/668 kB
Progress (4): 324/490 kB | 0.1/1.9 MB | 65/480 kB | 118/668 kB
Progress (4): 324/490 kB | 0.1/1.9 MB | 65/480 kB | 134/668 kB
Progress (4): 340/490 kB | 0.1/1.9 MB | 65/480 kB | 134/668 kB
Progress (4): 340/490 kB | 0.1/1.9 MB | 65/480 kB | 150/668 kB
Progress (4): 340/490 kB | 0.1/1.9 MB | 65/480 kB | 167/668 kB
Progress (4): 356/490 kB | 0.1/1.9 MB | 65/480 kB | 167/668 kB
Progress (4): 356/490 kB | 0.1/1.9 MB | 65/480 kB | 183/668 kB
Progress (4): 373/490 kB | 0.1/1.9 MB | 65/480 kB | 183/668 kB
Progress (4): 389/490 kB | 0.1/1.9 MB | 65/480 kB | 183/668 kB
Progress (4): 389/490 kB | 0.1/1.9 MB | 65/480 kB | 200/668 kB
Progress (4): 406/490 kB | 0.1/1.9 MB | 65/480 kB | 200/668 kB
Progress (4): 406/490 kB | 0.1/1.9 MB | 65/480 kB | 216/668 kB
Progress (4): 406/490 kB | 0.1/1.9 MB | 81/480 kB | 216/668 kB
Progress (4): 422/490 kB | 0.1/1.9 MB | 81/480 kB | 216/668 kB
Progress (4): 422/490 kB | 0.1/1.9 MB | 81/480 kB | 232/668 kB
Progress (4): 438/490 kB | 0.1/1.9 MB | 81/480 kB | 232/668 kB
Progress (4): 455/490 kB | 0.1/1.9 MB | 81/480 kB | 232/668 kB
Progress (4): 455/490 kB | 0.1/1.9 MB | 81/480 kB | 249/668 kB
Progress (4): 455/490 kB | 0.1/1.9 MB | 98/480 kB | 249/668 kB
Progress (4): 455/490 kB | 0.1/1.9 MB | 98/480 kB | 261/668 kB
Progress (4): 471/490 kB | 0.1/1.9 MB | 98/480 kB | 261/668 kB
Progress (4): 487/490 kB | 0.1/1.9 MB | 98/480 kB | 261/668 kB
Progress (4): 490 kB | 0.1/1.9 MB | 98/480 kB | 261/668 kB    
Progress (4): 490 kB | 0.1/1.9 MB | 98/480 kB | 261/668 kB
Progress (4): 490 kB | 0.1/1.9 MB | 98/480 kB | 278/668 kB
Progress (4): 490 kB | 0.1/1.9 MB | 98/480 kB | 278/668 kB
Progress (4): 490 kB | 0.1/1.9 MB | 98/480 kB | 294/668 kB
                                                          
Downloaded from central: https://repo.maven.apache.org/maven2/io/netty/netty-codec-http2/4.1.113.Final/netty-codec-http2-4.1.113.Final.jar (490 kB at 705 kB/s)
Downloading from central: https://repo.maven.apache.org/maven2/io/micrometer/micrometer-observation/1.13.4/micrometer-observation-1.13.4.jar
Progress (3): 0.1/1.9 MB | 114/480 kB | 294/668 kB
Progress (3): 0.1/1.9 MB | 114/480 kB | 294/668 kB
Progress (3): 0.1/1.9 MB | 114/480 kB | 294/668 kB
Progress (3): 0.1/1.9 MB | 130/480 kB | 294/668 kB
Progress (3): 0.1/1.9 MB | 130/480 kB | 311/668 kB
Progress (3): 0.1/1.9 MB | 130/480 kB | 311/668 kB
Progress (3): 0.1/1.9 MB | 130/480 kB | 327/668 kB
Progress (3): 0.2/1.9 MB | 130/480 kB | 327/668 kB
Progress (3): 0.2/1.9 MB | 147/480 kB | 327/668 kB
Progress (3): 0.2/1.9 MB | 147/480 kB | 343/668 kB
Progress (3): 0.2/1.9 MB | 147/480 kB | 360/668 kB
Progress (3): 0.2/1.9 MB | 147/480 kB | 360/668 kB
Progress (3): 0.2/1.9 MB | 147/480 kB | 360/668 kB
Progress (4): 0.2/1.9 MB | 147/480 kB | 360/668 kB | 7.7/862 kB
Progress (4): 0.2/1.9 MB | 147/480 kB | 360/668 kB | 12/862 kB 
Progress (4): 0.2/1.9 MB | 163/480 kB | 360/668 kB | 12/862 kB
Progress (4): 0.2/1.9 MB | 163/480 kB | 360/668 kB | 12/862 kB
Progress (4): 0.2/1.9 MB | 163/480 kB | 376/668 kB | 12/862 kB
Progress (4): 0.2/1.9 MB | 163/480 kB | 376/668 kB | 28/862 kB
Progress (4): 0.2/1.9 MB | 179/480 kB | 376/668 kB | 28/862 kB
Progress (4): 0.2/1.9 MB | 179/480 kB | 376/668 kB | 28/862 kB
Progress (4): 0.2/1.9 MB | 196/480 kB | 376/668 kB | 28/862 kB
Progress (4): 0.2/1.9 MB | 212/480 kB | 376/668 kB | 28/862 kB
Progress (4): 0.2/1.9 MB | 212/480 kB | 376/668 kB | 28/862 kB
Progress (4): 0.2/1.9 MB | 212/480 kB | 376/668 kB | 44/862 kB
Progress (4): 0.2/1.9 MB | 212/480 kB | 376/668 kB | 44/862 kB
Progress (4): 0.2/1.9 MB | 212/480 kB | 392/668 kB | 44/862 kB
Progress (4): 0.3/1.9 MB | 212/480 kB | 392/668 kB | 44/862 kB
Progress (4): 0.3/1.9 MB | 229/480 kB | 392/668 kB | 44/862 kB
Progress (4): 0.3/1.9 MB | 245/480 kB | 392/668 kB | 44/862 kB
Progress (4): 0.3/1.9 MB | 245/480 kB | 392/668 kB | 61/862 kB
Progress (4): 0.3/1.9 MB | 245/480 kB | 409/668 kB | 61/862 kB
Progress (4): 0.3/1.9 MB | 245/480 kB | 409/668 kB | 61/862 kB
Progress (4): 0.3/1.9 MB | 245/480 kB | 409/668 kB | 61/862 kB
Progress (4): 0.3/1.9 MB | 245/480 kB | 409/668 kB | 77/862 kB
Progress (4): 0.3/1.9 MB | 245/480 kB | 409/668 kB | 77/862 kB
Progress (4): 0.3/1.9 MB | 245/480 kB | 409/668 kB | 77/862 kB
Progress (4): 0.3/1.9 MB | 245/480 kB | 409/668 kB | 93/862 kB
Progress (4): 0.3/1.9 MB | 245/480 kB | 409/668 kB | 93/862 kB
Progress (4): 0.3/1.9 MB | 245/480 kB | 425/668 kB | 93/862 kB
Progress (4): 0.3/1.9 MB | 245/480 kB | 425/668 kB | 110/862 kB
Progress (4): 0.3/1.9 MB | 245/480 kB | 442/668 kB | 110/862 kB
Progress (4): 0.3/1.9 MB | 245/480 kB | 442/668 kB | 126/862 kB
Progress (4): 0.3/1.9 MB | 245/480 kB | 458/668 kB | 126/862 kB
Progress (4): 0.3/1.9 MB | 245/480 kB | 458/668 kB | 143/862 kB
Progress (4): 0.3/1.9 MB | 245/480 kB | 474/668 kB | 143/862 kB
Progress (4): 0.3/1.9 MB | 245/480 kB | 474/668 kB | 159/862 kB
Progress (4): 0.3/1.9 MB | 245/480 kB | 491/668 kB | 159/862 kB
Progress (4): 0.3/1.9 MB | 245/480 kB | 507/668 kB | 159/862 kB
Progress (4): 0.3/1.9 MB | 245/480 kB | 507/668 kB | 175/862 kB
Progress (4): 0.3/1.9 MB | 245/480 kB | 524/668 kB | 175/862 kB
Progress (4): 0.3/1.9 MB | 245/480 kB | 524/668 kB | 192/862 kB
Progress (4): 0.3/1.9 MB | 261/480 kB | 524/668 kB | 192/862 kB
Progress (4): 0.4/1.9 MB | 261/480 kB | 524/668 kB | 192/862 kB
Progress (4): 0.4/1.9 MB | 261/480 kB | 524/668 kB | 192/862 kB
Progress (4): 0.4/1.9 MB | 278/480 kB | 524/668 kB | 192/862 kB
Progress (4): 0.4/1.9 MB | 278/480 kB | 524/668 kB | 208/862 kB
Progress (4): 0.4/1.9 MB | 278/480 kB | 540/668 kB | 208/862 kB
Progress (4): 0.4/1.9 MB | 278/480 kB | 540/668 kB | 208/862 kB
Progress (4): 0.4/1.9 MB | 278/480 kB | 540/668 kB | 225/862 kB
Progress (4): 0.4/1.9 MB | 278/480 kB | 556/668 kB | 225/862 kB
Progress (4): 0.4/1.9 MB | 294/480 kB | 556/668 kB | 225/862 kB
Progress (4): 0.4/1.9 MB | 294/480 kB | 556/668 kB | 241/862 kB
Progress (4): 0.4/1.9 MB | 294/480 kB | 556/668 kB | 241/862 kB
Progress (4): 0.4/1.9 MB | 311/480 kB | 556/668 kB | 241/862 kB
Progress (4): 0.4/1.9 MB | 311/480 kB | 556/668 kB | 257/862 kB
Progress (4): 0.4/1.9 MB | 311/480 kB | 556/668 kB | 257/862 kB
Progress (4): 0.4/1.9 MB | 311/480 kB | 573/668 kB | 257/862 kB
Progress (4): 0.4/1.9 MB | 311/480 kB | 573/668 kB | 257/862 kB
Progress (4): 0.4/1.9 MB | 327/480 kB | 573/668 kB | 257/862 kB
Progress (4): 0.4/1.9 MB | 327/480 kB | 573/668 kB | 274/862 kB
Progress (4): 0.5/1.9 MB | 327/480 kB | 573/668 kB | 274/862 kB
Progress (4): 0.5/1.9 MB | 327/480 kB | 589/668 kB | 274/862 kB
Progress (4): 0.5/1.9 MB | 343/480 kB | 589/668 kB | 274/862 kB
Progress (4): 0.5/1.9 MB | 343/480 kB | 589/668 kB | 274/862 kB
Progress (4): 0.5/1.9 MB | 343/480 kB | 589/668 kB | 290/862 kB
Progress (4): 0.5/1.9 MB | 343/480 kB | 589/668 kB | 290/862 kB
Progress (4): 0.5/1.9 MB | 343/480 kB | 589/668 kB | 306/862 kB
Progress (4): 0.5/1.9 MB | 360/480 kB | 589/668 kB | 306/862 kB
Progress (4): 0.5/1.9 MB | 376/480 kB | 589/668 kB | 306/862 kB
Progress (4): 0.5/1.9 MB | 376/480 kB | 589/668 kB | 306/862 kB
Progress (4): 0.5/1.9 MB | 392/480 kB | 589/668 kB | 306/862 kB
Progress (4): 0.5/1.9 MB | 392/480 kB | 589/668 kB | 306/862 kB
Progress (4): 0.5/1.9 MB | 392/480 kB | 605/668 kB | 306/862 kB
Progress (4): 0.5/1.9 MB | 409/480 kB | 605/668 kB | 306/862 kB
Progress (4): 0.5/1.9 MB | 409/480 kB | 605/668 kB | 323/862 kB
Progress (4): 0.5/1.9 MB | 409/480 kB | 605/668 kB | 323/862 kB
Progress (4): 0.5/1.9 MB | 409/480 kB | 614/668 kB | 323/862 kB
Progress (4): 0.5/1.9 MB | 409/480 kB | 630/668 kB | 323/862 kB
Progress (4): 0.5/1.9 MB | 425/480 kB | 630/668 kB | 323/862 kB
Progress (4): 0.5/1.9 MB | 442/480 kB | 630/668 kB | 323/862 kB
Progress (4): 0.6/1.9 MB | 442/480 kB | 630/668 kB | 323/862 kB
Progress (4): 0.6/1.9 MB | 442/480 kB | 630/668 kB | 323/862 kB
Progress (4): 0.6/1.9 MB | 458/480 kB | 630/668 kB | 323/862 kB
Progress (4): 0.6/1.9 MB | 458/480 kB | 647/668 kB | 323/862 kB
Progress (4): 0.6/1.9 MB | 458/480 kB | 647/668 kB | 339/862 kB
Progress (4): 0.6/1.9 MB | 458/480 kB | 647/668 kB | 339/862 kB
Progress (4): 0.6/1.9 MB | 458/480 kB | 647/668 kB | 339/862 kB
Progress (4): 0.6/1.9 MB | 458/480 kB | 647/668 kB | 356/862 kB
Progress (4): 0.6/1.9 MB | 474/480 kB | 647/668 kB | 356/862 kB
Progress (4): 0.6/1.9 MB | 480 kB | 647/668 kB | 356/862 kB    
Progress (4): 0.6/1.9 MB | 480 kB | 647/668 kB | 356/862 kB
Progress (5): 0.6/1.9 MB | 480 kB | 647/668 kB | 356/862 kB | 7.7/72 kB
Progress (5): 0.6/1.9 MB | 480 kB | 647/668 kB | 372/862 kB | 7.7/72 kB
Progress (5): 0.6/1.9 MB | 480 kB | 647/668 kB | 372/862 kB | 16/72 kB 
Progress (5): 0.6/1.9 MB | 480 kB | 647/668 kB | 372/862 kB | 16/72 kB
Progress (5): 0.6/1.9 MB | 480 kB | 663/668 kB | 372/862 kB | 16/72 kB
Progress (5): 0.6/1.9 MB | 480 kB | 668 kB | 372/862 kB | 16/72 kB    
Progress (5): 0.7/1.9 MB | 480 kB | 668 kB | 372/862 kB | 16/72 kB
Progress (5): 0.7/1.9 MB | 480 kB | 668 kB | 388/862 kB | 16/72 kB
                                                                  
Downloaded from central: https://repo.maven.apache.org/maven2/io/netty/netty-codec-http/4.1.113.Final/netty-codec-http-4.1.113.Final.jar (668 kB at 867 kB/s)
Downloading from central: https://repo.maven.apache.org/maven2/io/micrometer/micrometer-commons/1.13.4/micrometer-commons-1.13.4.jar
Progress (4): 0.7/1.9 MB | 480 kB | 388/862 kB | 16/72 kB
Progress (4): 0.7/1.9 MB | 480 kB | 388/862 kB | 32/72 kB
                                                         
Downloaded from central: https://repo.maven.apache.org/maven2/io/projectreactor/netty/reactor-netty-http/1.1.22/reactor-netty-http-1.1.22.jar (480 kB at 622 kB/s)
Downloading from central: https://repo.maven.apache.org/maven2/org/springframework/spring-webflux/6.1.13/spring-webflux-6.1.13.jar
Progress (3): 0.7/1.9 MB | 405/862 kB | 32/72 kB
Progress (3): 0.7/1.9 MB | 405/862 kB | 32/72 kB
Progress (3): 0.7/1.9 MB | 405/862 kB | 49/72 kB
Progress (3): 0.7/1.9 MB | 405/862 kB | 49/72 kB
Progress (3): 0.7/1.9 MB | 421/862 kB | 49/72 kB
Progress (3): 0.7/1.9 MB | 438/862 kB | 49/72 kB
Progress (3): 0.7/1.9 MB | 438/862 kB | 49/72 kB
Progress (3): 0.7/1.9 MB | 438/862 kB | 65/72 kB
Progress (3): 0.7/1.9 MB | 438/862 kB | 72 kB   
Progress (3): 0.7/1.9 MB | 438/862 kB | 72 kB
                                             
Downloaded from central: https://repo.maven.apache.org/maven2/io/micrometer/micrometer-observation/1.13.4/micrometer-observation-1.13.4.jar (72 kB at 92 kB/s)
Downloading from central: https://repo.maven.apache.org/maven2/org/springframework/boot/spring-boot-starter-security/3.3.4/spring-boot-starter-security-3.3.4.jar
Progress (2): 0.7/1.9 MB | 454/862 kB
Progress (2): 0.7/1.9 MB | 470/862 kB
Progress (2): 0.7/1.9 MB | 487/862 kB
Progress (2): 0.7/1.9 MB | 503/862 kB
Progress (2): 0.7/1.9 MB | 519/862 kB
Progress (2): 0.7/1.9 MB | 536/862 kB
Progress (2): 0.7/1.9 MB | 552/862 kB
Progress (2): 0.7/1.9 MB | 569/862 kB
Progress (2): 0.8/1.9 MB | 569/862 kB
Progress (2): 0.8/1.9 MB | 585/862 kB
Progress (2): 0.8/1.9 MB | 585/862 kB
Progress (2): 0.8/1.9 MB | 601/862 kB
Progress (2): 0.8/1.9 MB | 618/862 kB
Progress (2): 0.8/1.9 MB | 618/862 kB
Progress (2): 0.8/1.9 MB | 634/862 kB
Progress (2): 0.8/1.9 MB | 634/862 kB
Progress (2): 0.8/1.9 MB | 634/862 kB
Progress (2): 0.8/1.9 MB | 651/862 kB
Progress (2): 0.8/1.9 MB | 651/862 kB
Progress (2): 0.9/1.9 MB | 651/862 kB
Progress (2): 0.9/1.9 MB | 651/862 kB
Progress (2): 0.9/1.9 MB | 667/862 kB
Progress (2): 0.9/1.9 MB | 683/862 kB
Progress (2): 0.9/1.9 MB | 700/862 kB
Progress (2): 0.9/1.9 MB | 700/862 kB
Progress (2): 0.9/1.9 MB | 700/862 kB
Progress (2): 0.9/1.9 MB | 716/862 kB
Progress (2): 0.9/1.9 MB | 732/862 kB
Progress (2): 0.9/1.9 MB | 749/862 kB
Progress (2): 0.9/1.9 MB | 765/862 kB
Progress (2): 0.9/1.9 MB | 782/862 kB
Progress (2): 0.9/1.9 MB | 798/862 kB
Progress (2): 0.9/1.9 MB | 798/862 kB
Progress (2): 0.9/1.9 MB | 798/862 kB
Progress (2): 0.9/1.9 MB | 814/862 kB
Progress (2): 0.9/1.9 MB | 831/862 kB
Progress (2): 0.9/1.9 MB | 847/862 kB
Progress (2): 1.0/1.9 MB | 847/862 kB
Progress (2): 1.0/1.9 MB | 847/862 kB
Progress (2): 1.0/1.9 MB | 862 kB    
Progress (2): 1.0/1.9 MB | 862 kB
Progress (2): 1.0/1.9 MB | 862 kB
                                 
Downloaded from central: https://repo.maven.apache.org/maven2/org/springframework/spring-beans/6.1.13/spring-beans-6.1.13.jar (862 kB at 1.1 MB/s)
Downloading from central: https://repo.maven.apache.org/maven2/org/springframework/spring-aop/6.1.13/spring-aop-6.1.13.jar
Progress (1): 1.0/1.9 MB
Progress (1): 1.0/1.9 MB
Progress (1): 1.1/1.9 MB
Progress (1): 1.1/1.9 MB
Progress (1): 1.1/1.9 MB
Progress (1): 1.1/1.9 MB
Progress (1): 1.1/1.9 MB
Progress (1): 1.1/1.9 MB
Progress (1): 1.2/1.9 MB
Progress (1): 1.2/1.9 MB
Progress (1): 1.2/1.9 MB
Progress (1): 1.2/1.9 MB
Progress (1): 1.2/1.9 MB
Progress (1): 1.2/1.9 MB
Progress (1): 1.2/1.9 MB
Progress (1): 1.3/1.9 MB
Progress (1): 1.3/1.9 MB
Progress (1): 1.3/1.9 MB
Progress (1): 1.3/1.9 MB
Progress (1): 1.3/1.9 MB
Progress (1): 1.3/1.9 MB
Progress (1): 1.4/1.9 MB
Progress (1): 1.4/1.9 MB
Progress (1): 1.4/1.9 MB
Progress (1): 1.4/1.9 MB
Progress (1): 1.4/1.9 MB
Progress (1): 1.4/1.9 MB
Progress (2): 1.4/1.9 MB | 4.7 kB
Progress (2): 1.5/1.9 MB | 4.7 kB
                                 
Downloaded from central: https://repo.maven.apache.org/maven2/org/springframework/boot/spring-boot-starter-security/3.3.4/spring-boot-starter-security-3.3.4.jar (4.7 kB at 5.6 kB/s)
Downloading from central: https://repo.maven.apache.org/maven2/org/springframework/security/spring-security-config/6.3.3/spring-security-config-6.3.3.jar
Progress (1): 1.5/1.9 MB
Progress (1): 1.5/1.9 MB
Progress (1): 1.5/1.9 MB
Progress (1): 1.5/1.9 MB
Progress (1): 1.5/1.9 MB
Progress (2): 1.5/1.9 MB | 7.7/48 kB
Progress (2): 1.5/1.9 MB | 16/48 kB 
Progress (2): 1.5/1.9 MB | 24/48 kB
Progress (2): 1.6/1.9 MB | 24/48 kB
Progress (3): 1.6/1.9 MB | 24/48 kB | 7.7/980 kB
Progress (3): 1.6/1.9 MB | 24/48 kB | 7.7/980 kB
Progress (3): 1.6/1.9 MB | 24/48 kB | 16/980 kB 
Progress (3): 1.6/1.9 MB | 40/48 kB | 16/980 kB
Progress (3): 1.6/1.9 MB | 40/48 kB | 32/980 kB
Progress (3): 1.6/1.9 MB | 48 kB | 32/980 kB   
                                            
Downloaded from central: https://repo.maven.apache.org/maven2/io/micrometer/micrometer-commons/1.13.4/micrometer-commons-1.13.4.jar (48 kB at 56 kB/s)
Downloading from central: https://repo.maven.apache.org/maven2/org/springframework/spring-context/6.1.13/spring-context-6.1.13.jar
Progress (2): 1.6/1.9 MB | 32/980 kB
Progress (2): 1.6/1.9 MB | 49/980 kB
Progress (2): 1.6/1.9 MB | 57/980 kB
Progress (2): 1.6/1.9 MB | 57/980 kB
Progress (2): 1.6/1.9 MB | 73/980 kB
Progress (2): 1.6/1.9 MB | 73/980 kB
Progress (2): 1.6/1.9 MB | 73/980 kB
Progress (2): 1.6/1.9 MB | 90/980 kB
Progress (2): 1.7/1.9 MB | 90/980 kB
Progress (2): 1.7/1.9 MB | 106/980 kB
Progress (2): 1.7/1.9 MB | 122/980 kB
Progress (2): 1.7/1.9 MB | 122/980 kB
Progress (2): 1.7/1.9 MB | 139/980 kB
Progress (2): 1.7/1.9 MB | 155/980 kB
Progress (2): 1.7/1.9 MB | 155/980 kB
Progress (2): 1.7/1.9 MB | 155/980 kB
Progress (2): 1.7/1.9 MB | 155/980 kB
Progress (2): 1.7/1.9 MB | 172/980 kB
Progress (2): 1.7/1.9 MB | 172/980 kB
Progress (2): 1.8/1.9 MB | 172/980 kB
Progress (2): 1.8/1.9 MB | 188/980 kB
Progress (2): 1.8/1.9 MB | 188/980 kB
Progress (2): 1.8/1.9 MB | 188/980 kB
Progress (2): 1.8/1.9 MB | 204/980 kB
Progress (2): 1.8/1.9 MB | 221/980 kB
Progress (2): 1.8/1.9 MB | 237/980 kB
Progress (2): 1.8/1.9 MB | 237/980 kB
Progress (2): 1.8/1.9 MB | 253/980 kB
Progress (2): 1.8/1.9 MB | 270/980 kB
Progress (2): 1.8/1.9 MB | 270/980 kB
Progress (2): 1.8/1.9 MB | 286/980 kB
Progress (2): 1.8/1.9 MB | 286/980 kB
Progress (2): 1.8/1.9 MB | 303/980 kB
Progress (2): 1.8/1.9 MB | 319/980 kB
Progress (2): 1.8/1.9 MB | 335/980 kB
Progress (2): 1.8/1.9 MB | 335/980 kB
Progress (2): 1.8/1.9 MB | 352/980 kB
Progress (2): 1.9/1.9 MB | 352/980 kB
Progress (2): 1.9/1.9 MB | 352/980 kB
Progress (2): 1.9/1.9 MB | 368/980 kB
Progress (2): 1.9/1.9 MB | 368/980 kB
Progress (2): 1.9/1.9 MB | 385/980 kB
Progress (2): 1.9 MB | 385/980 kB    
Progress (2): 1.9 MB | 401/980 kB
                                 
Downloaded from central: https://repo.maven.apache.org/maven2/org/springframework/spring-web/6.1.13/spring-web-6.1.13.jar (1.9 MB at 2.1 MB/s)
Downloading from central: https://repo.maven.apache.org/maven2/org/springframework/security/spring-security-web/6.3.3/spring-security-web-6.3.3.jar
Progress (1): 417/980 kB
Progress (1): 434/980 kB
Progress (1): 450/980 kB
Progress (1): 466/980 kB
Progress (2): 466/980 kB | 7.7/417 kB
Progress (2): 466/980 kB | 12/417 kB 
Progress (2): 483/980 kB | 12/417 kB
Progress (2): 483/980 kB | 28/417 kB
Progress (2): 483/980 kB | 44/417 kB
Progress (2): 483/980 kB | 61/417 kB
Progress (2): 483/980 kB | 77/417 kB
Progress (2): 483/980 kB | 93/417 kB
Progress (2): 483/980 kB | 110/417 kB
Progress (2): 483/980 kB | 126/417 kB
Progress (2): 483/980 kB | 143/417 kB
Progress (2): 499/980 kB | 143/417 kB
Progress (2): 499/980 kB | 159/417 kB
Progress (2): 499/980 kB | 175/417 kB
Progress (2): 499/980 kB | 192/417 kB
Progress (2): 516/980 kB | 192/417 kB
Progress (2): 516/980 kB | 197/417 kB
Progress (2): 516/980 kB | 205/417 kB
Progress (2): 516/980 kB | 221/417 kB
Progress (3): 516/980 kB | 221/417 kB | 0/1.9 MB
Progress (3): 516/980 kB | 221/417 kB | 0/1.9 MB
Progress (3): 516/980 kB | 221/417 kB | 0/1.9 MB
Progress (3): 532/980 kB | 221/417 kB | 0/1.9 MB
Progress (3): 532/980 kB | 238/417 kB | 0/1.9 MB
Progress (3): 532/980 kB | 238/417 kB | 0/1.9 MB
Progress (3): 532/980 kB | 238/417 kB | 0.1/1.9 MB
Progress (3): 532/980 kB | 254/417 kB | 0.1/1.9 MB
Progress (3): 532/980 kB | 270/417 kB | 0.1/1.9 MB
Progress (3): 532/980 kB | 287/417 kB | 0.1/1.9 MB
Progress (3): 532/980 kB | 287/417 kB | 0.1/1.9 MB
Progress (3): 532/980 kB | 303/417 kB | 0.1/1.9 MB
Progress (3): 532/980 kB | 303/417 kB | 0.1/1.9 MB
Progress (3): 548/980 kB | 303/417 kB | 0.1/1.9 MB
Progress (3): 565/980 kB | 303/417 kB | 0.1/1.9 MB
Progress (3): 565/980 kB | 319/417 kB | 0.1/1.9 MB
Progress (3): 565/980 kB | 319/417 kB | 0.1/1.9 MB
Progress (3): 565/980 kB | 336/417 kB | 0.1/1.9 MB
Progress (3): 565/980 kB | 336/417 kB | 0.1/1.9 MB
Progress (3): 565/980 kB | 336/417 kB | 0.1/1.9 MB
Progress (3): 565/980 kB | 352/417 kB | 0.1/1.9 MB
Progress (3): 565/980 kB | 352/417 kB | 0.1/1.9 MB
Progress (3): 565/980 kB | 352/417 kB | 0.2/1.9 MB
Progress (3): 565/980 kB | 352/417 kB | 0.2/1.9 MB
Progress (3): 565/980 kB | 352/417 kB | 0.2/1.9 MB
Progress (3): 581/980 kB | 352/417 kB | 0.2/1.9 MB
Progress (3): 581/980 kB | 369/417 kB | 0.2/1.9 MB
Progress (3): 581/980 kB | 369/417 kB | 0.2/1.9 MB
Progress (3): 581/980 kB | 369/417 kB | 0.2/1.9 MB
Progress (3): 581/980 kB | 369/417 kB | 0.2/1.9 MB
Progress (3): 581/980 kB | 385/417 kB | 0.2/1.9 MB
Progress (3): 581/980 kB | 401/417 kB | 0.2/1.9 MB
Progress (3): 581/980 kB | 417 kB | 0.2/1.9 MB    
Progress (3): 598/980 kB | 417 kB | 0.2/1.9 MB
Progress (3): 598/980 kB | 417 kB | 0.3/1.9 MB
Progress (3): 598/980 kB | 417 kB | 0.3/1.9 MB
Progress (3): 598/980 kB | 417 kB | 0.3/1.9 MB
Progress (3): 598/980 kB | 417 kB | 0.3/1.9 MB
Progress (3): 614/980 kB | 417 kB | 0.3/1.9 MB
Progress (3): 614/980 kB | 417 kB | 0.3/1.9 MB
                                              
Downloaded from central: https://repo.maven.apache.org/maven2/org/springframework/spring-aop/6.1.13/spring-aop-6.1.13.jar (417 kB at 447 kB/s)
Downloading from central: https://repo.maven.apache.org/maven2/org/springframework/spring-expression/6.1.13/spring-expression-6.1.13.jar
Progress (2): 614/980 kB | 0.3/1.9 MB
Progress (2): 614/980 kB | 0.4/1.9 MB
Progress (2): 630/980 kB | 0.4/1.9 MB
Progress (2): 630/980 kB | 0.4/1.9 MB
Progress (2): 630/980 kB | 0.4/1.9 MB
Progress (2): 630/980 kB | 0.4/1.9 MB
Progress (2): 630/980 kB | 0.4/1.9 MB
Progress (2): 630/980 kB | 0.4/1.9 MB
Progress (2): 647/980 kB | 0.4/1.9 MB
Progress (2): 647/980 kB | 0.5/1.9 MB
Progress (2): 647/980 kB | 0.5/1.9 MB
Progress (2): 647/980 kB | 0.5/1.9 MB
Progress (2): 647/980 kB | 0.5/1.9 MB
Progress (2): 647/980 kB | 0.5/1.9 MB
Progress (2): 647/980 kB | 0.5/1.9 MB
Progress (2): 663/980 kB | 0.5/1.9 MB
Progress (2): 663/980 kB | 0.6/1.9 MB
Progress (2): 663/980 kB | 0.6/1.9 MB
Progress (2): 663/980 kB | 0.6/1.9 MB
Progress (2): 679/980 kB | 0.6/1.9 MB
Progress (2): 679/980 kB | 0.6/1.9 MB
Progress (2): 679/980 kB | 0.6/1.9 MB
Progress (2): 696/980 kB | 0.6/1.9 MB
Progress (2): 696/980 kB | 0.6/1.9 MB
Progress (2): 696/980 kB | 0.7/1.9 MB
Progress (2): 696/980 kB | 0.7/1.9 MB
Progress (2): 696/980 kB | 0.7/1.9 MB
Progress (2): 712/980 kB | 0.7/1.9 MB
Progress (2): 712/980 kB | 0.7/1.9 MB
Progress (2): 712/980 kB | 0.7/1.9 MB
Progress (2): 712/980 kB | 0.7/1.9 MB
Progress (2): 712/980 kB | 0.8/1.9 MB
Progress (2): 712/980 kB | 0.8/1.9 MB
Progress (2): 729/980 kB | 0.8/1.9 MB
Progress (2): 729/980 kB | 0.8/1.9 MB
Progress (2): 729/980 kB | 0.8/1.9 MB
Progress (2): 745/980 kB | 0.8/1.9 MB
Progress (2): 745/980 kB | 0.8/1.9 MB
Progress (2): 745/980 kB | 0.8/1.9 MB
Progress (2): 745/980 kB | 0.9/1.9 MB
Progress (2): 761/980 kB | 0.9/1.9 MB
Progress (2): 761/980 kB | 0.9/1.9 MB
Progress (2): 778/980 kB | 0.9/1.9 MB
Progress (2): 778/980 kB | 0.9/1.9 MB
Progress (2): 778/980 kB | 0.9/1.9 MB
Progress (2): 778/980 kB | 0.9/1.9 MB
Progress (2): 778/980 kB | 0.9/1.9 MB
Progress (2): 778/980 kB | 1.0/1.9 MB
Progress (2): 778/980 kB | 1.0/1.9 MB
Progress (2): 778/980 kB | 1.0/1.9 MB
Progress (2): 794/980 kB | 1.0/1.9 MB
Progress (2): 794/980 kB | 1.0/1.9 MB
Progress (2): 811/980 kB | 1.0/1.9 MB
Progress (2): 811/980 kB | 1.0/1.9 MB
Progress (3): 811/980 kB | 1.0/1.9 MB | 0/1.3 MB
Progress (3): 811/980 kB | 1.0/1.9 MB | 0/1.3 MB
Progress (3): 811/980 kB | 1.0/1.9 MB | 0/1.3 MB
Progress (3): 811/980 kB | 1.0/1.9 MB | 0/1.3 MB
Progress (3): 827/980 kB | 1.0/1.9 MB | 0/1.3 MB
Progress (3): 827/980 kB | 1.1/1.9 MB | 0/1.3 MB
Progress (3): 827/980 kB | 1.1/1.9 MB | 0/1.3 MB
Progress (3): 827/980 kB | 1.1/1.9 MB | 0/1.3 MB
Progress (3): 843/980 kB | 1.1/1.9 MB | 0/1.3 MB
Progress (3): 843/980 kB | 1.1/1.9 MB | 0/1.3 MB
Progress (3): 843/980 kB | 1.1/1.9 MB | 0/1.3 MB
Progress (3): 843/980 kB | 1.1/1.9 MB | 0.1/1.3 MB
Progress (3): 843/980 kB | 1.1/1.9 MB | 0.1/1.3 MB
Progress (3): 843/980 kB | 1.1/1.9 MB | 0.1/1.3 MB
Progress (3): 843/980 kB | 1.1/1.9 MB | 0.1/1.3 MB
Progress (3): 843/980 kB | 1.1/1.9 MB | 0.1/1.3 MB
Progress (3): 843/980 kB | 1.1/1.9 MB | 0.1/1.3 MB
Progress (3): 843/980 kB | 1.2/1.9 MB | 0.1/1.3 MB
Progress (3): 843/980 kB | 1.2/1.9 MB | 0.1/1.3 MB
Progress (3): 860/980 kB | 1.2/1.9 MB | 0.1/1.3 MB
Progress (3): 876/980 kB | 1.2/1.9 MB | 0.1/1.3 MB
Progress (3): 876/980 kB | 1.2/1.9 MB | 0.1/1.3 MB
Progress (3): 876/980 kB | 1.2/1.9 MB | 0.1/1.3 MB
Progress (3): 876/980 kB | 1.2/1.9 MB | 0.1/1.3 MB
Progress (3): 876/980 kB | 1.2/1.9 MB | 0.1/1.3 MB
Progress (3): 876/980 kB | 1.2/1.9 MB | 0.1/1.3 MB
Progress (3): 876/980 kB | 1.3/1.9 MB | 0.1/1.3 MB
Progress (3): 876/980 kB | 1.3/1.9 MB | 0.1/1.3 MB
Progress (3): 876/980 kB | 1.3/1.9 MB | 0.1/1.3 MB
Progress (3): 876/980 kB | 1.3/1.9 MB | 0.1/1.3 MB
Progress (3): 876/980 kB | 1.3/1.9 MB | 0.2/1.3 MB
Progress (3): 876/980 kB | 1.3/1.9 MB | 0.2/1.3 MB
Progress (3): 876/980 kB | 1.3/1.9 MB | 0.2/1.3 MB
Progress (3): 876/980 kB | 1.3/1.9 MB | 0.2/1.3 MB
Progress (3): 876/980 kB | 1.3/1.9 MB | 0.2/1.3 MB
Progress (3): 876/980 kB | 1.3/1.9 MB | 0.2/1.3 MB
Progress (3): 876/980 kB | 1.3/1.9 MB | 0.2/1.3 MB
Progress (3): 876/980 kB | 1.3/1.9 MB | 0.2/1.3 MB
Progress (3): 876/980 kB | 1.4/1.9 MB | 0.2/1.3 MB
Progress (3): 876/980 kB | 1.4/1.9 MB | 0.2/1.3 MB
Progress (3): 876/980 kB | 1.4/1.9 MB | 0.2/1.3 MB
Progress (3): 876/980 kB | 1.4/1.9 MB | 0.2/1.3 MB
Progress (3): 892/980 kB | 1.4/1.9 MB | 0.2/1.3 MB
Progress (3): 892/980 kB | 1.4/1.9 MB | 0.2/1.3 MB
Progress (3): 909/980 kB | 1.4/1.9 MB | 0.2/1.3 MB
Progress (3): 909/980 kB | 1.4/1.9 MB | 0.2/1.3 MB
Progress (3): 909/980 kB | 1.4/1.9 MB | 0.3/1.3 MB
Progress (3): 909/980 kB | 1.4/1.9 MB | 0.3/1.3 MB
Progress (3): 909/980 kB | 1.4/1.9 MB | 0.3/1.3 MB
Progress (3): 909/980 kB | 1.4/1.9 MB | 0.3/1.3 MB
Progress (3): 925/980 kB | 1.4/1.9 MB | 0.3/1.3 MB
Progress (3): 925/980 kB | 1.4/1.9 MB | 0.3/1.3 MB
Progress (3): 942/980 kB | 1.4/1.9 MB | 0.3/1.3 MB
Progress (3): 942/980 kB | 1.4/1.9 MB | 0.3/1.3 MB
Progress (3): 942/980 kB | 1.4/1.9 MB | 0.3/1.3 MB
Progress (3): 942/980 kB | 1.5/1.9 MB | 0.3/1.3 MB
Progress (3): 942/980 kB | 1.5/1.9 MB | 0.3/1.3 MB
Progress (3): 942/980 kB | 1.5/1.9 MB | 0.3/1.3 MB
Progress (3): 942/980 kB | 1.5/1.9 MB | 0.4/1.3 MB
Progress (3): 958/980 kB | 1.5/1.9 MB | 0.4/1.3 MB
Progress (3): 958/980 kB | 1.5/1.9 MB | 0.4/1.3 MB
Progress (3): 958/980 kB | 1.5/1.9 MB | 0.4/1.3 MB
Progress (3): 958/980 kB | 1.5/1.9 MB | 0.4/1.3 MB
Progress (3): 958/980 kB | 1.5/1.9 MB | 0.4/1.3 MB
Progress (3): 974/980 kB | 1.5/1.9 MB | 0.4/1.3 MB
Progress (3): 980 kB | 1.5/1.9 MB | 0.4/1.3 MB    
Progress (3): 980 kB | 1.5/1.9 MB | 0.4/1.3 MB
Progress (3): 980 kB | 1.5/1.9 MB | 0.4/1.3 MB
Progress (3): 980 kB | 1.5/1.9 MB | 0.4/1.3 MB
Progress (3): 980 kB | 1.5/1.9 MB | 0.4/1.3 MB
                                              
Downloaded from central: https://repo.maven.apache.org/maven2/org/springframework/spring-webflux/6.1.13/spring-webflux-6.1.13.jar (980 kB at 954 kB/s)
Downloading from central: https://repo.maven.apache.org/maven2/org/springframework/boot/spring-boot-starter-validation/3.3.4/spring-boot-starter-validation-3.3.4.jar
Progress (2): 1.5/1.9 MB | 0.4/1.3 MB
Progress (2): 1.5/1.9 MB | 0.4/1.3 MB
Progress (2): 1.5/1.9 MB | 0.5/1.3 MB
Progress (2): 1.6/1.9 MB | 0.5/1.3 MB
Progress (2): 1.6/1.9 MB | 0.5/1.3 MB
Progress (2): 1.6/1.9 MB | 0.5/1.3 MB
Progress (2): 1.6/1.9 MB | 0.5/1.3 MB
Progress (2): 1.6/1.9 MB | 0.5/1.3 MB
Progress (2): 1.6/1.9 MB | 0.5/1.3 MB
Progress (2): 1.6/1.9 MB | 0.5/1.3 MB
Progress (2): 1.6/1.9 MB | 0.5/1.3 MB
Progress (2): 1.6/1.9 MB | 0.5/1.3 MB
Progress (2): 1.7/1.9 MB | 0.5/1.3 MB
Progress (2): 1.7/1.9 MB | 0.5/1.3 MB
Progress (2): 1.7/1.9 MB | 0.5/1.3 MB
Progress (2): 1.7/1.9 MB | 0.5/1.3 MB
Progress (2): 1.7/1.9 MB | 0.5/1.3 MB
Progress (2): 1.7/1.9 MB | 0.5/1.3 MB
Progress (2): 1.7/1.9 MB | 0.5/1.3 MB
Progress (2): 1.7/1.9 MB | 0.6/1.3 MB
Progress (2): 1.7/1.9 MB | 0.6/1.3 MB
Progress (2): 1.7/1.9 MB | 0.6/1.3 MB
Progress (2): 1.8/1.9 MB | 0.6/1.3 MB
Progress (2): 1.8/1.9 MB | 0.6/1.3 MB
Progress (2): 1.8/1.9 MB | 0.6/1.3 MB
Progress (2): 1.8/1.9 MB | 0.6/1.3 MB
Progress (2): 1.8/1.9 MB | 0.6/1.3 MB
Progress (2): 1.8/1.9 MB | 0.6/1.3 MB
Progress (2): 1.8/1.9 MB | 0.6/1.3 MB
Progress (2): 1.8/1.9 MB | 0.7/1.3 MB
Progress (2): 1.8/1.9 MB | 0.7/1.3 MB
Progress (2): 1.8/1.9 MB | 0.7/1.3 MB
Progress (2): 1.8/1.9 MB | 0.7/1.3 MB
Progress (2): 1.8/1.9 MB | 0.7/1.3 MB
Progress (2): 1.8/1.9 MB | 0.7/1.3 MB
Progress (2): 1.8/1.9 MB | 0.7/1.3 MB
Progress (2): 1.8/1.9 MB | 0.8/1.3 MB
Progress (2): 1.8/1.9 MB | 0.8/1.3 MB
Progress (2): 1.8/1.9 MB | 0.8/1.3 MB
Progress (2): 1.8/1.9 MB | 0.8/1.3 MB
Progress (2): 1.8/1.9 MB | 0.8/1.3 MB
Progress (2): 1.8/1.9 MB | 0.8/1.3 MB
Progress (2): 1.8/1.9 MB | 0.8/1.3 MB
Progress (2): 1.8/1.9 MB | 0.8/1.3 MB
Progress (2): 1.8/1.9 MB | 0.9/1.3 MB
Progress (2): 1.8/1.9 MB | 0.9/1.3 MB
Progress (2): 1.8/1.9 MB | 0.9/1.3 MB
Progress (2): 1.9/1.9 MB | 0.9/1.3 MB
Progress (3): 1.9/1.9 MB | 0.9/1.3 MB | 7.7/804 kB
Progress (3): 1.9/1.9 MB | 0.9/1.3 MB | 16/804 kB 
Progress (3): 1.9/1.9 MB | 0.9/1.3 MB | 16/804 kB
Progress (3): 1.9/1.9 MB | 0.9/1.3 MB | 16/804 kB
Progress (3): 1.9/1.9 MB | 0.9/1.3 MB | 16/804 kB
Progress (3): 1.9/1.9 MB | 0.9/1.3 MB | 16/804 kB
Progress (3): 1.9/1.9 MB | 0.9/1.3 MB | 32/804 kB
Progress (3): 1.9/1.9 MB | 0.9/1.3 MB | 32/804 kB
Progress (3): 1.9/1.9 MB | 0.9/1.3 MB | 32/804 kB
Progress (3): 1.9 MB | 0.9/1.3 MB | 32/804 kB    
Progress (3): 1.9 MB | 1.0/1.3 MB | 32/804 kB
Progress (3): 1.9 MB | 1.0/1.3 MB | 32/804 kB
                                             
Downloaded from central: https://repo.maven.apache.org/maven2/org/springframework/security/spring-security-config/6.3.3/spring-security-config-6.3.3.jar (1.9 MB at 1.8 MB/s)
Downloading from central: https://repo.maven.apache.org/maven2/org/apache/tomcat/embed/tomcat-embed-el/10.1.30/tomcat-embed-el-10.1.30.jar
Progress (2): 1.0/1.3 MB | 32/804 kB
Progress (2): 1.0/1.3 MB | 32/804 kB
Progress (2): 1.0/1.3 MB | 32/804 kB
Progress (2): 1.0/1.3 MB | 32/804 kB
Progress (2): 1.0/1.3 MB | 49/804 kB
Progress (2): 1.0/1.3 MB | 57/804 kB
Progress (2): 1.0/1.3 MB | 74/804 kB
Progress (2): 1.0/1.3 MB | 90/804 kB
Progress (2): 1.0/1.3 MB | 106/804 kB
Progress (2): 1.0/1.3 MB | 123/804 kB
Progress (2): 1.0/1.3 MB | 139/804 kB
Progress (2): 1.0/1.3 MB | 156/804 kB
Progress (2): 1.0/1.3 MB | 172/804 kB
Progress (2): 1.0/1.3 MB | 188/804 kB
Progress (2): 1.0/1.3 MB | 205/804 kB
Progress (2): 1.0/1.3 MB | 221/804 kB
Progress (2): 1.0/1.3 MB | 238/804 kB
Progress (2): 1.0/1.3 MB | 254/804 kB
Progress (2): 1.0/1.3 MB | 270/804 kB
Progress (2): 1.0/1.3 MB | 274/804 kB
Progress (2): 1.0/1.3 MB | 291/804 kB
Progress (2): 1.0/1.3 MB | 307/804 kB
Progress (2): 1.0/1.3 MB | 324/804 kB
Progress (2): 1.0/1.3 MB | 340/804 kB
Progress (2): 1.0/1.3 MB | 356/804 kB
Progress (2): 1.0/1.3 MB | 373/804 kB
Progress (2): 1.0/1.3 MB | 389/804 kB
Progress (2): 1.0/1.3 MB | 406/804 kB
Progress (2): 1.1/1.3 MB | 406/804 kB
Progress (2): 1.1/1.3 MB | 422/804 kB
Progress (2): 1.1/1.3 MB | 438/804 kB
Progress (2): 1.1/1.3 MB | 455/804 kB
Progress (2): 1.1/1.3 MB | 455/804 kB
Progress (2): 1.1/1.3 MB | 455/804 kB
Progress (2): 1.1/1.3 MB | 455/804 kB
Progress (2): 1.1/1.3 MB | 455/804 kB
Progress (3): 1.1/1.3 MB | 455/804 kB | 3.4/304 kB
Progress (3): 1.1/1.3 MB | 455/804 kB | 20/304 kB 
Progress (3): 1.1/1.3 MB | 455/804 kB | 20/304 kB
Progress (3): 1.1/1.3 MB | 455/804 kB | 28/304 kB
Progress (3): 1.2/1.3 MB | 455/804 kB | 28/304 kB
Progress (3): 1.2/1.3 MB | 455/804 kB | 38/304 kB
Progress (3): 1.2/1.3 MB | 455/804 kB | 38/304 kB
Progress (3): 1.2/1.3 MB | 455/804 kB | 38/304 kB
Progress (3): 1.2/1.3 MB | 455/804 kB | 38/304 kB
Progress (3): 1.2/1.3 MB | 471/804 kB | 38/304 kB
Progress (3): 1.2/1.3 MB | 471/804 kB | 38/304 kB
Progress (3): 1.2/1.3 MB | 471/804 kB | 38/304 kB
Progress (3): 1.3/1.3 MB | 471/804 kB | 38/304 kB
Progress (3): 1.3/1.3 MB | 471/804 kB | 38/304 kB
Progress (3): 1.3/1.3 MB | 471/804 kB | 38/304 kB
Progress (3): 1.3/1.3 MB | 471/804 kB | 38/304 kB
Progress (3): 1.3 MB | 471/804 kB | 38/304 kB    
Progress (3): 1.3 MB | 487/804 kB | 38/304 kB
Progress (3): 1.3 MB | 504/804 kB | 38/304 kB
                                             
Downloaded from central: https://repo.maven.apache.org/maven2/org/springframework/spring-context/6.1.13/spring-context-6.1.13.jar (1.3 MB at 1.2 MB/s)
Downloading from central: https://repo.maven.apache.org/maven2/org/hibernate/validator/hibernate-validator/8.0.1.Final/hibernate-validator-8.0.1.Final.jar
Progress (2): 504/804 kB | 55/304 kB
Progress (2): 504/804 kB | 71/304 kB
Progress (2): 520/804 kB | 71/304 kB
Progress (2): 520/804 kB | 88/304 kB
Progress (2): 537/804 kB | 88/304 kB
Progress (3): 537/804 kB | 88/304 kB | 4.8 kB
                                             
Downloaded from central: https://repo.maven.apache.org/maven2/org/springframework/boot/spring-boot-starter-validation/3.3.4/spring-boot-starter-validation-3.3.4.jar (4.8 kB at 4.3 kB/s)
Downloading from central: https://repo.maven.apache.org/maven2/jakarta/validation/jakarta.validation-api/3.0.2/jakarta.validation-api-3.0.2.jar
Progress (2): 537/804 kB | 104/304 kB
Progress (2): 537/804 kB | 120/304 kB
Progress (2): 553/804 kB | 120/304 kB
Progress (2): 569/804 kB | 120/304 kB
Progress (2): 569/804 kB | 137/304 kB
Progress (2): 569/804 kB | 153/304 kB
Progress (2): 586/804 kB | 153/304 kB
Progress (2): 586/804 kB | 161/304 kB
Progress (2): 602/804 kB | 161/304 kB
Progress (2): 606/804 kB | 161/304 kB
Progress (2): 606/804 kB | 178/304 kB
Progress (2): 623/804 kB | 178/304 kB
Progress (2): 623/804 kB | 194/304 kB
Progress (2): 639/804 kB | 194/304 kB
Progress (2): 639/804 kB | 210/304 kB
Progress (2): 655/804 kB | 210/304 kB
Progress (2): 655/804 kB | 227/304 kB
Progress (2): 655/804 kB | 233/304 kB
Progress (2): 672/804 kB | 233/304 kB
Progress (2): 688/804 kB | 233/304 kB
Progress (2): 688/804 kB | 250/304 kB
Progress (2): 705/804 kB | 250/304 kB
Progress (2): 721/804 kB | 250/304 kB
Progress (2): 721/804 kB | 266/304 kB
Progress (2): 721/804 kB | 282/304 kB
Progress (2): 737/804 kB | 282/304 kB
Progress (2): 737/804 kB | 299/304 kB
Progress (2): 737/804 kB | 304 kB    
Progress (2): 754/804 kB | 304 kB
Progress (2): 770/804 kB | 304 kB
                                 
Downloaded from central: https://repo.maven.apache.org/maven2/org/springframework/spring-expression/6.1.13/spring-expression-6.1.13.jar (304 kB at 271 kB/s)
Downloading from central: https://repo.maven.apache.org/maven2/org/jboss/logging/jboss-logging/3.5.3.Final/jboss-logging-3.5.3.Final.jar
Progress (1): 786/804 kB
Progress (1): 803/804 kB
Progress (1): 804 kB    
                    
Downloaded from central: https://repo.maven.apache.org/maven2/org/springframework/security/spring-security-web/6.3.3/spring-security-web-6.3.3.jar (804 kB at 713 kB/s)
Downloading from central: https://repo.maven.apache.org/maven2/com/fasterxml/classmate/1.7.0/classmate-1.7.0.jar
Progress (1): 7.7/262 kB
Progress (1): 16/262 kB 
Progress (1): 32/262 kB
Progress (1): 49/262 kB
Progress (1): 65/262 kB
Progress (1): 81/262 kB
Progress (1): 98/262 kB
Progress (1): 114/262 kB
Progress (1): 131/262 kB
Progress (1): 147/262 kB
Progress (1): 163/262 kB
Progress (1): 180/262 kB
Progress (1): 196/262 kB
Progress (1): 212/262 kB
Progress (1): 229/262 kB
Progress (1): 240/262 kB
Progress (1): 256/262 kB
Progress (1): 262 kB    
                    
Downloaded from central: https://repo.maven.apache.org/maven2/org/apache/tomcat/embed/tomcat-embed-el/10.1.30/tomcat-embed-el-10.1.30.jar (262 kB at 229 kB/s)
Downloading from central: https://repo.maven.apache.org/maven2/org/springframework/boot/spring-boot-starter-data-r2dbc/3.3.4/spring-boot-starter-data-r2dbc-3.3.4.jar
Progress (1): 0/1.3 MB
Progress (1): 0/1.3 MB
Progress (1): 0/1.3 MB
Progress (2): 0/1.3 MB | 7.7/93 kB
Progress (2): 0/1.3 MB | 16/93 kB 
Progress (2): 0/1.3 MB | 32/93 kB
Progress (2): 0.1/1.3 MB | 32/93 kB
Progress (2): 0.1/1.3 MB | 48/93 kB
Progress (2): 0.1/1.3 MB | 48/93 kB
Progress (2): 0.1/1.3 MB | 48/93 kB
Progress (2): 0.1/1.3 MB | 48/93 kB
Progress (2): 0.1/1.3 MB | 65/93 kB
Progress (2): 0.1/1.3 MB | 81/93 kB
Progress (2): 0.1/1.3 MB | 81/93 kB
Progress (2): 0.1/1.3 MB | 93 kB   
Progress (2): 0.1/1.3 MB | 93 kB
                                
Downloaded from central: https://repo.maven.apache.org/maven2/jakarta/validation/jakarta.validation-api/3.0.2/jakarta.validation-api-3.0.2.jar (93 kB at 78 kB/s)
Downloading from central: https://repo.maven.apache.org/maven2/org/springframework/data/spring-data-r2dbc/3.3.4/spring-data-r2dbc-3.3.4.jar
Progress (1): 0.1/1.3 MB
Progress (1): 0.2/1.3 MB
Progress (1): 0.2/1.3 MB
Progress (1): 0.2/1.3 MB
Progress (1): 0.2/1.3 MB
Progress (1): 0.2/1.3 MB
Progress (1): 0.2/1.3 MB
Progress (1): 0.3/1.3 MB
Progress (1): 0.3/1.3 MB
Progress (1): 0.3/1.3 MB
Progress (1): 0.3/1.3 MB
Progress (1): 0.3/1.3 MB
Progress (1): 0.3/1.3 MB
Progress (1): 0.4/1.3 MB
Progress (1): 0.4/1.3 MB
Progress (1): 0.4/1.3 MB
Progress (1): 0.4/1.3 MB
Progress (1): 0.4/1.3 MB
Progress (1): 0.4/1.3 MB
Progress (1): 0.5/1.3 MB
Progress (1): 0.5/1.3 MB
Progress (1): 0.5/1.3 MB
Progress (2): 0.5/1.3 MB | 7.7/59 kB
Progress (3): 0.5/1.3 MB | 7.7/59 kB | 4.8 kB
Progress (3): 0.5/1.3 MB | 8.2/59 kB | 4.8 kB
Progress (3): 0.5/1.3 MB | 22/59 kB | 4.8 kB 
                                            
Downloaded from central: https://repo.maven.apache.org/maven2/org/springframework/boot/spring-boot-starter-data-r2dbc/3.3.4/spring-boot-starter-data-r2dbc-3.3.4.jar (4.8 kB at 3.9 kB/s)
Downloading from central: https://repo.maven.apache.org/maven2/org/springframework/data/spring-data-relational/3.3.4/spring-data-relational-3.3.4.jar
Progress (2): 0.5/1.3 MB | 22/59 kB
Progress (2): 0.5/1.3 MB | 22/59 kB
Progress (2): 0.5/1.3 MB | 38/59 kB
Progress (2): 0.5/1.3 MB | 38/59 kB
Progress (2): 0.5/1.3 MB | 55/59 kB
Progress (2): 0.5/1.3 MB | 59 kB   
Progress (2): 0.6/1.3 MB | 59 kB
Progress (2): 0.6/1.3 MB | 59 kB
                                
Downloaded from central: https://repo.maven.apache.org/maven2/org/jboss/logging/jboss-logging/3.5.3.Final/jboss-logging-3.5.3.Final.jar (59 kB at 48 kB/s)
Downloading from central: https://repo.maven.apache.org/maven2/org/springframework/data/spring-data-commons/3.3.4/spring-data-commons-3.3.4.jar
Progress (1): 0.6/1.3 MB
Progress (1): 0.6/1.3 MB
Progress (1): 0.6/1.3 MB
Progress (1): 0.6/1.3 MB
Progress (1): 0.7/1.3 MB
Progress (1): 0.7/1.3 MB
Progress (1): 0.7/1.3 MB
Progress (1): 0.7/1.3 MB
Progress (1): 0.7/1.3 MB
Progress (1): 0.7/1.3 MB
Progress (1): 0.8/1.3 MB
Progress (1): 0.8/1.3 MB
Progress (1): 0.8/1.3 MB
Progress (2): 0.8/1.3 MB | 16/69 kB
Progress (2): 0.8/1.3 MB | 16/69 kB
Progress (2): 0.8/1.3 MB | 25/69 kB
Progress (2): 0.8/1.3 MB | 25/69 kB
Progress (2): 0.8/1.3 MB | 25/69 kB
Progress (2): 0.8/1.3 MB | 41/69 kB
Progress (2): 0.9/1.3 MB | 41/69 kB
Progress (2): 0.9/1.3 MB | 57/69 kB
Progress (2): 0.9/1.3 MB | 57/69 kB
Progress (2): 0.9/1.3 MB | 69 kB   
Progress (2): 0.9/1.3 MB | 69 kB
Progress (2): 0.9/1.3 MB | 69 kB
                                
Downloaded from central: https://repo.maven.apache.org/maven2/com/fasterxml/classmate/1.7.0/classmate-1.7.0.jar (69 kB at 55 kB/s)
Downloading from central: https://repo.maven.apache.org/maven2/org/springframework/spring-tx/6.1.13/spring-tx-6.1.13.jar
Progress (1): 0.9/1.3 MB
Progress (1): 0.9/1.3 MB
Progress (1): 0.9/1.3 MB
Progress (1): 1.0/1.3 MB
Progress (1): 1.0/1.3 MB
Progress (1): 1.0/1.3 MB
Progress (1): 1.0/1.3 MB
Progress (1): 1.0/1.3 MB
Progress (1): 1.0/1.3 MB
Progress (1): 1.1/1.3 MB
Progress (1): 1.1/1.3 MB
Progress (1): 1.1/1.3 MB
Progress (1): 1.1/1.3 MB
Progress (1): 1.1/1.3 MB
Progress (1): 1.1/1.3 MB
Progress (1): 1.2/1.3 MB
Progress (1): 1.2/1.3 MB
Progress (1): 1.2/1.3 MB
Progress (1): 1.2/1.3 MB
Progress (1): 1.2/1.3 MB
Progress (1): 1.2/1.3 MB
Progress (1): 1.3/1.3 MB
Progress (1): 1.3/1.3 MB
Progress (1): 1.3/1.3 MB
Progress (1): 1.3/1.3 MB
Progress (1): 1.3/1.3 MB
Progress (1): 1.3 MB    
                    
Downloaded from central: https://repo.maven.apache.org/maven2/org/hibernate/validator/hibernate-validator/8.0.1.Final/hibernate-validator-8.0.1.Final.jar (1.3 MB at 1.0 MB/s)
Downloading from central: https://repo.maven.apache.org/maven2/org/springframework/spring-jdbc/6.1.13/spring-jdbc-6.1.13.jar
Progress (1): 7.7/274 kB
Progress (1): 16/274 kB 
Progress (1): 32/274 kB
Progress (1): 48/274 kB
Progress (1): 65/274 kB
Progress (1): 81/274 kB
Progress (1): 98/274 kB
Progress (1): 114/274 kB
Progress (1): 130/274 kB
Progress (1): 147/274 kB
Progress (1): 163/274 kB
Progress (1): 179/274 kB
Progress (1): 196/274 kB
Progress (1): 212/274 kB
Progress (1): 229/274 kB
Progress (1): 245/274 kB
Progress (1): 261/274 kB
Progress (1): 274 kB    
                    
Downloaded from central: https://repo.maven.apache.org/maven2/org/springframework/data/spring-data-r2dbc/3.3.4/spring-data-r2dbc-3.3.4.jar (274 kB at 213 kB/s)
Downloading from central: https://repo.maven.apache.org/maven2/org/springframework/spring-r2dbc/6.1.13/spring-r2dbc-6.1.13.jar
Progress (1): 7.7/509 kB
Progress (1): 16/509 kB 
Progress (1): 25/509 kB
Progress (1): 41/509 kB
Progress (1): 57/509 kB
Progress (1): 74/509 kB
Progress (1): 90/509 kB
Progress (1): 106/509 kB
Progress (1): 123/509 kB
Progress (1): 139/509 kB
Progress (1): 156/509 kB
Progress (1): 172/509 kB
Progress (1): 188/509 kB
Progress (1): 205/509 kB
Progress (1): 221/509 kB
Progress (1): 238/509 kB
Progress (1): 254/509 kB
Progress (1): 270/509 kB
Progress (1): 287/509 kB
Progress (1): 303/509 kB
Progress (1): 319/509 kB
Progress (1): 328/509 kB
Progress (1): 344/509 kB
Progress (1): 360/509 kB
Progress (1): 377/509 kB
Progress (1): 393/509 kB
Progress (1): 410/509 kB
Progress (1): 426/509 kB
Progress (1): 442/509 kB
Progress (1): 459/509 kB
Progress (1): 475/509 kB
Progress (2): 475/509 kB | 0/1.5 MB
Progress (2): 475/509 kB | 0/1.5 MB
Progress (2): 492/509 kB | 0/1.5 MB
Progress (2): 492/509 kB | 0/1.5 MB
Progress (2): 508/509 kB | 0/1.5 MB
Progress (2): 509 kB | 0/1.5 MB    
Progress (2): 509 kB | 0/1.5 MB
                               
Downloaded from central: https://repo.maven.apache.org/maven2/org/springframework/data/spring-data-relational/3.3.4/spring-data-relational-3.3.4.jar (509 kB at 382 kB/s)
Downloading from central: https://repo.maven.apache.org/maven2/org/slf4j/slf4j-api/2.0.16/slf4j-api-2.0.16.jar
Progress (1): 0.1/1.5 MB
Progress (1): 0.1/1.5 MB
Progress (1): 0.1/1.5 MB
Progress (1): 0.1/1.5 MB
Progress (1): 0.1/1.5 MB
Progress (1): 0.1/1.5 MB
Progress (1): 0.2/1.5 MB
Progress (1): 0.2/1.5 MB
Progress (1): 0.2/1.5 MB
Progress (1): 0.2/1.5 MB
Progress (1): 0.2/1.5 MB
Progress (1): 0.2/1.5 MB
Progress (1): 0.2/1.5 MB
Progress (2): 0.2/1.5 MB | 7.7/282 kB
Progress (2): 0.2/1.5 MB | 16/282 kB 
Progress (2): 0.2/1.5 MB | 29/282 kB
Progress (2): 0.2/1.5 MB | 45/282 kB
Progress (2): 0.3/1.5 MB | 45/282 kB
Progress (2): 0.3/1.5 MB | 61/282 kB
Progress (2): 0.3/1.5 MB | 61/282 kB
Progress (2): 0.3/1.5 MB | 78/282 kB
Progress (2): 0.3/1.5 MB | 78/282 kB
Progress (2): 0.3/1.5 MB | 94/282 kB
Progress (2): 0.3/1.5 MB | 94/282 kB
Progress (2): 0.3/1.5 MB | 111/282 kB
Progress (2): 0.3/1.5 MB | 111/282 kB
Progress (2): 0.3/1.5 MB | 127/282 kB
Progress (3): 0.3/1.5 MB | 127/282 kB | 7.7/467 kB
Progress (3): 0.3/1.5 MB | 127/282 kB | 12/467 kB 
Progress (3): 0.3/1.5 MB | 127/282 kB | 12/467 kB
Progress (3): 0.3/1.5 MB | 127/282 kB | 28/467 kB
Progress (3): 0.4/1.5 MB | 127/282 kB | 28/467 kB
Progress (3): 0.4/1.5 MB | 143/282 kB | 28/467 kB
Progress (3): 0.4/1.5 MB | 143/282 kB | 28/467 kB
Progress (3): 0.4/1.5 MB | 143/282 kB | 28/467 kB
Progress (3): 0.4/1.5 MB | 143/282 kB | 28/467 kB
Progress (3): 0.4/1.5 MB | 160/282 kB | 28/467 kB
Progress (3): 0.4/1.5 MB | 160/282 kB | 28/467 kB
Progress (3): 0.4/1.5 MB | 160/282 kB | 44/467 kB
Progress (3): 0.4/1.5 MB | 160/282 kB | 61/467 kB
Progress (3): 0.4/1.5 MB | 160/282 kB | 61/467 kB
Progress (3): 0.5/1.5 MB | 160/282 kB | 61/467 kB
Progress (3): 0.5/1.5 MB | 160/282 kB | 77/467 kB
Progress (3): 0.5/1.5 MB | 160/282 kB | 93/467 kB
Progress (3): 0.5/1.5 MB | 160/282 kB | 93/467 kB
Progress (3): 0.5/1.5 MB | 176/282 kB | 93/467 kB
Progress (3): 0.5/1.5 MB | 176/282 kB | 93/467 kB
Progress (3): 0.5/1.5 MB | 193/282 kB | 93/467 kB
Progress (3): 0.5/1.5 MB | 193/282 kB | 93/467 kB
Progress (3): 0.5/1.5 MB | 193/282 kB | 93/467 kB
Progress (3): 0.5/1.5 MB | 193/282 kB | 110/467 kB
Progress (3): 0.5/1.5 MB | 193/282 kB | 110/467 kB
Progress (3): 0.5/1.5 MB | 209/282 kB | 110/467 kB
Progress (3): 0.5/1.5 MB | 209/282 kB | 126/467 kB
Progress (3): 0.5/1.5 MB | 209/282 kB | 126/467 kB
Progress (3): 0.5/1.5 MB | 225/282 kB | 126/467 kB
Progress (3): 0.5/1.5 MB | 242/282 kB | 126/467 kB
Progress (3): 0.6/1.5 MB | 242/282 kB | 126/467 kB
Progress (3): 0.6/1.5 MB | 242/282 kB | 143/467 kB
Progress (3): 0.6/1.5 MB | 242/282 kB | 143/467 kB
Progress (3): 0.6/1.5 MB | 242/282 kB | 159/467 kB
Progress (3): 0.6/1.5 MB | 242/282 kB | 175/467 kB
Progress (3): 0.6/1.5 MB | 242/282 kB | 175/467 kB
Progress (3): 0.6/1.5 MB | 242/282 kB | 175/467 kB
Progress (3): 0.6/1.5 MB | 258/282 kB | 175/467 kB
Progress (3): 0.6/1.5 MB | 258/282 kB | 175/467 kB
Progress (3): 0.6/1.5 MB | 258/282 kB | 192/467 kB
Progress (3): 0.6/1.5 MB | 274/282 kB | 192/467 kB
Progress (3): 0.6/1.5 MB | 282 kB | 192/467 kB    
Progress (3): 0.6/1.5 MB | 282 kB | 192/467 kB
Progress (3): 0.6/1.5 MB | 282 kB | 208/467 kB
Progress (3): 0.6/1.5 MB | 282 kB | 225/467 kB
                                              
Downloaded from central: https://repo.maven.apache.org/maven2/org/springframework/spring-tx/6.1.13/spring-tx-6.1.13.jar (282 kB at 205 kB/s)
Downloading from central: https://repo.maven.apache.org/maven2/io/r2dbc/r2dbc-spi/1.0.0.RELEASE/r2dbc-spi-1.0.0.RELEASE.jar
Progress (2): 0.7/1.5 MB | 225/467 kB
Progress (2): 0.7/1.5 MB | 241/467 kB
Progress (2): 0.7/1.5 MB | 257/467 kB
Progress (2): 0.7/1.5 MB | 257/467 kB
Progress (2): 0.7/1.5 MB | 274/467 kB
Progress (2): 0.7/1.5 MB | 274/467 kB
Progress (2): 0.7/1.5 MB | 290/467 kB
Progress (2): 0.7/1.5 MB | 306/467 kB
Progress (2): 0.7/1.5 MB | 323/467 kB
Progress (2): 0.7/1.5 MB | 339/467 kB
Progress (2): 0.7/1.5 MB | 339/467 kB
Progress (2): 0.7/1.5 MB | 356/467 kB
Progress (2): 0.7/1.5 MB | 372/467 kB
Progress (2): 0.7/1.5 MB | 372/467 kB
Progress (2): 0.7/1.5 MB | 388/467 kB
Progress (2): 0.7/1.5 MB | 405/467 kB
Progress (2): 0.7/1.5 MB | 405/467 kB
Progress (2): 0.8/1.5 MB | 405/467 kB
Progress (2): 0.8/1.5 MB | 421/467 kB
Progress (2): 0.8/1.5 MB | 438/467 kB
Progress (2): 0.8/1.5 MB | 454/467 kB
Progress (2): 0.8/1.5 MB | 454/467 kB
Progress (2): 0.8/1.5 MB | 467 kB    
Progress (2): 0.8/1.5 MB | 467 kB
Progress (3): 0.8/1.5 MB | 467 kB | 7.7/149 kB
Progress (3): 0.8/1.5 MB | 467 kB | 16/149 kB 
                                             
Downloaded from central: https://repo.maven.apache.org/maven2/org/springframework/spring-jdbc/6.1.13/spring-jdbc-6.1.13.jar (467 kB at 336 kB/s)
Downloading from central: https://repo.maven.apache.org/maven2/org/reactivestreams/reactive-streams/1.0.4/reactive-streams-1.0.4.jar
Progress (2): 0.8/1.5 MB | 16/149 kB
Progress (2): 0.8/1.5 MB | 32/149 kB
Progress (2): 0.8/1.5 MB | 32/149 kB
Progress (2): 0.8/1.5 MB | 32/149 kB
Progress (2): 0.8/1.5 MB | 49/149 kB
Progress (2): 0.8/1.5 MB | 49/149 kB
Progress (2): 0.9/1.5 MB | 49/149 kB
Progress (2): 0.9/1.5 MB | 65/149 kB
Progress (2): 0.9/1.5 MB | 81/149 kB
Progress (2): 0.9/1.5 MB | 81/149 kB
Progress (2): 0.9/1.5 MB | 98/149 kB
Progress (2): 0.9/1.5 MB | 114/149 kB
Progress (2): 0.9/1.5 MB | 114/149 kB
Progress (2): 0.9/1.5 MB | 114/149 kB
Progress (2): 0.9/1.5 MB | 131/149 kB
Progress (2): 0.9/1.5 MB | 131/149 kB
Progress (2): 0.9/1.5 MB | 147/149 kB
Progress (2): 0.9/1.5 MB | 147/149 kB
Progress (2): 1.0/1.5 MB | 147/149 kB
Progress (2): 1.0/1.5 MB | 149 kB    
Progress (2): 1.0/1.5 MB | 149 kB
                                 
Downloaded from central: https://repo.maven.apache.org/maven2/org/springframework/spring-r2dbc/6.1.13/spring-r2dbc-6.1.13.jar (149 kB at 106 kB/s)
Downloading from central: https://repo.maven.apache.org/maven2/io/r2dbc/r2dbc-pool/1.0.1.RELEASE/r2dbc-pool-1.0.1.RELEASE.jar
Progress (1): 1.0/1.5 MB
Progress (1): 1.0/1.5 MB
Progress (1): 1.0/1.5 MB
Progress (1): 1.0/1.5 MB
Progress (1): 1.1/1.5 MB
Progress (1): 1.1/1.5 MB
Progress (1): 1.1/1.5 MB
Progress (1): 1.1/1.5 MB
Progress (1): 1.1/1.5 MB
Progress (1): 1.1/1.5 MB
Progress (1): 1.2/1.5 MB
Progress (1): 1.2/1.5 MB
Progress (1): 1.2/1.5 MB
Progress (1): 1.2/1.5 MB
Progress (1): 1.2/1.5 MB
Progress (1): 1.2/1.5 MB
Progress (1): 1.3/1.5 MB
Progress (1): 1.3/1.5 MB
Progress (1): 1.3/1.5 MB
Progress (1): 1.3/1.5 MB
Progress (1): 1.3/1.5 MB
Progress (1): 1.3/1.5 MB
Progress (1): 1.4/1.5 MB
Progress (1): 1.4/1.5 MB
Progress (2): 1.4/1.5 MB | 7.7/69 kB
Progress (2): 1.4/1.5 MB | 16/69 kB 
Progress (2): 1.4/1.5 MB | 16/69 kB
Progress (2): 1.4/1.5 MB | 16/69 kB
Progress (2): 1.4/1.5 MB | 32/69 kB
Progress (2): 1.4/1.5 MB | 32/69 kB
Progress (2): 1.4/1.5 MB | 32/69 kB
Progress (2): 1.4/1.5 MB | 32/69 kB
Progress (2): 1.4/1.5 MB | 48/69 kB
Progress (2): 1.5/1.5 MB | 48/69 kB
Progress (2): 1.5 MB | 48/69 kB    
Progress (2): 1.5 MB | 65/69 kB
                               
Downloaded from central: https://repo.maven.apache.org/maven2/org/springframework/data/spring-data-commons/3.3.4/spring-data-commons-3.3.4.jar (1.5 MB at 1.0 MB/s)
Downloading from central: https://repo.maven.apache.org/maven2/io/projectreactor/addons/reactor-pool/1.0.8/reactor-pool-1.0.8.jar
Progress (1): 69 kB
                   
Downloaded from central: https://repo.maven.apache.org/maven2/org/slf4j/slf4j-api/2.0.16/slf4j-api-2.0.16.jar (69 kB at 49 kB/s)
Downloading from central: https://repo.maven.apache.org/maven2/org/postgresql/r2dbc-postgresql/1.0.5.RELEASE/r2dbc-postgresql-1.0.5.RELEASE.jar
Progress (1): 7.7/68 kB
Progress (1): 16/68 kB 
Progress (1): 32/68 kB
Progress (1): 48/68 kB
Progress (1): 65/68 kB
Progress (1): 68 kB   
                   
Downloaded from central: https://repo.maven.apache.org/maven2/io/r2dbc/r2dbc-spi/1.0.0.RELEASE/r2dbc-spi-1.0.0.RELEASE.jar (68 kB at 47 kB/s)
Downloading from central: https://repo.maven.apache.org/maven2/com/ongres/scram/client/2.1/client-2.1.jar
Progress (1): 7.7/12 kB
Progress (1): 12 kB    
                   
Downloaded from central: https://repo.maven.apache.org/maven2/org/reactivestreams/reactive-streams/1.0.4/reactive-streams-1.0.4.jar (12 kB at 8.0 kB/s)
Downloading from central: https://repo.maven.apache.org/maven2/com/ongres/scram/common/2.1/common-2.1.jar
Progress (1): 7.7/48 kB
Progress (1): 7.7/48 kB
Progress (1): 24/48 kB 
Progress (1): 40/48 kB
Progress (1): 48 kB   
                   
Downloaded from central: https://repo.maven.apache.org/maven2/io/r2dbc/r2dbc-pool/1.0.1.RELEASE/r2dbc-pool-1.0.1.RELEASE.jar (48 kB at 32 kB/s)
Downloading from central: https://repo.maven.apache.org/maven2/com/ongres/stringprep/saslprep/1.1/saslprep-1.1.jar
Progress (1): 7.7/55 kB
Progress (1): 16/55 kB 
Progress (1): 25/55 kB
Progress (1): 41/55 kB
Progress (1): 55 kB   
                   
Downloaded from central: https://repo.maven.apache.org/maven2/io/projectreactor/addons/reactor-pool/1.0.8/reactor-pool-1.0.8.jar (55 kB at 37 kB/s)
Downloading from central: https://repo.maven.apache.org/maven2/com/ongres/stringprep/stringprep/1.1/stringprep-1.1.jar
Progress (1): 3.4/624 kB
Progress (1): 20/624 kB 
Progress (1): 36/624 kB
Progress (1): 53/624 kB
Progress (1): 61/624 kB
Progress (1): 77/624 kB
Progress (1): 93/624 kB
Progress (1): 110/624 kB
Progress (1): 126/624 kB
Progress (1): 143/624 kB
Progress (1): 159/624 kB
Progress (1): 175/624 kB
Progress (1): 192/624 kB
Progress (1): 208/624 kB
Progress (1): 225/624 kB
Progress (2): 225/624 kB | 7.7/16 kB
Progress (2): 225/624 kB | 16/16 kB 
Progress (2): 225/624 kB | 16 kB   
Progress (2): 241/624 kB | 16 kB
                                
Downloaded from central: https://repo.maven.apache.org/maven2/com/ongres/scram/client/2.1/client-2.1.jar (16 kB at 11 kB/s)
Downloading from central: https://repo.maven.apache.org/maven2/io/projectreactor/reactor-core/3.6.10/reactor-core-3.6.10.jar
Progress (1): 254/624 kB
Progress (1): 270/624 kB
Progress (2): 270/624 kB | 7.7/67 kB
Progress (2): 270/624 kB | 8.2/67 kB
Progress (2): 287/624 kB | 8.2/67 kB
Progress (2): 303/624 kB | 8.2/67 kB
Progress (2): 319/624 kB | 8.2/67 kB
Progress (2): 319/624 kB | 25/67 kB 
Progress (2): 336/624 kB | 25/67 kB
Progress (2): 336/624 kB | 41/67 kB
Progress (2): 352/624 kB | 41/67 kB
Progress (2): 352/624 kB | 57/67 kB
Progress (2): 369/624 kB | 57/67 kB
Progress (2): 369/624 kB | 67 kB   
Progress (2): 385/624 kB | 67 kB
                                
Downloaded from central: https://repo.maven.apache.org/maven2/com/ongres/scram/common/2.1/common-2.1.jar (67 kB at 43 kB/s)
Downloading from central: https://repo.maven.apache.org/maven2/io/projectreactor/netty/reactor-netty-core/1.1.22/reactor-netty-core-1.1.22.jar
Progress (1): 401/624 kB
Progress (1): 418/624 kB
Progress (1): 434/624 kB
Progress (2): 434/624 kB | 7.7/36 kB
Progress (2): 434/624 kB | 16/36 kB 
Progress (2): 451/624 kB | 16/36 kB
Progress (2): 451/624 kB | 28/36 kB
Progress (3): 451/624 kB | 28/36 kB | 3.8 kB
                                            
Downloaded from central: https://repo.maven.apache.org/maven2/com/ongres/stringprep/saslprep/1.1/saslprep-1.1.jar (3.8 kB at 2.5 kB/s)
Downloading from central: https://repo.maven.apache.org/maven2/io/netty/netty-handler/4.1.113.Final/netty-handler-4.1.113.Final.jar
Progress (2): 451/624 kB | 36 kB
Progress (2): 467/624 kB | 36 kB
Progress (2): 483/624 kB | 36 kB
                                
Downloaded from central: https://repo.maven.apache.org/maven2/com/ongres/stringprep/stringprep/1.1/stringprep-1.1.jar (36 kB at 23 kB/s)
Downloading from central: https://repo.maven.apache.org/maven2/io/netty/netty-common/4.1.113.Final/netty-common-4.1.113.Final.jar
Progress (1): 500/624 kB
Progress (1): 516/624 kB
Progress (1): 532/624 kB
Progress (1): 549/624 kB
Progress (1): 565/624 kB
Progress (1): 582/624 kB
Progress (1): 598/624 kB
Progress (1): 614/624 kB
Progress (1): 624 kB    
                    
Downloaded from central: https://repo.maven.apache.org/maven2/org/postgresql/r2dbc-postgresql/1.0.5.RELEASE/r2dbc-postgresql-1.0.5.RELEASE.jar (624 kB at 398 kB/s)
Downloading from central: https://repo.maven.apache.org/maven2/io/netty/netty-resolver/4.1.113.Final/netty-resolver-4.1.113.Final.jar
Progress (1): 0/1.9 MB
Progress (1): 0/1.9 MB
Progress (1): 0/1.9 MB
Progress (1): 0/1.9 MB
Progress (1): 0.1/1.9 MB
Progress (1): 0.1/1.9 MB
Progress (1): 0.1/1.9 MB
Progress (2): 0.1/1.9 MB | 7.7/521 kB
Progress (2): 0.1/1.9 MB | 16/521 kB 
Progress (2): 0.1/1.9 MB | 24/521 kB
Progress (2): 0.1/1.9 MB | 24/521 kB
Progress (2): 0.1/1.9 MB | 24/521 kB
Progress (2): 0.1/1.9 MB | 24/521 kB
Progress (2): 0.2/1.9 MB | 24/521 kB
Progress (2): 0.2/1.9 MB | 24/521 kB
Progress (2): 0.2/1.9 MB | 24/521 kB
Progress (2): 0.2/1.9 MB | 40/521 kB
Progress (2): 0.2/1.9 MB | 40/521 kB
Progress (3): 0.2/1.9 MB | 40/521 kB | 7.7/571 kB
Progress (3): 0.2/1.9 MB | 40/521 kB | 7.7/571 kB
Progress (3): 0.2/1.9 MB | 40/521 kB | 16/571 kB 
Progress (3): 0.2/1.9 MB | 40/521 kB | 16/571 kB
Progress (3): 0.2/1.9 MB | 40/521 kB | 28/571 kB
Progress (3): 0.3/1.9 MB | 40/521 kB | 28/571 kB
Progress (3): 0.3/1.9 MB | 40/521 kB | 28/571 kB
Progress (3): 0.3/1.9 MB | 40/521 kB | 44/571 kB
Progress (3): 0.3/1.9 MB | 40/521 kB | 44/571 kB
Progress (3): 0.3/1.9 MB | 57/521 kB | 44/571 kB
Progress (3): 0.3/1.9 MB | 57/521 kB | 61/571 kB
Progress (4): 0.3/1.9 MB | 57/521 kB | 61/571 kB | 7.7/695 kB
Progress (4): 0.3/1.9 MB | 57/521 kB | 61/571 kB | 16/695 kB 
Progress (4): 0.3/1.9 MB | 57/521 kB | 61/571 kB | 16/695 kB
Progress (4): 0.3/1.9 MB | 57/521 kB | 61/571 kB | 16/695 kB
Progress (4): 0.3/1.9 MB | 57/521 kB | 77/571 kB | 16/695 kB
Progress (4): 0.3/1.9 MB | 57/521 kB | 77/571 kB | 32/695 kB
Progress (4): 0.3/1.9 MB | 57/521 kB | 77/571 kB | 32/695 kB
Progress (4): 0.3/1.9 MB | 57/521 kB | 93/571 kB | 32/695 kB
Progress (4): 0.3/1.9 MB | 57/521 kB | 93/571 kB | 32/695 kB
Progress (4): 0.3/1.9 MB | 57/521 kB | 110/571 kB | 32/695 kB
Progress (4): 0.3/1.9 MB | 73/521 kB | 110/571 kB | 32/695 kB
Progress (4): 0.4/1.9 MB | 73/521 kB | 110/571 kB | 32/695 kB
Progress (4): 0.4/1.9 MB | 73/521 kB | 126/571 kB | 32/695 kB
Progress (4): 0.4/1.9 MB | 90/521 kB | 126/571 kB | 32/695 kB
Progress (4): 0.4/1.9 MB | 106/521 kB | 126/571 kB | 32/695 kB
Progress (4): 0.4/1.9 MB | 106/521 kB | 131/571 kB | 32/695 kB
Progress (4): 0.4/1.9 MB | 106/521 kB | 131/571 kB | 48/695 kB
Progress (4): 0.4/1.9 MB | 106/521 kB | 147/571 kB | 48/695 kB
Progress (4): 0.4/1.9 MB | 106/521 kB | 147/571 kB | 48/695 kB
Progress (4): 0.4/1.9 MB | 106/521 kB | 164/571 kB | 48/695 kB
Progress (4): 0.4/1.9 MB | 106/521 kB | 180/571 kB | 48/695 kB
Progress (4): 0.4/1.9 MB | 106/521 kB | 180/571 kB | 48/695 kB
Progress (4): 0.4/1.9 MB | 106/521 kB | 180/571 kB | 65/695 kB
Progress (4): 0.4/1.9 MB | 106/521 kB | 180/571 kB | 65/695 kB
Progress (4): 0.4/1.9 MB | 106/521 kB | 180/571 kB | 81/695 kB
Progress (4): 0.4/1.9 MB | 106/521 kB | 180/571 kB | 81/695 kB
Progress (4): 0.4/1.9 MB | 106/521 kB | 180/571 kB | 81/695 kB
Progress (4): 0.4/1.9 MB | 122/521 kB | 180/571 kB | 81/695 kB
Progress (4): 0.4/1.9 MB | 122/521 kB | 180/571 kB | 98/695 kB
Progress (4): 0.5/1.9 MB | 122/521 kB | 180/571 kB | 98/695 kB
Progress (4): 0.5/1.9 MB | 122/521 kB | 180/571 kB | 98/695 kB
Progress (4): 0.5/1.9 MB | 139/521 kB | 180/571 kB | 98/695 kB
Progress (4): 0.5/1.9 MB | 139/521 kB | 180/571 kB | 114/695 kB
Progress (4): 0.5/1.9 MB | 139/521 kB | 180/571 kB | 114/695 kB
Progress (4): 0.5/1.9 MB | 139/521 kB | 180/571 kB | 130/695 kB
Progress (4): 0.5/1.9 MB | 139/521 kB | 180/571 kB | 130/695 kB
Progress (4): 0.5/1.9 MB | 155/521 kB | 180/571 kB | 130/695 kB
Progress (4): 0.5/1.9 MB | 172/521 kB | 180/571 kB | 130/695 kB
Progress (4): 0.5/1.9 MB | 188/521 kB | 180/571 kB | 130/695 kB
Progress (4): 0.5/1.9 MB | 188/521 kB | 180/571 kB | 130/695 kB
Progress (4): 0.5/1.9 MB | 188/521 kB | 180/571 kB | 147/695 kB
Progress (4): 0.5/1.9 MB | 204/521 kB | 180/571 kB | 147/695 kB
Progress (4): 0.5/1.9 MB | 204/521 kB | 180/571 kB | 147/695 kB
Progress (4): 0.6/1.9 MB | 204/521 kB | 180/571 kB | 147/695 kB
Progress (4): 0.6/1.9 MB | 221/521 kB | 180/571 kB | 147/695 kB
Progress (4): 0.6/1.9 MB | 237/521 kB | 180/571 kB | 147/695 kB
Progress (4): 0.6/1.9 MB | 237/521 kB | 180/571 kB | 163/695 kB
Progress (4): 0.6/1.9 MB | 237/521 kB | 180/571 kB | 163/695 kB
Progress (4): 0.6/1.9 MB | 237/521 kB | 180/571 kB | 163/695 kB
Progress (4): 0.6/1.9 MB | 237/521 kB | 180/571 kB | 163/695 kB
Progress (4): 0.6/1.9 MB | 253/521 kB | 180/571 kB | 163/695 kB
Progress (4): 0.6/1.9 MB | 253/521 kB | 180/571 kB | 163/695 kB
Progress (4): 0.6/1.9 MB | 253/521 kB | 180/571 kB | 163/695 kB
Progress (4): 0.6/1.9 MB | 270/521 kB | 180/571 kB | 163/695 kB
Progress (4): 0.6/1.9 MB | 286/521 kB | 180/571 kB | 163/695 kB
Progress (4): 0.6/1.9 MB | 303/521 kB | 180/571 kB | 163/695 kB
Progress (4): 0.6/1.9 MB | 319/521 kB | 180/571 kB | 163/695 kB
Progress (4): 0.7/1.9 MB | 319/521 kB | 180/571 kB | 163/695 kB
Progress (4): 0.7/1.9 MB | 319/521 kB | 180/571 kB | 163/695 kB
Progress (4): 0.7/1.9 MB | 335/521 kB | 180/571 kB | 163/695 kB
Progress (4): 0.7/1.9 MB | 335/521 kB | 180/571 kB | 163/695 kB
Progress (4): 0.7/1.9 MB | 335/521 kB | 180/571 kB | 163/695 kB
Progress (4): 0.7/1.9 MB | 335/521 kB | 180/571 kB | 163/695 kB
Progress (4): 0.7/1.9 MB | 335/521 kB | 180/571 kB | 163/695 kB
Progress (4): 0.8/1.9 MB | 335/521 kB | 180/571 kB | 163/695 kB
Progress (4): 0.8/1.9 MB | 335/521 kB | 180/571 kB | 163/695 kB
Progress (4): 0.8/1.9 MB | 335/521 kB | 180/571 kB | 163/695 kB
Progress (4): 0.8/1.9 MB | 335/521 kB | 180/571 kB | 163/695 kB
Progress (4): 0.8/1.9 MB | 335/521 kB | 180/571 kB | 163/695 kB
Progress (4): 0.8/1.9 MB | 352/521 kB | 180/571 kB | 163/695 kB
Progress (4): 0.8/1.9 MB | 368/521 kB | 180/571 kB | 163/695 kB
Progress (4): 0.8/1.9 MB | 385/521 kB | 180/571 kB | 163/695 kB
Progress (4): 0.8/1.9 MB | 401/521 kB | 180/571 kB | 163/695 kB
Progress (4): 0.8/1.9 MB | 417/521 kB | 180/571 kB | 163/695 kB
Progress (4): 0.8/1.9 MB | 434/521 kB | 180/571 kB | 163/695 kB
Progress (4): 0.8/1.9 MB | 450/521 kB | 180/571 kB | 163/695 kB
Progress (4): 0.8/1.9 MB | 466/521 kB | 180/571 kB | 163/695 kB
Progress (4): 0.8/1.9 MB | 483/521 kB | 180/571 kB | 163/695 kB
Progress (5): 0.8/1.9 MB | 483/521 kB | 180/571 kB | 163/695 kB | 7.7/38 kB
Progress (5): 0.8/1.9 MB | 483/521 kB | 180/571 kB | 163/695 kB | 16/38 kB 
Progress (5): 0.8/1.9 MB | 483/521 kB | 180/571 kB | 163/695 kB | 25/38 kB
Progress (5): 0.8/1.9 MB | 483/521 kB | 180/571 kB | 163/695 kB | 38 kB   
                                                                       
Downloaded from central: https://repo.maven.apache.org/maven2/io/netty/netty-resolver/4.1.113.Final/netty-resolver-4.1.113.Final.jar (38 kB at 22 kB/s)
Downloading from central: https://repo.maven.apache.org/maven2/io/netty/netty-buffer/4.1.113.Final/netty-buffer-4.1.113.Final.jar
Progress (4): 0.8/1.9 MB | 483/521 kB | 180/571 kB | 179/695 kB
Progress (4): 0.8/1.9 MB | 483/521 kB | 180/571 kB | 196/695 kB
Progress (4): 0.8/1.9 MB | 483/521 kB | 180/571 kB | 196/695 kB
Progress (4): 0.8/1.9 MB | 483/521 kB | 180/571 kB | 212/695 kB
Progress (4): 0.8/1.9 MB | 483/521 kB | 180/571 kB | 229/695 kB
Progress (4): 0.9/1.9 MB | 483/521 kB | 180/571 kB | 229/695 kB
Progress (4): 0.9/1.9 MB | 483/521 kB | 197/571 kB | 229/695 kB
Progress (4): 0.9/1.9 MB | 483/521 kB | 197/571 kB | 245/695 kB
Progress (4): 0.9/1.9 MB | 483/521 kB | 213/571 kB | 245/695 kB
Progress (4): 0.9/1.9 MB | 483/521 kB | 213/571 kB | 245/695 kB
Progress (4): 0.9/1.9 MB | 483/521 kB | 229/571 kB | 245/695 kB
Progress (4): 0.9/1.9 MB | 483/521 kB | 229/571 kB | 261/695 kB
Progress (4): 0.9/1.9 MB | 483/521 kB | 229/571 kB | 261/695 kB
Progress (4): 0.9/1.9 MB | 483/521 kB | 246/571 kB | 261/695 kB
Progress (4): 0.9/1.9 MB | 483/521 kB | 262/571 kB | 261/695 kB
Progress (4): 0.9/1.9 MB | 483/521 kB | 262/571 kB | 278/695 kB
Progress (4): 0.9/1.9 MB | 483/521 kB | 262/571 kB | 278/695 kB
Progress (4): 0.9/1.9 MB | 483/521 kB | 279/571 kB | 278/695 kB
Progress (4): 0.9/1.9 MB | 483/521 kB | 295/571 kB | 278/695 kB
Progress (4): 0.9/1.9 MB | 483/521 kB | 295/571 kB | 294/695 kB
Progress (4): 0.9/1.9 MB | 483/521 kB | 295/571 kB | 294/695 kB
Progress (4): 0.9/1.9 MB | 483/521 kB | 295/571 kB | 311/695 kB
Progress (4): 0.9/1.9 MB | 483/521 kB | 295/571 kB | 311/695 kB
Progress (4): 0.9/1.9 MB | 483/521 kB | 311/571 kB | 311/695 kB
Progress (4): 1.0/1.9 MB | 483/521 kB | 311/571 kB | 311/695 kB
Progress (4): 1.0/1.9 MB | 483/521 kB | 311/571 kB | 327/695 kB
Progress (4): 1.0/1.9 MB | 483/521 kB | 328/571 kB | 327/695 kB
Progress (4): 1.0/1.9 MB | 483/521 kB | 328/571 kB | 327/695 kB
Progress (4): 1.0/1.9 MB | 483/521 kB | 344/571 kB | 327/695 kB
Progress (4): 1.0/1.9 MB | 483/521 kB | 360/571 kB | 327/695 kB
Progress (4): 1.0/1.9 MB | 483/521 kB | 360/571 kB | 327/695 kB
Progress (4): 1.0/1.9 MB | 483/521 kB | 360/571 kB | 343/695 kB
Progress (4): 1.0/1.9 MB | 483/521 kB | 377/571 kB | 343/695 kB
Progress (4): 1.0/1.9 MB | 483/521 kB | 377/571 kB | 343/695 kB
Progress (4): 1.0/1.9 MB | 483/521 kB | 377/571 kB | 360/695 kB
Progress (4): 1.0/1.9 MB | 483/521 kB | 377/571 kB | 360/695 kB
Progress (4): 1.0/1.9 MB | 483/521 kB | 393/571 kB | 360/695 kB
Progress (4): 1.0/1.9 MB | 483/521 kB | 393/571 kB | 376/695 kB
Progress (4): 1.0/1.9 MB | 483/521 kB | 393/571 kB | 376/695 kB
Progress (4): 1.0/1.9 MB | 483/521 kB | 410/571 kB | 376/695 kB
Progress (4): 1.0/1.9 MB | 483/521 kB | 410/571 kB | 376/695 kB
Progress (4): 1.0/1.9 MB | 483/521 kB | 410/571 kB | 392/695 kB
Progress (4): 1.0/1.9 MB | 483/521 kB | 426/571 kB | 392/695 kB
Progress (4): 1.1/1.9 MB | 483/521 kB | 426/571 kB | 392/695 kB
Progress (4): 1.1/1.9 MB | 483/521 kB | 442/571 kB | 392/695 kB
Progress (4): 1.1/1.9 MB | 483/521 kB | 442/571 kB | 409/695 kB
Progress (4): 1.1/1.9 MB | 483/521 kB | 442/571 kB | 409/695 kB
Progress (4): 1.1/1.9 MB | 483/521 kB | 459/571 kB | 409/695 kB
Progress (4): 1.1/1.9 MB | 483/521 kB | 459/571 kB | 425/695 kB
Progress (4): 1.1/1.9 MB | 483/521 kB | 459/571 kB | 425/695 kB
Progress (4): 1.1/1.9 MB | 483/521 kB | 475/571 kB | 425/695 kB
Progress (4): 1.1/1.9 MB | 483/521 kB | 475/571 kB | 442/695 kB
Progress (4): 1.1/1.9 MB | 483/521 kB | 475/571 kB | 442/695 kB
Progress (4): 1.1/1.9 MB | 483/521 kB | 492/571 kB | 442/695 kB
Progress (4): 1.1/1.9 MB | 483/521 kB | 508/571 kB | 442/695 kB
Progress (4): 1.1/1.9 MB | 483/521 kB | 508/571 kB | 458/695 kB
Progress (4): 1.1/1.9 MB | 483/521 kB | 508/571 kB | 458/695 kB
Progress (4): 1.1/1.9 MB | 483/521 kB | 508/571 kB | 458/695 kB
Progress (4): 1.1/1.9 MB | 483/521 kB | 524/571 kB | 458/695 kB
Progress (4): 1.1/1.9 MB | 483/521 kB | 541/571 kB | 458/695 kB
Progress (4): 1.2/1.9 MB | 483/521 kB | 541/571 kB | 458/695 kB
Progress (4): 1.2/1.9 MB | 483/521 kB | 557/571 kB | 458/695 kB
Progress (4): 1.2/1.9 MB | 483/521 kB | 557/571 kB | 458/695 kB
Progress (4): 1.2/1.9 MB | 483/521 kB | 571 kB | 458/695 kB    
Progress (4): 1.2/1.9 MB | 483/521 kB | 571 kB | 474/695 kB
                                                           
Downloaded from central: https://repo.maven.apache.org/maven2/io/netty/netty-handler/4.1.113.Final/netty-handler-4.1.113.Final.jar (571 kB at 321 kB/s)
Downloading from central: https://repo.maven.apache.org/maven2/io/netty/netty-transport/4.1.113.Final/netty-transport-4.1.113.Final.jar
Progress (3): 1.2/1.9 MB | 483/521 kB | 474/695 kB
Progress (3): 1.2/1.9 MB | 483/521 kB | 491/695 kB
Progress (3): 1.2/1.9 MB | 483/521 kB | 491/695 kB
Progress (3): 1.2/1.9 MB | 483/521 kB | 491/695 kB
Progress (3): 1.2/1.9 MB | 483/521 kB | 507/695 kB
Progress (3): 1.2/1.9 MB | 483/521 kB | 507/695 kB
Progress (3): 1.2/1.9 MB | 483/521 kB | 524/695 kB
Progress (3): 1.3/1.9 MB | 483/521 kB | 524/695 kB
Progress (3): 1.3/1.9 MB | 483/521 kB | 540/695 kB
Progress (3): 1.3/1.9 MB | 483/521 kB | 540/695 kB
Progress (3): 1.3/1.9 MB | 483/521 kB | 556/695 kB
Progress (3): 1.3/1.9 MB | 483/521 kB | 573/695 kB
Progress (3): 1.3/1.9 MB | 483/521 kB | 573/695 kB
Progress (3): 1.3/1.9 MB | 483/521 kB | 589/695 kB
Progress (3): 1.3/1.9 MB | 483/521 kB | 589/695 kB
Progress (3): 1.3/1.9 MB | 483/521 kB | 595/695 kB
Progress (3): 1.3/1.9 MB | 483/521 kB | 595/695 kB
Progress (3): 1.3/1.9 MB | 483/521 kB | 612/695 kB
Progress (3): 1.3/1.9 MB | 483/521 kB | 612/695 kB
Progress (3): 1.4/1.9 MB | 483/521 kB | 612/695 kB
Progress (3): 1.4/1.9 MB | 483/521 kB | 628/695 kB
Progress (3): 1.4/1.9 MB | 483/521 kB | 645/695 kB
Progress (3): 1.4/1.9 MB | 483/521 kB | 645/695 kB
Progress (3): 1.4/1.9 MB | 483/521 kB | 661/695 kB
Progress (3): 1.4/1.9 MB | 483/521 kB | 661/695 kB
Progress (3): 1.4/1.9 MB | 483/521 kB | 677/695 kB
Progress (3): 1.4/1.9 MB | 483/521 kB | 694/695 kB
Progress (3): 1.4/1.9 MB | 483/521 kB | 695 kB    
Progress (3): 1.4/1.9 MB | 483/521 kB | 695 kB
                                              
Downloaded from central: https://repo.maven.apache.org/maven2/io/netty/netty-common/4.1.113.Final/netty-common-4.1.113.Final.jar (695 kB at 387 kB/s)
Downloading from central: https://repo.maven.apache.org/maven2/io/netty/netty-transport-native-unix-common/4.1.113.Final/netty-transport-native-unix-common-4.1.113.Final.jar
Progress (2): 1.4/1.9 MB | 483/521 kB
Progress (2): 1.4/1.9 MB | 483/521 kB
Progress (2): 1.5/1.9 MB | 483/521 kB
Progress (2): 1.5/1.9 MB | 483/521 kB
Progress (2): 1.5/1.9 MB | 483/521 kB
Progress (2): 1.5/1.9 MB | 483/521 kB
Progress (2): 1.5/1.9 MB | 483/521 kB
Progress (2): 1.5/1.9 MB | 483/521 kB
Progress (2): 1.6/1.9 MB | 483/521 kB
Progress (2): 1.6/1.9 MB | 483/521 kB
Progress (2): 1.6/1.9 MB | 483/521 kB
Progress (2): 1.6/1.9 MB | 483/521 kB
Progress (2): 1.6/1.9 MB | 483/521 kB
Progress (2): 1.6/1.9 MB | 483/521 kB
Progress (2): 1.7/1.9 MB | 483/521 kB
Progress (2): 1.7/1.9 MB | 483/521 kB
Progress (2): 1.7/1.9 MB | 483/521 kB
Progress (2): 1.7/1.9 MB | 483/521 kB
Progress (2): 1.7/1.9 MB | 483/521 kB
Progress (2): 1.7/1.9 MB | 483/521 kB
Progress (2): 1.8/1.9 MB | 483/521 kB
Progress (2): 1.8/1.9 MB | 483/521 kB
Progress (2): 1.8/1.9 MB | 483/521 kB
Progress (2): 1.8/1.9 MB | 483/521 kB
Progress (2): 1.8/1.9 MB | 483/521 kB
Progress (2): 1.8/1.9 MB | 483/521 kB
Progress (2): 1.8/1.9 MB | 483/521 kB
Progress (2): 1.9/1.9 MB | 483/521 kB
Progress (2): 1.9/1.9 MB | 483/521 kB
Progress (2): 1.9/1.9 MB | 499/521 kB
Progress (2): 1.9 MB | 499/521 kB    
Progress (3): 1.9 MB | 499/521 kB | 7.7/337 kB
Progress (3): 1.9 MB | 516/521 kB | 7.7/337 kB
                                              
Downloaded from central: https://repo.maven.apache.org/maven2/io/projectreactor/reactor-core/3.6.10/reactor-core-3.6.10.jar (1.9 MB at 1.0 MB/s)
Progress (2): 516/521 kB | 16/337 kB
                                    
Downloading from central: https://repo.maven.apache.org/maven2/io/netty/netty-codec/4.1.113.Final/netty-codec-4.1.113.Final.jar
Progress (2): 516/521 kB | 28/337 kB
Progress (2): 521 kB | 28/337 kB    
                                
Downloaded from central: https://repo.maven.apache.org/maven2/io/projectreactor/netty/reactor-netty-core/1.1.22/reactor-netty-core-1.1.22.jar (521 kB at 288 kB/s)
Downloading from central: https://repo.maven.apache.org/maven2/io/netty/netty-handler-proxy/4.1.113.Final/netty-handler-proxy-4.1.113.Final.jar
Progress (1): 44/337 kB
Progress (1): 61/337 kB
Progress (1): 77/337 kB
Progress (1): 93/337 kB
Progress (1): 110/337 kB
Progress (1): 126/337 kB
Progress (1): 143/337 kB
Progress (1): 159/337 kB
Progress (1): 175/337 kB
Progress (1): 192/337 kB
Progress (1): 208/337 kB
Progress (1): 213/337 kB
Progress (1): 229/337 kB
Progress (1): 246/337 kB
Progress (1): 262/337 kB
Progress (1): 279/337 kB
Progress (1): 287/337 kB
Progress (1): 303/337 kB
Progress (1): 319/337 kB
Progress (1): 336/337 kB
Progress (1): 337 kB    
                    
Downloaded from central: https://repo.maven.apache.org/maven2/io/netty/netty-buffer/4.1.113.Final/netty-buffer-4.1.113.Final.jar (337 kB at 184 kB/s)
Downloading from central: https://repo.maven.apache.org/maven2/io/netty/netty-codec-socks/4.1.113.Final/netty-codec-socks-4.1.113.Final.jar
Progress (1): 7.7/521 kB
Progress (1): 16/521 kB 
Progress (1): 32/521 kB
Progress (1): 48/521 kB
Progress (1): 65/521 kB
Progress (1): 81/521 kB
Progress (1): 98/521 kB
Progress (1): 114/521 kB
Progress (1): 130/521 kB
Progress (1): 131/521 kB
Progress (1): 147/521 kB
Progress (2): 147/521 kB | 8.2/44 kB
Progress (2): 156/521 kB | 8.2/44 kB
Progress (2): 156/521 kB | 25/44 kB 
Progress (2): 156/521 kB | 41/44 kB
Progress (2): 156/521 kB | 44 kB   
Progress (2): 172/521 kB | 44 kB
                                
Downloaded from central: https://repo.maven.apache.org/maven2/io/netty/netty-transport-native-unix-common/4.1.113.Final/netty-transport-native-unix-common-4.1.113.Final.jar (44 kB at 24 kB/s)
Progress (1): 188/521 kB
                        
Downloading from central: https://repo.maven.apache.org/maven2/io/netty/netty-resolver-dns/4.1.113.Final/netty-resolver-dns-4.1.113.Final.jar
Progress (1): 197/521 kB
Progress (1): 213/521 kB
Progress (1): 229/521 kB
Progress (1): 246/521 kB
Progress (1): 262/521 kB
Progress (1): 279/521 kB
Progress (1): 287/521 kB
Progress (1): 303/521 kB
Progress (1): 319/521 kB
Progress (1): 336/521 kB
Progress (1): 352/521 kB
Progress (1): 369/521 kB
Progress (1): 385/521 kB
Progress (1): 401/521 kB
Progress (1): 418/521 kB
Progress (1): 434/521 kB
Progress (1): 451/521 kB
Progress (1): 467/521 kB
Progress (1): 483/521 kB
Progress (1): 500/521 kB
Progress (1): 516/521 kB
Progress (1): 521 kB    
                    
Downloaded from central: https://repo.maven.apache.org/maven2/io/netty/netty-transport/4.1.113.Final/netty-transport-4.1.113.Final.jar (521 kB at 275 kB/s)
Downloading from central: https://repo.maven.apache.org/maven2/io/netty/netty-codec-dns/4.1.113.Final/netty-codec-dns-4.1.113.Final.jar
Progress (1): 7.7/352 kB
Progress (1): 16/352 kB 
Progress (1): 25/352 kB
Progress (1): 41/352 kB
Progress (2): 41/352 kB | 7.7/26 kB
Progress (2): 41/352 kB | 12/26 kB 
Progress (2): 57/352 kB | 12/26 kB
Progress (2): 74/352 kB | 12/26 kB
Progress (2): 74/352 kB | 26 kB   
                               
Downloaded from central: https://repo.maven.apache.org/maven2/io/netty/netty-handler-proxy/4.1.113.Final/netty-handler-proxy-4.1.113.Final.jar (26 kB at 14 kB/s)
Downloading from central: https://repo.maven.apache.org/maven2/io/netty/netty-resolver-dns-native-macos/4.1.113.Final/netty-resolver-dns-native-macos-4.1.113.Final-osx-x86_64.jar
Progress (1): 90/352 kB
Progress (1): 106/352 kB
Progress (1): 123/352 kB
Progress (1): 139/352 kB
Progress (1): 156/352 kB
Progress (1): 172/352 kB
Progress (1): 188/352 kB
Progress (1): 205/352 kB
Progress (1): 221/352 kB
Progress (1): 238/352 kB
Progress (1): 254/352 kB
Progress (1): 270/352 kB
Progress (2): 270/352 kB | 7.7/121 kB
Progress (2): 270/352 kB | 16/121 kB 
Progress (2): 270/352 kB | 25/121 kB
Progress (2): 287/352 kB | 25/121 kB
Progress (2): 303/352 kB | 25/121 kB
Progress (2): 303/352 kB | 41/121 kB
Progress (2): 319/352 kB | 41/121 kB
Progress (2): 336/352 kB | 41/121 kB
Progress (2): 336/352 kB | 57/121 kB
Progress (2): 352 kB | 57/121 kB    
                                
Downloaded from central: https://repo.maven.apache.org/maven2/io/netty/netty-codec/4.1.113.Final/netty-codec-4.1.113.Final.jar (352 kB at 182 kB/s)
Downloading from central: https://repo.maven.apache.org/maven2/io/netty/netty-resolver-dns-classes-macos/4.1.113.Final/netty-resolver-dns-classes-macos-4.1.113.Final.jar
Progress (1): 74/121 kB
Progress (1): 90/121 kB
Progress (1): 106/121 kB
Progress (1): 121 kB    
Progress (2): 121 kB | 7.7/182 kB
Progress (2): 121 kB | 16/182 kB 
                                
Downloaded from central: https://repo.maven.apache.org/maven2/io/netty/netty-codec-socks/4.1.113.Final/netty-codec-socks-4.1.113.Final.jar (121 kB at 62 kB/s)
Downloading from central: https://repo.maven.apache.org/maven2/io/netty/netty-transport-native-epoll/4.1.113.Final/netty-transport-native-epoll-4.1.113.Final-linux-x86_64.jar
Progress (1): 24/182 kB
Progress (1): 40/182 kB
Progress (1): 57/182 kB
Progress (1): 73/182 kB
Progress (1): 90/182 kB
Progress (1): 106/182 kB
Progress (1): 122/182 kB
Progress (1): 139/182 kB
Progress (1): 155/182 kB
Progress (1): 172/182 kB
Progress (1): 182 kB    
                    
Downloaded from central: https://repo.maven.apache.org/maven2/io/netty/netty-resolver-dns/4.1.113.Final/netty-resolver-dns-4.1.113.Final.jar (182 kB at 93 kB/s)
Downloading from central: https://repo.maven.apache.org/maven2/io/netty/netty-transport-classes-epoll/4.1.113.Final/netty-transport-classes-epoll-4.1.113.Final.jar
Progress (1): 7.7/19 kB
Progress (1): 16/19 kB 
Progress (1): 19 kB   
                   
Downloaded from central: https://repo.maven.apache.org/maven2/io/netty/netty-resolver-dns-native-macos/4.1.113.Final/netty-resolver-dns-native-macos-4.1.113.Final-osx-x86_64.jar (19 kB at 9.9 kB/s)
Downloading from central: https://repo.maven.apache.org/maven2/org/postgresql/postgresql/42.7.4/postgresql-42.7.4.jar
Progress (1): 7.7/67 kB
Progress (1): 16/67 kB 
Progress (1): 32/67 kB
Progress (1): 48/67 kB
Progress (1): 65/67 kB
Progress (1): 67 kB   
                   
Downloaded from central: https://repo.maven.apache.org/maven2/io/netty/netty-codec-dns/4.1.113.Final/netty-codec-dns-4.1.113.Final.jar (67 kB at 34 kB/s)
Downloading from central: https://repo.maven.apache.org/maven2/org/checkerframework/checker-qual/3.42.0/checker-qual-3.42.0.jar
Progress (1): 4.1/9.1 kB
Progress (1): 9.1 kB    
                    
Downloaded from central: https://repo.maven.apache.org/maven2/io/netty/netty-resolver-dns-classes-macos/4.1.113.Final/netty-resolver-dns-classes-macos-4.1.113.Final.jar (9.1 kB at 4.6 kB/s)
Downloading from central: https://repo.maven.apache.org/maven2/org/flywaydb/flyway-core/10.10.0/flyway-core-10.10.0.jar
Progress (1): 7.7/40 kB
Progress (1): 16/40 kB 
Progress (1): 25/40 kB
Progress (1): 40 kB   
                   
Downloaded from central: https://repo.maven.apache.org/maven2/io/netty/netty-transport-native-epoll/4.1.113.Final/netty-transport-native-epoll-4.1.113.Final-linux-x86_64.jar (40 kB at 20 kB/s)
Downloading from central: https://repo.maven.apache.org/maven2/com/fasterxml/jackson/dataformat/jackson-dataformat-toml/2.17.2/jackson-dataformat-toml-2.17.2.jar
Progress (1): 7.7/148 kB
Progress (1): 16/148 kB 
Progress (1): 25/148 kB
Progress (1): 41/148 kB
Progress (1): 57/148 kB
Progress (1): 74/148 kB
Progress (1): 90/148 kB
Progress (1): 106/148 kB
Progress (2): 106/148 kB | 0/1.1 MB
Progress (2): 106/148 kB | 0/1.1 MB
Progress (2): 123/148 kB | 0/1.1 MB
Progress (2): 123/148 kB | 0/1.1 MB
Progress (2): 139/148 kB | 0/1.1 MB
Progress (2): 148 kB | 0/1.1 MB    
                               
Downloaded from central: https://repo.maven.apache.org/maven2/io/netty/netty-transport-classes-epoll/4.1.113.Final/netty-transport-classes-epoll-4.1.113.Final.jar (148 kB at 73 kB/s)
Downloading from central: https://repo.maven.apache.org/maven2/com/fasterxml/jackson/core/jackson-core/2.17.2/jackson-core-2.17.2.jar
Progress (1): 0/1.1 MB
Progress (1): 0.1/1.1 MB
Progress (1): 0.1/1.1 MB
Progress (1): 0.1/1.1 MB
Progress (1): 0.1/1.1 MB
Progress (1): 0.1/1.1 MB
Progress (1): 0.1/1.1 MB
Progress (1): 0.2/1.1 MB
Progress (1): 0.2/1.1 MB
Progress (1): 0.2/1.1 MB
Progress (1): 0.2/1.1 MB
Progress (1): 0.2/1.1 MB
Progress (1): 0.2/1.1 MB
Progress (1): 0.3/1.1 MB
Progress (1): 0.3/1.1 MB
Progress (1): 0.3/1.1 MB
Progress (1): 0.3/1.1 MB
Progress (1): 0.3/1.1 MB
Progress (1): 0.3/1.1 MB
Progress (1): 0.4/1.1 MB
Progress (1): 0.4/1.1 MB
Progress (1): 0.4/1.1 MB
Progress (1): 0.4/1.1 MB
Progress (1): 0.4/1.1 MB
Progress (1): 0.4/1.1 MB
Progress (1): 0.5/1.1 MB
Progress (1): 0.5/1.1 MB
Progress (1): 0.5/1.1 MB
Progress (1): 0.5/1.1 MB
Progress (1): 0.5/1.1 MB
Progress (1): 0.5/1.1 MB
Progress (1): 0.5/1.1 MB
Progress (1): 0.6/1.1 MB
Progress (1): 0.6/1.1 MB
Progress (2): 0.6/1.1 MB | 7.7/231 kB
Progress (2): 0.6/1.1 MB | 7.7/231 kB
Progress (2): 0.6/1.1 MB | 16/231 kB 
Progress (2): 0.6/1.1 MB | 16/231 kB
Progress (2): 0.6/1.1 MB | 32/231 kB
Progress (2): 0.6/1.1 MB | 32/231 kB
Progress (2): 0.6/1.1 MB | 48/231 kB
Progress (2): 0.6/1.1 MB | 48/231 kB
Progress (2): 0.7/1.1 MB | 48/231 kB
Progress (2): 0.7/1.1 MB | 65/231 kB
Progress (2): 0.7/1.1 MB | 81/231 kB
Progress (2): 0.7/1.1 MB | 81/231 kB
Progress (2): 0.7/1.1 MB | 98/231 kB
Progress (2): 0.7/1.1 MB | 98/231 kB
Progress (2): 0.7/1.1 MB | 98/231 kB
Progress (2): 0.7/1.1 MB | 114/231 kB
Progress (2): 0.7/1.1 MB | 114/231 kB
Progress (2): 0.7/1.1 MB | 114/231 kB
Progress (2): 0.7/1.1 MB | 130/231 kB
Progress (2): 0.8/1.1 MB | 130/231 kB
Progress (2): 0.8/1.1 MB | 147/231 kB
Progress (2): 0.8/1.1 MB | 147/231 kB
Progress (2): 0.8/1.1 MB | 147/231 kB
Progress (2): 0.8/1.1 MB | 147/231 kB
Progress (2): 0.8/1.1 MB | 163/231 kB
Progress (2): 0.8/1.1 MB | 179/231 kB
Progress (2): 0.8/1.1 MB | 179/231 kB
Progress (2): 0.8/1.1 MB | 179/231 kB
Progress (2): 0.9/1.1 MB | 179/231 kB
Progress (2): 0.9/1.1 MB | 196/231 kB
Progress (2): 0.9/1.1 MB | 197/231 kB
Progress (2): 0.9/1.1 MB | 197/231 kB
Progress (2): 0.9/1.1 MB | 197/231 kB
Progress (2): 0.9/1.1 MB | 197/231 kB
Progress (2): 0.9/1.1 MB | 197/231 kB
Progress (2): 0.9/1.1 MB | 213/231 kB
Progress (2): 0.9/1.1 MB | 213/231 kB
Progress (2): 0.9/1.1 MB | 229/231 kB
Progress (2): 1.0/1.1 MB | 229/231 kB
Progress (2): 1.0/1.1 MB | 231 kB    
Progress (3): 1.0/1.1 MB | 231 kB | 7.7/810 kB
                                              
Downloaded from central: https://repo.maven.apache.org/maven2/org/checkerframework/checker-qual/3.42.0/checker-qual-3.42.0.jar (231 kB at 111 kB/s)
Progress (2): 1.0/1.1 MB | 16/810 kB
                                    
Downloading from central: https://repo.maven.apache.org/maven2/com/google/code/gson/gson/2.10.1/gson-2.10.1.jar
Progress (2): 1.0/1.1 MB | 16/810 kB
Progress (2): 1.0/1.1 MB | 16/810 kB
Progress (2): 1.0/1.1 MB | 16/810 kB
Progress (2): 1.0/1.1 MB | 16/810 kB
Progress (2): 1.0/1.1 MB | 16/810 kB
Progress (2): 1.0/1.1 MB | 16/810 kB
Progress (2): 1.1/1.1 MB | 16/810 kB
Progress (2): 1.1/1.1 MB | 16/810 kB
Progress (2): 1.1/1.1 MB | 32/810 kB
Progress (2): 1.1 MB | 32/810 kB    
                                
Downloaded from central: https://repo.maven.apache.org/maven2/org/postgresql/postgresql/42.7.4/postgresql-42.7.4.jar (1.1 MB at 519 kB/s)
Downloading from central: https://repo.maven.apache.org/maven2/org/flywaydb/flyway-database-postgresql/10.10.0/flyway-database-postgresql-10.10.0.jar
Progress (1): 48/810 kB
Progress (1): 65/810 kB
Progress (1): 81/810 kB
Progress (1): 98/810 kB
Progress (1): 114/810 kB
Progress (1): 130/810 kB
Progress (1): 147/810 kB
Progress (1): 163/810 kB
Progress (1): 179/810 kB
Progress (1): 196/810 kB
Progress (1): 212/810 kB
Progress (1): 229/810 kB
Progress (1): 245/810 kB
Progress (1): 261/810 kB
Progress (1): 278/810 kB
Progress (1): 294/810 kB
Progress (1): 311/810 kB
Progress (1): 327/810 kB
Progress (1): 343/810 kB
Progress (1): 360/810 kB
Progress (1): 376/810 kB
Progress (1): 392/810 kB
Progress (1): 409/810 kB
Progress (1): 425/810 kB
Progress (1): 442/810 kB
Progress (1): 458/810 kB
Progress (1): 474/810 kB
Progress (1): 491/810 kB
Progress (1): 507/810 kB
Progress (1): 524/810 kB
Progress (1): 540/810 kB
Progress (1): 556/810 kB
Progress (1): 573/810 kB
Progress (1): 589/810 kB
Progress (1): 597/810 kB
Progress (1): 605/810 kB
Progress (1): 622/810 kB
Progress (1): 638/810 kB
Progress (1): 655/810 kB
Progress (1): 671/810 kB
Progress (1): 687/810 kB
Progress (1): 704/810 kB
Progress (1): 720/810 kB
Progress (2): 720/810 kB | 3.4/56 kB
Progress (2): 728/810 kB | 3.4/56 kB
Progress (3): 728/810 kB | 3.4/56 kB | 7.7/582 kB
Progress (3): 728/810 kB | 3.4/56 kB | 16/582 kB 
Progress (3): 728/810 kB | 3.4/56 kB | 25/582 kB
Progress (3): 728/810 kB | 20/56 kB | 25/582 kB 
Progress (3): 745/810 kB | 20/56 kB | 25/582 kB
Progress (3): 745/810 kB | 20/56 kB | 41/582 kB
Progress (3): 761/810 kB | 20/56 kB | 41/582 kB
Progress (3): 761/810 kB | 20/56 kB | 57/582 kB
Progress (3): 778/810 kB | 20/56 kB | 57/582 kB
Progress (3): 778/810 kB | 36/56 kB | 57/582 kB
Progress (3): 778/810 kB | 36/56 kB | 74/582 kB
Progress (3): 794/810 kB | 36/56 kB | 74/582 kB
Progress (3): 794/810 kB | 36/56 kB | 90/582 kB
Progress (3): 810 kB | 36/56 kB | 90/582 kB    
Progress (3): 810 kB | 53/56 kB | 90/582 kB
Progress (3): 810 kB | 56 kB | 90/582 kB   
                                        
Downloaded from central: https://repo.maven.apache.org/maven2/org/flywaydb/flyway-core/10.10.0/flyway-core-10.10.0.jar (810 kB at 380 kB/s)
Downloaded from central: https://repo.maven.apache.org/maven2/com/fasterxml/jackson/dataformat/jackson-dataformat-toml/2.17.2/jackson-dataformat-toml-2.17.2.jar (56 kB at 26 kB/s)
Downloading from central: https://repo.maven.apache.org/maven2/io/jsonwebtoken/jjwt-api/0.12.6/jjwt-api-0.12.6.jar
Downloading from central: https://repo.maven.apache.org/maven2/io/jsonwebtoken/jjwt-impl/0.12.6/jjwt-impl-0.12.6.jar
Progress (1): 106/582 kB
Progress (1): 123/582 kB
Progress (1): 139/582 kB
Progress (1): 156/582 kB
Progress (1): 172/582 kB
Progress (1): 188/582 kB
Progress (1): 205/582 kB
Progress (1): 221/582 kB
Progress (1): 238/582 kB
Progress (1): 254/582 kB
Progress (1): 270/582 kB
Progress (1): 287/582 kB
Progress (1): 303/582 kB
Progress (1): 319/582 kB
Progress (1): 336/582 kB
Progress (1): 352/582 kB
Progress (1): 369/582 kB
Progress (1): 385/582 kB
Progress (1): 401/582 kB
Progress (1): 418/582 kB
Progress (1): 434/582 kB
Progress (1): 451/582 kB
Progress (1): 467/582 kB
Progress (1): 483/582 kB
Progress (1): 500/582 kB
Progress (1): 516/582 kB
Progress (1): 532/582 kB
Progress (1): 549/582 kB
Progress (1): 565/582 kB
Progress (1): 582/582 kB
Progress (1): 582 kB    
                    
Downloaded from central: https://repo.maven.apache.org/maven2/com/fasterxml/jackson/core/jackson-core/2.17.2/jackson-core-2.17.2.jar (582 kB at 270 kB/s)
Downloading from central: https://repo.maven.apache.org/maven2/io/jsonwebtoken/jjwt-jackson/0.12.6/jjwt-jackson-0.12.6.jar
Progress (1): 7.7/283 kB
Progress (1): 16/283 kB 
Progress (1): 24/283 kB
Progress (1): 40/283 kB
Progress (1): 57/283 kB
Progress (1): 73/283 kB
Progress (1): 90/283 kB
Progress (1): 106/283 kB
Progress (1): 122/283 kB
Progress (1): 139/283 kB
Progress (1): 155/283 kB
Progress (2): 155/283 kB | 7.7/47 kB
Progress (2): 155/283 kB | 16/47 kB 
Progress (2): 172/283 kB | 16/47 kB
Progress (2): 172/283 kB | 28/47 kB
Progress (2): 188/283 kB | 28/47 kB
Progress (2): 204/283 kB | 28/47 kB
Progress (2): 204/283 kB | 44/47 kB
Progress (2): 204/283 kB | 47 kB   
Progress (2): 221/283 kB | 47 kB
                                
Downloaded from central: https://repo.maven.apache.org/maven2/org/flywaydb/flyway-database-postgresql/10.10.0/flyway-database-postgresql-10.10.0.jar (47 kB at 22 kB/s)
Downloading from central: https://repo.maven.apache.org/maven2/com/fasterxml/jackson/core/jackson-databind/2.17.2/jackson-databind-2.17.2.jar
Progress (1): 237/283 kB
Progress (1): 253/283 kB
Progress (1): 270/283 kB
Progress (1): 283 kB    
                    
Downloaded from central: https://repo.maven.apache.org/maven2/com/google/code/gson/gson/2.10.1/gson-2.10.1.jar (283 kB at 130 kB/s)
Downloading from central: https://repo.maven.apache.org/maven2/com/fasterxml/jackson/core/jackson-annotations/2.17.2/jackson-annotations-2.17.2.jar
Progress (1): 7.7/140 kB
Progress (1): 8.2/140 kB
Progress (1): 25/140 kB 
Progress (1): 41/140 kB
Progress (2): 41/140 kB | 7.7/473 kB
Progress (2): 41/140 kB | 12/473 kB 
Progress (2): 41/140 kB | 29/473 kB
Progress (2): 57/140 kB | 29/473 kB
Progress (2): 66/140 kB | 29/473 kB
Progress (2): 66/140 kB | 45/473 kB
Progress (2): 66/140 kB | 61/473 kB
Progress (2): 82/140 kB | 61/473 kB
Progress (2): 82/140 kB | 78/473 kB
Progress (2): 98/140 kB | 78/473 kB
Progress (2): 98/140 kB | 94/473 kB
Progress (2): 115/140 kB | 94/473 kB
Progress (2): 115/140 kB | 111/473 kB
Progress (2): 115/140 kB | 127/473 kB
Progress (3): 115/140 kB | 127/473 kB | 7.7/9.4 kB
Progress (3): 115/140 kB | 127/473 kB | 9.4 kB    
Progress (3): 131/140 kB | 127/473 kB | 9.4 kB
                                              
Downloaded from central: https://repo.maven.apache.org/maven2/io/jsonwebtoken/jjwt-jackson/0.12.6/jjwt-jackson-0.12.6.jar (9.4 kB at 4.2 kB/s)
Progress (2): 140 kB | 127/473 kB
                                 
Downloading from central: https://repo.maven.apache.org/maven2/org/projectlombok/lombok/1.18.34/lombok-1.18.34.jar
Downloaded from central: https://repo.maven.apache.org/maven2/io/jsonwebtoken/jjwt-api/0.12.6/jjwt-api-0.12.6.jar (140 kB at 63 kB/s)
Downloading from central: https://repo.maven.apache.org/maven2/org/springframework/boot/spring-boot-starter-test/3.3.4/spring-boot-starter-test-3.3.4.jar
Progress (1): 143/473 kB
Progress (1): 147/473 kB
Progress (1): 164/473 kB
Progress (1): 180/473 kB
Progress (1): 197/473 kB
Progress (1): 213/473 kB
Progress (2): 213/473 kB | 7.7/78 kB
Progress (2): 229/473 kB | 7.7/78 kB
Progress (2): 229/473 kB | 16/78 kB 
Progress (2): 229/473 kB | 29/78 kB
Progress (2): 246/473 kB | 29/78 kB
Progress (2): 246/473 kB | 45/78 kB
Progress (2): 262/473 kB | 45/78 kB
Progress (2): 262/473 kB | 61/78 kB
Progress (2): 279/473 kB | 61/78 kB
Progress (2): 279/473 kB | 78/78 kB
Progress (2): 279/473 kB | 78 kB   
                                
Downloaded from central: https://repo.maven.apache.org/maven2/com/fasterxml/jackson/core/jackson-annotations/2.17.2/jackson-annotations-2.17.2.jar (78 kB at 35 kB/s)
Downloading from central: https://repo.maven.apache.org/maven2/org/springframework/boot/spring-boot-test/3.3.4/spring-boot-test-3.3.4.jar
Progress (1): 295/473 kB
Progress (1): 311/473 kB
Progress (1): 328/473 kB
Progress (1): 344/473 kB
Progress (2): 344/473 kB | 0/1.6 MB
Progress (2): 344/473 kB | 0/1.6 MB
Progress (2): 360/473 kB | 0/1.6 MB
Progress (2): 360/473 kB | 0/1.6 MB
Progress (2): 377/473 kB | 0/1.6 MB
Progress (2): 377/473 kB | 0/1.6 MB
Progress (2): 393/473 kB | 0/1.6 MB
Progress (2): 393/473 kB | 0.1/1.6 MB
Progress (2): 410/473 kB | 0.1/1.6 MB
Progress (2): 410/473 kB | 0.1/1.6 MB
Progress (2): 410/473 kB | 0.1/1.6 MB
Progress (2): 410/473 kB | 0.1/1.6 MB
Progress (2): 426/473 kB | 0.1/1.6 MB
Progress (2): 426/473 kB | 0.1/1.6 MB
Progress (2): 426/473 kB | 0.1/1.6 MB
Progress (2): 426/473 kB | 0.2/1.6 MB
Progress (2): 426/473 kB | 0.2/1.6 MB
Progress (2): 442/473 kB | 0.2/1.6 MB
Progress (2): 459/473 kB | 0.2/1.6 MB
Progress (2): 473 kB | 0.2/1.6 MB    
Progress (2): 473 kB | 0.2/1.6 MB
Progress (2): 473 kB | 0.2/1.6 MB
                                 
Downloaded from central: https://repo.maven.apache.org/maven2/io/jsonwebtoken/jjwt-impl/0.12.6/jjwt-impl-0.12.6.jar (473 kB at 207 kB/s)
Downloading from central: https://repo.maven.apache.org/maven2/org/springframework/boot/spring-boot-test-autoconfigure/3.3.4/spring-boot-test-autoconfigure-3.3.4.jar
Progress (1): 0.2/1.6 MB
Progress (1): 0.2/1.6 MB
Progress (1): 0.2/1.6 MB
Progress (1): 0.3/1.6 MB
Progress (1): 0.3/1.6 MB
Progress (1): 0.3/1.6 MB
Progress (1): 0.3/1.6 MB
Progress (1): 0.3/1.6 MB
Progress (1): 0.3/1.6 MB
Progress (1): 0.4/1.6 MB
Progress (1): 0.4/1.6 MB
Progress (1): 0.4/1.6 MB
Progress (1): 0.4/1.6 MB
Progress (1): 0.4/1.6 MB
Progress (1): 0.4/1.6 MB
Progress (1): 0.4/1.6 MB
Progress (1): 0.4/1.6 MB
Progress (1): 0.5/1.6 MB
Progress (1): 0.5/1.6 MB
Progress (1): 0.5/1.6 MB
Progress (1): 0.5/1.6 MB
Progress (1): 0.5/1.6 MB
Progress (1): 0.5/1.6 MB
Progress (1): 0.6/1.6 MB
Progress (1): 0.6/1.6 MB
Progress (1): 0.6/1.6 MB
Progress (1): 0.6/1.6 MB
Progress (1): 0.6/1.6 MB
Progress (1): 0.6/1.6 MB
Progress (1): 0.7/1.6 MB
Progress (1): 0.7/1.6 MB
Progress (1): 0.7/1.6 MB
Progress (1): 0.7/1.6 MB
Progress (1): 0.7/1.6 MB
Progress (1): 0.7/1.6 MB
Progress (1): 0.8/1.6 MB
Progress (1): 0.8/1.6 MB
Progress (1): 0.8/1.6 MB
Progress (1): 0.8/1.6 MB
Progress (1): 0.8/1.6 MB
Progress (1): 0.8/1.6 MB
Progress (1): 0.9/1.6 MB
Progress (1): 0.9/1.6 MB
Progress (1): 0.9/1.6 MB
Progress (1): 0.9/1.6 MB
Progress (1): 0.9/1.6 MB
Progress (1): 0.9/1.6 MB
Progress (1): 1.0/1.6 MB
Progress (1): 1.0/1.6 MB
Progress (1): 1.0/1.6 MB
Progress (2): 1.0/1.6 MB | 4.8 kB
Progress (2): 1.0/1.6 MB | 4.8 kB
Progress (2): 1.0/1.6 MB | 4.8 kB
                                 
Downloaded from central: https://repo.maven.apache.org/maven2/org/springframework/boot/spring-boot-starter-test/3.3.4/spring-boot-starter-test-3.3.4.jar (4.8 kB at 2.1 kB/s)
Downloading from central: https://repo.maven.apache.org/maven2/com/jayway/jsonpath/json-path/2.9.0/json-path-2.9.0.jar
Progress (1): 1.0/1.6 MB
Progress (1): 1.0/1.6 MB
Progress (1): 1.1/1.6 MB
Progress (1): 1.1/1.6 MB
Progress (1): 1.1/1.6 MB
Progress (1): 1.1/1.6 MB
Progress (1): 1.1/1.6 MB
Progress (1): 1.1/1.6 MB
Progress (1): 1.2/1.6 MB
Progress (1): 1.2/1.6 MB
Progress (1): 1.2/1.6 MB
Progress (1): 1.2/1.6 MB
Progress (1): 1.2/1.6 MB
Progress (1): 1.2/1.6 MB
Progress (1): 1.3/1.6 MB
Progress (1): 1.3/1.6 MB
Progress (1): 1.3/1.6 MB
Progress (1): 1.3/1.6 MB
Progress (1): 1.3/1.6 MB
Progress (1): 1.3/1.6 MB
Progress (1): 1.4/1.6 MB
Progress (2): 1.4/1.6 MB | 0/2.1 MB
Progress (2): 1.4/1.6 MB | 0/2.1 MB
Progress (2): 1.4/1.6 MB | 0/2.1 MB
Progress (2): 1.4/1.6 MB | 0/2.1 MB
Progress (2): 1.4/1.6 MB | 0/2.1 MB
Progress (2): 1.4/1.6 MB | 0/2.1 MB
Progress (2): 1.4/1.6 MB | 0/2.1 MB
Progress (2): 1.4/1.6 MB | 0/2.1 MB
Progress (2): 1.4/1.6 MB | 0.1/2.1 MB
Progress (2): 1.4/1.6 MB | 0.1/2.1 MB
Progress (2): 1.4/1.6 MB | 0.1/2.1 MB
Progress (2): 1.4/1.6 MB | 0.1/2.1 MB
Progress (2): 1.4/1.6 MB | 0.1/2.1 MB
Progress (2): 1.4/1.6 MB | 0.1/2.1 MB
Progress (2): 1.4/1.6 MB | 0.1/2.1 MB
Progress (2): 1.4/1.6 MB | 0.1/2.1 MB
Progress (2): 1.4/1.6 MB | 0.1/2.1 MB
Progress (2): 1.5/1.6 MB | 0.1/2.1 MB
Progress (2): 1.5/1.6 MB | 0.1/2.1 MB
Progress (2): 1.5/1.6 MB | 0.1/2.1 MB
Progress (2): 1.5/1.6 MB | 0.1/2.1 MB
Progress (2): 1.5/1.6 MB | 0.2/2.1 MB
Progress (2): 1.5/1.6 MB | 0.2/2.1 MB
Progress (2): 1.5/1.6 MB | 0.2/2.1 MB
Progress (2): 1.5/1.6 MB | 0.2/2.1 MB
Progress (2): 1.5/1.6 MB | 0.2/2.1 MB
Progress (2): 1.5/1.6 MB | 0.2/2.1 MB
Progress (2): 1.5/1.6 MB | 0.2/2.1 MB
Progress (2): 1.5/1.6 MB | 0.2/2.1 MB
Progress (2): 1.5/1.6 MB | 0.2/2.1 MB
Progress (2): 1.5/1.6 MB | 0.2/2.1 MB
Progress (2): 1.5/1.6 MB | 0.2/2.1 MB
Progress (2): 1.5/1.6 MB | 0.2/2.1 MB
Progress (2): 1.5/1.6 MB | 0.3/2.1 MB
Progress (2): 1.6/1.6 MB | 0.3/2.1 MB
Progress (2): 1.6/1.6 MB | 0.3/2.1 MB
Progress (2): 1.6/1.6 MB | 0.3/2.1 MB
Progress (2): 1.6/1.6 MB | 0.3/2.1 MB
Progress (2): 1.6/1.6 MB | 0.3/2.1 MB
Progress (2): 1.6/1.6 MB | 0.3/2.1 MB
Progress (2): 1.6/1.6 MB | 0.3/2.1 MB
Progress (2): 1.6/1.6 MB | 0.3/2.1 MB
Progress (2): 1.6/1.6 MB | 0.3/2.1 MB
Progress (2): 1.6/1.6 MB | 0.3/2.1 MB
Progress (2): 1.6 MB | 0.3/2.1 MB    
Progress (2): 1.6 MB | 0.3/2.1 MB
                                 
Downloaded from central: https://repo.maven.apache.org/maven2/com/fasterxml/jackson/core/jackson-databind/2.17.2/jackson-databind-2.17.2.jar (1.6 MB at 697 kB/s)
Downloading from central: https://repo.maven.apache.org/maven2/jakarta/xml/bind/jakarta.xml.bind-api/4.0.2/jakarta.xml.bind-api-4.0.2.jar
Progress (1): 0.4/2.1 MB
Progress (1): 0.4/2.1 MB
Progress (1): 0.4/2.1 MB
Progress (1): 0.4/2.1 MB
Progress (1): 0.4/2.1 MB
Progress (1): 0.4/2.1 MB
Progress (1): 0.5/2.1 MB
Progress (1): 0.5/2.1 MB
Progress (1): 0.5/2.1 MB
Progress (1): 0.5/2.1 MB
Progress (1): 0.5/2.1 MB
Progress (1): 0.5/2.1 MB
Progress (1): 0.5/2.1 MB
Progress (1): 0.6/2.1 MB
Progress (1): 0.6/2.1 MB
Progress (1): 0.6/2.1 MB
Progress (2): 0.6/2.1 MB | 7.7/249 kB
Progress (2): 0.6/2.1 MB | 16/249 kB 
Progress (2): 0.6/2.1 MB | 25/249 kB
Progress (2): 0.6/2.1 MB | 41/249 kB
Progress (2): 0.6/2.1 MB | 41/249 kB
Progress (2): 0.6/2.1 MB | 41/249 kB
Progress (2): 0.6/2.1 MB | 41/249 kB
Progress (2): 0.6/2.1 MB | 57/249 kB
Progress (2): 0.7/2.1 MB | 57/249 kB
Progress (2): 0.7/2.1 MB | 57/249 kB
Progress (2): 0.7/2.1 MB | 57/249 kB
Progress (2): 0.7/2.1 MB | 57/249 kB
Progress (2): 0.7/2.1 MB | 57/249 kB
Progress (2): 0.7/2.1 MB | 74/249 kB
Progress (2): 0.7/2.1 MB | 74/249 kB
Progress (2): 0.7/2.1 MB | 90/249 kB
Progress (2): 0.8/2.1 MB | 90/249 kB
Progress (2): 0.8/2.1 MB | 90/249 kB
Progress (2): 0.8/2.1 MB | 106/249 kB
Progress (2): 0.8/2.1 MB | 106/249 kB
Progress (2): 0.8/2.1 MB | 123/249 kB
Progress (2): 0.8/2.1 MB | 123/249 kB
Progress (2): 0.8/2.1 MB | 139/249 kB
Progress (2): 0.8/2.1 MB | 139/249 kB
Progress (2): 0.8/2.1 MB | 139/249 kB
Progress (2): 0.9/2.1 MB | 139/249 kB
Progress (2): 0.9/2.1 MB | 139/249 kB
Progress (2): 0.9/2.1 MB | 139/249 kB
Progress (2): 0.9/2.1 MB | 156/249 kB
Progress (2): 0.9/2.1 MB | 156/249 kB
Progress (2): 0.9/2.1 MB | 156/249 kB
Progress (2): 0.9/2.1 MB | 156/249 kB
Progress (2): 0.9/2.1 MB | 172/249 kB
Progress (2): 1.0/2.1 MB | 172/249 kB
Progress (2): 1.0/2.1 MB | 188/249 kB
Progress (2): 1.0/2.1 MB | 205/249 kB
Progress (2): 1.0/2.1 MB | 205/249 kB
Progress (2): 1.0/2.1 MB | 205/249 kB
Progress (2): 1.0/2.1 MB | 205/249 kB
Progress (2): 1.0/2.1 MB | 221/249 kB
Progress (2): 1.0/2.1 MB | 221/249 kB
Progress (2): 1.0/2.1 MB | 238/249 kB
Progress (2): 1.0/2.1 MB | 249 kB    
                                 
Downloaded from central: https://repo.maven.apache.org/maven2/org/springframework/boot/spring-boot-test/3.3.4/spring-boot-test-3.3.4.jar (249 kB at 104 kB/s)
Downloading from central: https://repo.maven.apache.org/maven2/jakarta/activation/jakarta.activation-api/2.1.3/jakarta.activation-api-2.1.3.jar
Progress (1): 1.0/2.1 MB
Progress (1): 1.1/2.1 MB
Progress (1): 1.1/2.1 MB
Progress (1): 1.1/2.1 MB
Progress (1): 1.1/2.1 MB
Progress (1): 1.1/2.1 MB
Progress (1): 1.1/2.1 MB
Progress (1): 1.2/2.1 MB
Progress (1): 1.2/2.1 MB
Progress (1): 1.2/2.1 MB
Progress (1): 1.2/2.1 MB
Progress (1): 1.2/2.1 MB
Progress (1): 1.2/2.1 MB
Progress (1): 1.3/2.1 MB
Progress (1): 1.3/2.1 MB
Progress (1): 1.3/2.1 MB
Progress (1): 1.3/2.1 MB
Progress (1): 1.3/2.1 MB
Progress (1): 1.3/2.1 MB
Progress (1): 1.4/2.1 MB
Progress (2): 1.4/2.1 MB | 7.7/219 kB
Progress (2): 1.4/2.1 MB | 8.2/219 kB
Progress (2): 1.4/2.1 MB | 8.2/219 kB
Progress (2): 1.4/2.1 MB | 8.2/219 kB
Progress (2): 1.4/2.1 MB | 8.2/219 kB
Progress (2): 1.4/2.1 MB | 8.2/219 kB
Progress (2): 1.4/2.1 MB | 25/219 kB 
Progress (2): 1.4/2.1 MB | 25/219 kB
Progress (2): 1.4/2.1 MB | 41/219 kB
Progress (2): 1.4/2.1 MB | 57/219 kB
Progress (2): 1.4/2.1 MB | 74/219 kB
Progress (2): 1.4/2.1 MB | 74/219 kB
Progress (2): 1.4/2.1 MB | 90/219 kB
Progress (2): 1.5/2.1 MB | 90/219 kB
Progress (2): 1.5/2.1 MB | 90/219 kB
Progress (3): 1.5/2.1 MB | 90/219 kB | 7.7/277 kB
Progress (3): 1.5/2.1 MB | 90/219 kB | 16/277 kB 
Progress (3): 1.5/2.1 MB | 106/219 kB | 16/277 kB
Progress (3): 1.5/2.1 MB | 106/219 kB | 16/277 kB
Progress (3): 1.5/2.1 MB | 123/219 kB | 16/277 kB
Progress (3): 1.5/2.1 MB | 123/219 kB | 32/277 kB
Progress (3): 1.5/2.1 MB | 139/219 kB | 32/277 kB
Progress (3): 1.5/2.1 MB | 139/219 kB | 32/277 kB
Progress (3): 1.5/2.1 MB | 147/219 kB | 32/277 kB
Progress (3): 1.5/2.1 MB | 164/219 kB | 32/277 kB
Progress (3): 1.5/2.1 MB | 164/219 kB | 32/277 kB
Progress (3): 1.5/2.1 MB | 164/219 kB | 49/277 kB
Progress (3): 1.5/2.1 MB | 164/219 kB | 49/277 kB
Progress (3): 1.5/2.1 MB | 164/219 kB | 65/277 kB
Progress (3): 1.6/2.1 MB | 164/219 kB | 65/277 kB
Progress (3): 1.6/2.1 MB | 180/219 kB | 65/277 kB
Progress (3): 1.6/2.1 MB | 180/219 kB | 65/277 kB
Progress (3): 1.6/2.1 MB | 180/219 kB | 81/277 kB
Progress (3): 1.6/2.1 MB | 180/219 kB | 81/277 kB
Progress (3): 1.6/2.1 MB | 197/219 kB | 81/277 kB
Progress (3): 1.6/2.1 MB | 197/219 kB | 81/277 kB
Progress (3): 1.6/2.1 MB | 213/219 kB | 81/277 kB
Progress (3): 1.6/2.1 MB | 213/219 kB | 81/277 kB
Progress (3): 1.6/2.1 MB | 213/219 kB | 98/277 kB
Progress (3): 1.6/2.1 MB | 219 kB | 98/277 kB    
Progress (3): 1.6/2.1 MB | 219 kB | 114/277 kB
Progress (3): 1.6/2.1 MB | 219 kB | 122/277 kB
                                              
Downloaded from central: https://repo.maven.apache.org/maven2/org/springframework/boot/spring-boot-test-autoconfigure/3.3.4/spring-boot-test-autoconfigure-3.3.4.jar (219 kB at 89 kB/s)
Downloading from central: https://repo.maven.apache.org/maven2/net/minidev/json-smart/2.5.1/json-smart-2.5.1.jar
Progress (2): 1.6/2.1 MB | 139/277 kB
Progress (2): 1.6/2.1 MB | 139/277 kB
Progress (2): 1.6/2.1 MB | 155/277 kB
Progress (2): 1.6/2.1 MB | 172/277 kB
Progress (2): 1.7/2.1 MB | 172/277 kB
Progress (2): 1.7/2.1 MB | 188/277 kB
Progress (2): 1.7/2.1 MB | 188/277 kB
Progress (2): 1.7/2.1 MB | 204/277 kB
Progress (2): 1.7/2.1 MB | 221/277 kB
Progress (2): 1.7/2.1 MB | 221/277 kB
Progress (2): 1.7/2.1 MB | 221/277 kB
Progress (2): 1.7/2.1 MB | 237/277 kB
Progress (2): 1.7/2.1 MB | 237/277 kB
Progress (2): 1.7/2.1 MB | 253/277 kB
Progress (2): 1.7/2.1 MB | 253/277 kB
Progress (2): 1.7/2.1 MB | 270/277 kB
Progress (2): 1.8/2.1 MB | 270/277 kB
Progress (2): 1.8/2.1 MB | 277 kB    
Progress (2): 1.8/2.1 MB | 277 kB
                                 
Downloaded from central: https://repo.maven.apache.org/maven2/com/jayway/jsonpath/json-path/2.9.0/json-path-2.9.0.jar (277 kB at 112 kB/s)
Downloading from central: https://repo.maven.apache.org/maven2/net/minidev/accessors-smart/2.5.1/accessors-smart-2.5.1.jar
Progress (1): 1.8/2.1 MB
Progress (1): 1.8/2.1 MB
Progress (1): 1.8/2.1 MB
Progress (1): 1.8/2.1 MB
Progress (2): 1.8/2.1 MB | 7.7/131 kB
Progress (2): 1.8/2.1 MB | 16/131 kB 
Progress (2): 1.9/2.1 MB | 16/131 kB
Progress (2): 1.9/2.1 MB | 16/131 kB
Progress (2): 1.9/2.1 MB | 16/131 kB
Progress (2): 1.9/2.1 MB | 32/131 kB
Progress (2): 1.9/2.1 MB | 49/131 kB
Progress (2): 1.9/2.1 MB | 65/131 kB
Progress (2): 1.9/2.1 MB | 65/131 kB
Progress (2): 1.9/2.1 MB | 65/131 kB
Progress (2): 1.9/2.1 MB | 81/131 kB
Progress (3): 1.9/2.1 MB | 81/131 kB | 7.7/67 kB
Progress (3): 1.9/2.1 MB | 81/131 kB | 12/67 kB 
Progress (3): 1.9/2.1 MB | 98/131 kB | 12/67 kB
Progress (3): 1.9/2.1 MB | 98/131 kB | 12/67 kB
Progress (3): 1.9/2.1 MB | 114/131 kB | 12/67 kB
Progress (3): 1.9/2.1 MB | 131/131 kB | 12/67 kB
Progress (3): 1.9/2.1 MB | 131/131 kB | 29/67 kB
Progress (3): 1.9/2.1 MB | 131 kB | 29/67 kB    
Progress (3): 2.0/2.1 MB | 131 kB | 29/67 kB
Progress (3): 2.0/2.1 MB | 131 kB | 29/67 kB
                                            
Downloaded from central: https://repo.maven.apache.org/maven2/jakarta/xml/bind/jakarta.xml.bind-api/4.0.2/jakarta.xml.bind-api-4.0.2.jar (131 kB at 53 kB/s)
Downloading from central: https://repo.maven.apache.org/maven2/org/ow2/asm/asm/9.6/asm-9.6.jar
Progress (2): 2.0/2.1 MB | 29/67 kB
Progress (2): 2.0/2.1 MB | 45/67 kB
Progress (2): 2.0/2.1 MB | 45/67 kB
Progress (2): 2.0/2.1 MB | 61/67 kB
Progress (2): 2.0/2.1 MB | 67 kB   
Progress (2): 2.0/2.1 MB | 67 kB
Progress (2): 2.0/2.1 MB | 67 kB
                                
Downloaded from central: https://repo.maven.apache.org/maven2/jakarta/activation/jakarta.activation-api/2.1.3/jakarta.activation-api-2.1.3.jar (67 kB at 27 kB/s)
Downloading from central: https://repo.maven.apache.org/maven2/org/assertj/assertj-core/3.25.3/assertj-core-3.25.3.jar
Progress (1): 2.1 MB
                    
Downloaded from central: https://repo.maven.apache.org/maven2/org/projectlombok/lombok/1.18.34/lombok-1.18.34.jar (2.1 MB at 826 kB/s)
Downloading from central: https://repo.maven.apache.org/maven2/net/bytebuddy/byte-buddy/1.14.19/byte-buddy-1.14.19.jar
Progress (1): 7.7/122 kB
Progress (1): 16/122 kB 
Progress (1): 24/122 kB
Progress (2): 24/122 kB | 7.7/30 kB
Progress (2): 24/122 kB | 16/30 kB 
Progress (2): 40/122 kB | 16/30 kB
Progress (2): 57/122 kB | 16/30 kB
Progress (2): 57/122 kB | 30 kB   
Progress (2): 73/122 kB | 30 kB
                               
Downloaded from central: https://repo.maven.apache.org/maven2/net/minidev/accessors-smart/2.5.1/accessors-smart-2.5.1.jar (30 kB at 12 kB/s)
Downloading from central: https://repo.maven.apache.org/maven2/org/awaitility/awaitility/4.2.2/awaitility-4.2.2.jar
Progress (1): 90/122 kB
Progress (1): 106/122 kB
Progress (1): 122 kB    
                    
Downloaded from central: https://repo.maven.apache.org/maven2/net/minidev/json-smart/2.5.1/json-smart-2.5.1.jar (122 kB at 48 kB/s)
Downloading from central: https://repo.maven.apache.org/maven2/org/hamcrest/hamcrest/2.2/hamcrest-2.2.jar
Progress (1): 0/4.2 MB
Progress (2): 0/4.2 MB | 0/1.4 MB
Progress (2): 0/4.2 MB | 0/1.4 MB
Progress (2): 0/4.2 MB | 0/1.4 MB
Progress (2): 0/4.2 MB | 0/1.4 MB
Progress (2): 0/4.2 MB | 0/1.4 MB
Progress (2): 0/4.2 MB | 0/1.4 MB
Progress (2): 0/4.2 MB | 0.1/1.4 MB
Progress (2): 0/4.2 MB | 0.1/1.4 MB
Progress (2): 0/4.2 MB | 0.1/1.4 MB
Progress (2): 0/4.2 MB | 0.1/1.4 MB
Progress (2): 0.1/4.2 MB | 0.1/1.4 MB
Progress (2): 0.1/4.2 MB | 0.1/1.4 MB
Progress (2): 0.1/4.2 MB | 0.1/1.4 MB
Progress (2): 0.1/4.2 MB | 0.1/1.4 MB
Progress (2): 0.1/4.2 MB | 0.1/1.4 MB
Progress (2): 0.1/4.2 MB | 0.1/1.4 MB
Progress (3): 0.1/4.2 MB | 0.1/1.4 MB | 7.7/124 kB
Progress (3): 0.1/4.2 MB | 0.1/1.4 MB | 16/124 kB 
Progress (3): 0.1/4.2 MB | 0.1/1.4 MB | 16/124 kB
Progress (3): 0.1/4.2 MB | 0.1/1.4 MB | 16/124 kB
Progress (3): 0.1/4.2 MB | 0.1/1.4 MB | 16/124 kB
Progress (3): 0.1/4.2 MB | 0.1/1.4 MB | 16/124 kB
Progress (3): 0.1/4.2 MB | 0.2/1.4 MB | 16/124 kB
Progress (3): 0.1/4.2 MB | 0.2/1.4 MB | 32/124 kB
Progress (3): 0.2/4.2 MB | 0.2/1.4 MB | 32/124 kB
Progress (3): 0.2/4.2 MB | 0.2/1.4 MB | 49/124 kB
Progress (3): 0.2/4.2 MB | 0.2/1.4 MB | 49/124 kB
Progress (3): 0.2/4.2 MB | 0.2/1.4 MB | 49/124 kB
Progress (3): 0.2/4.2 MB | 0.2/1.4 MB | 65/124 kB
Progress (3): 0.2/4.2 MB | 0.2/1.4 MB | 65/124 kB
Progress (3): 0.2/4.2 MB | 0.2/1.4 MB | 65/124 kB
Progress (3): 0.2/4.2 MB | 0.2/1.4 MB | 81/124 kB
Progress (3): 0.2/4.2 MB | 0.2/1.4 MB | 81/124 kB
Progress (3): 0.2/4.2 MB | 0.2/1.4 MB | 98/124 kB
Progress (3): 0.2/4.2 MB | 0.2/1.4 MB | 98/124 kB
Progress (3): 0.2/4.2 MB | 0.2/1.4 MB | 98/124 kB
Progress (3): 0.2/4.2 MB | 0.2/1.4 MB | 114/124 kB
Progress (3): 0.2/4.2 MB | 0.2/1.4 MB | 124 kB    
Progress (3): 0.2/4.2 MB | 0.2/1.4 MB | 124 kB
Progress (3): 0.2/4.2 MB | 0.2/1.4 MB | 124 kB
                                              
Downloaded from central: https://repo.maven.apache.org/maven2/org/ow2/asm/asm/9.6/asm-9.6.jar (124 kB at 48 kB/s)
Progress (2): 0.2/4.2 MB | 0.2/1.4 MB
                                     
Downloading from central: https://repo.maven.apache.org/maven2/org/junit/jupiter/junit-jupiter/5.10.3/junit-jupiter-5.10.3.jar
Progress (2): 0.3/4.2 MB | 0.2/1.4 MB
Progress (2): 0.3/4.2 MB | 0.3/1.4 MB
Progress (2): 0.3/4.2 MB | 0.3/1.4 MB
Progress (2): 0.3/4.2 MB | 0.3/1.4 MB
Progress (2): 0.3/4.2 MB | 0.3/1.4 MB
Progress (2): 0.3/4.2 MB | 0.3/1.4 MB
Progress (2): 0.3/4.2 MB | 0.3/1.4 MB
Progress (2): 0.3/4.2 MB | 0.3/1.4 MB
Progress (2): 0.3/4.2 MB | 0.3/1.4 MB
Progress (2): 0.3/4.2 MB | 0.3/1.4 MB
Progress (2): 0.3/4.2 MB | 0.4/1.4 MB
Progress (2): 0.3/4.2 MB | 0.4/1.4 MB
Progress (2): 0.3/4.2 MB | 0.4/1.4 MB
Progress (2): 0.3/4.2 MB | 0.4/1.4 MB
Progress (2): 0.3/4.2 MB | 0.4/1.4 MB
Progress (2): 0.3/4.2 MB | 0.4/1.4 MB
Progress (2): 0.3/4.2 MB | 0.4/1.4 MB
Progress (2): 0.3/4.2 MB | 0.4/1.4 MB
Progress (2): 0.4/4.2 MB | 0.4/1.4 MB
Progress (2): 0.4/4.2 MB | 0.4/1.4 MB
Progress (2): 0.4/4.2 MB | 0.4/1.4 MB
Progress (2): 0.4/4.2 MB | 0.4/1.4 MB
Progress (2): 0.4/4.2 MB | 0.5/1.4 MB
Progress (2): 0.4/4.2 MB | 0.5/1.4 MB
Progress (2): 0.4/4.2 MB | 0.5/1.4 MB
Progress (2): 0.4/4.2 MB | 0.5/1.4 MB
Progress (2): 0.4/4.2 MB | 0.5/1.4 MB
Progress (2): 0.4/4.2 MB | 0.5/1.4 MB
Progress (2): 0.4/4.2 MB | 0.5/1.4 MB
Progress (2): 0.4/4.2 MB | 0.6/1.4 MB
Progress (2): 0.4/4.2 MB | 0.6/1.4 MB
Progress (2): 0.4/4.2 MB | 0.6/1.4 MB
Progress (2): 0.4/4.2 MB | 0.6/1.4 MB
Progress (2): 0.4/4.2 MB | 0.6/1.4 MB
Progress (2): 0.4/4.2 MB | 0.6/1.4 MB
Progress (2): 0.4/4.2 MB | 0.6/1.4 MB
Progress (2): 0.4/4.2 MB | 0.7/1.4 MB
Progress (2): 0.4/4.2 MB | 0.7/1.4 MB
Progress (2): 0.4/4.2 MB | 0.7/1.4 MB
Progress (2): 0.4/4.2 MB | 0.7/1.4 MB
Progress (2): 0.4/4.2 MB | 0.7/1.4 MB
Progress (2): 0.4/4.2 MB | 0.7/1.4 MB
Progress (2): 0.4/4.2 MB | 0.7/1.4 MB
Progress (2): 0.4/4.2 MB | 0.7/1.4 MB
Progress (2): 0.4/4.2 MB | 0.7/1.4 MB
Progress (2): 0.4/4.2 MB | 0.8/1.4 MB
Progress (2): 0.5/4.2 MB | 0.8/1.4 MB
Progress (2): 0.5/4.2 MB | 0.8/1.4 MB
Progress (2): 0.5/4.2 MB | 0.8/1.4 MB
Progress (2): 0.5/4.2 MB | 0.8/1.4 MB
Progress (2): 0.5/4.2 MB | 0.8/1.4 MB
Progress (2): 0.5/4.2 MB | 0.8/1.4 MB
Progress (2): 0.5/4.2 MB | 0.8/1.4 MB
Progress (2): 0.5/4.2 MB | 0.8/1.4 MB
Progress (2): 0.5/4.2 MB | 0.9/1.4 MB
Progress (2): 0.5/4.2 MB | 0.9/1.4 MB
Progress (2): 0.5/4.2 MB | 0.9/1.4 MB
Progress (2): 0.5/4.2 MB | 0.9/1.4 MB
Progress (2): 0.5/4.2 MB | 0.9/1.4 MB
Progress (2): 0.5/4.2 MB | 0.9/1.4 MB
Progress (2): 0.5/4.2 MB | 0.9/1.4 MB
Progress (2): 0.5/4.2 MB | 0.9/1.4 MB
Progress (2): 0.5/4.2 MB | 0.9/1.4 MB
Progress (2): 0.5/4.2 MB | 0.9/1.4 MB
Progress (2): 0.5/4.2 MB | 1.0/1.4 MB
Progress (2): 0.5/4.2 MB | 1.0/1.4 MB
Progress (2): 0.6/4.2 MB | 1.0/1.4 MB
Progress (2): 0.6/4.2 MB | 1.0/1.4 MB
Progress (2): 0.6/4.2 MB | 1.0/1.4 MB
Progress (2): 0.6/4.2 MB | 1.0/1.4 MB
Progress (2): 0.6/4.2 MB | 1.0/1.4 MB
Progress (2): 0.6/4.2 MB | 1.0/1.4 MB
Progress (2): 0.6/4.2 MB | 1.0/1.4 MB
Progress (2): 0.6/4.2 MB | 1.0/1.4 MB
Progress (2): 0.6/4.2 MB | 1.0/1.4 MB
Progress (2): 0.6/4.2 MB | 1.0/1.4 MB
Progress (2): 0.6/4.2 MB | 1.0/1.4 MB
Progress (2): 0.7/4.2 MB | 1.0/1.4 MB
Progress (2): 0.7/4.2 MB | 1.1/1.4 MB
Progress (2): 0.7/4.2 MB | 1.1/1.4 MB
Progress (2): 0.7/4.2 MB | 1.1/1.4 MB
Progress (2): 0.7/4.2 MB | 1.1/1.4 MB
Progress (2): 0.7/4.2 MB | 1.1/1.4 MB
Progress (2): 0.7/4.2 MB | 1.1/1.4 MB
Progress (2): 0.7/4.2 MB | 1.1/1.4 MB
Progress (2): 0.7/4.2 MB | 1.2/1.4 MB
Progress (2): 0.7/4.2 MB | 1.2/1.4 MB
Progress (2): 0.7/4.2 MB | 1.2/1.4 MB
Progress (2): 0.7/4.2 MB | 1.2/1.4 MB
Progress (2): 0.7/4.2 MB | 1.2/1.4 MB
Progress (2): 0.7/4.2 MB | 1.2/1.4 MB
Progress (2): 0.7/4.2 MB | 1.2/1.4 MB
Progress (2): 0.7/4.2 MB | 1.2/1.4 MB
Progress (2): 0.7/4.2 MB | 1.2/1.4 MB
Progress (2): 0.7/4.2 MB | 1.2/1.4 MB
Progress (2): 0.7/4.2 MB | 1.3/1.4 MB
Progress (2): 0.7/4.2 MB | 1.3/1.4 MB
Progress (2): 0.7/4.2 MB | 1.3/1.4 MB
Progress (2): 0.7/4.2 MB | 1.3/1.4 MB
Progress (2): 0.8/4.2 MB | 1.3/1.4 MB
Progress (2): 0.8/4.2 MB | 1.3/1.4 MB
Progress (2): 0.8/4.2 MB | 1.3/1.4 MB
Progress (2): 0.8/4.2 MB | 1.3/1.4 MB
Progress (2): 0.8/4.2 MB | 1.3/1.4 MB
Progress (2): 0.8/4.2 MB | 1.3/1.4 MB
Progress (2): 0.8/4.2 MB | 1.3/1.4 MB
Progress (2): 0.8/4.2 MB | 1.3/1.4 MB
Progress (2): 0.8/4.2 MB | 1.3/1.4 MB
Progress (2): 0.9/4.2 MB | 1.3/1.4 MB
Progress (2): 0.9/4.2 MB | 1.4/1.4 MB
Progress (2): 0.9/4.2 MB | 1.4 MB    
Progress (2): 0.9/4.2 MB | 1.4 MB
Progress (2): 0.9/4.2 MB | 1.4 MB
                                 
Downloaded from central: https://repo.maven.apache.org/maven2/org/assertj/assertj-core/3.25.3/assertj-core-3.25.3.jar (1.4 MB at 514 kB/s)
Downloading from central: https://repo.maven.apache.org/maven2/org/junit/jupiter/junit-jupiter-api/5.10.3/junit-jupiter-api-5.10.3.jar
Progress (1): 0.9/4.2 MB
Progress (1): 0.9/4.2 MB
Progress (1): 0.9/4.2 MB
Progress (1): 1.0/4.2 MB
Progress (1): 1.0/4.2 MB
Progress (1): 1.0/4.2 MB
Progress (1): 1.0/4.2 MB
Progress (1): 1.0/4.2 MB
Progress (2): 1.0/4.2 MB | 4.1/123 kB
Progress (2): 1.0/4.2 MB | 4.1/123 kB
Progress (2): 1.0/4.2 MB | 20/123 kB 
Progress (3): 1.0/4.2 MB | 20/123 kB | 7.7/97 kB
Progress (3): 1.1/4.2 MB | 20/123 kB | 7.7/97 kB
Progress (3): 1.1/4.2 MB | 20/123 kB | 16/97 kB 
Progress (3): 1.1/4.2 MB | 20/123 kB | 24/97 kB
Progress (3): 1.1/4.2 MB | 20/123 kB | 40/97 kB
Progress (3): 1.1/4.2 MB | 20/123 kB | 40/97 kB
Progress (3): 1.1/4.2 MB | 20/123 kB | 40/97 kB
Progress (3): 1.1/4.2 MB | 20/123 kB | 57/97 kB
Progress (3): 1.1/4.2 MB | 37/123 kB | 57/97 kB
Progress (3): 1.1/4.2 MB | 37/123 kB | 57/97 kB
Progress (3): 1.1/4.2 MB | 53/123 kB | 57/97 kB
Progress (3): 1.1/4.2 MB | 53/123 kB | 57/97 kB
Progress (3): 1.1/4.2 MB | 53/123 kB | 57/97 kB
Progress (3): 1.1/4.2 MB | 53/123 kB | 73/97 kB
Progress (3): 1.1/4.2 MB | 70/123 kB | 73/97 kB
Progress (3): 1.2/4.2 MB | 70/123 kB | 73/97 kB
Progress (3): 1.2/4.2 MB | 70/123 kB | 90/97 kB
Progress (3): 1.2/4.2 MB | 70/123 kB | 97 kB   
Progress (3): 1.2/4.2 MB | 86/123 kB | 97 kB
                                            
Downloaded from central: https://repo.maven.apache.org/maven2/org/awaitility/awaitility/4.2.2/awaitility-4.2.2.jar (97 kB at 36 kB/s)
Downloading from central: https://repo.maven.apache.org/maven2/org/opentest4j/opentest4j/1.3.0/opentest4j-1.3.0.jar
Progress (2): 1.2/4.2 MB | 102/123 kB
Progress (2): 1.2/4.2 MB | 102/123 kB
Progress (2): 1.2/4.2 MB | 119/123 kB
Progress (2): 1.2/4.2 MB | 123 kB    
Progress (2): 1.2/4.2 MB | 123 kB
                                 
Downloaded from central: https://repo.maven.apache.org/maven2/org/hamcrest/hamcrest/2.2/hamcrest-2.2.jar (123 kB at 46 kB/s)
Downloading from central: https://repo.maven.apache.org/maven2/org/junit/platform/junit-platform-commons/1.10.3/junit-platform-commons-1.10.3.jar
Progress (1): 1.2/4.2 MB
Progress (1): 1.2/4.2 MB
Progress (1): 1.2/4.2 MB
Progress (2): 1.2/4.2 MB | 6.4 kB
                                 
Downloaded from central: https://repo.maven.apache.org/maven2/org/junit/jupiter/junit-jupiter/5.10.3/junit-jupiter-5.10.3.jar (6.4 kB at 2.4 kB/s)
Downloading from central: https://repo.maven.apache.org/maven2/org/apiguardian/apiguardian-api/1.1.2/apiguardian-api-1.1.2.jar
Progress (1): 1.3/4.2 MB
Progress (1): 1.3/4.2 MB
Progress (1): 1.3/4.2 MB
Progress (1): 1.3/4.2 MB
Progress (1): 1.3/4.2 MB
Progress (1): 1.3/4.2 MB
Progress (1): 1.4/4.2 MB
Progress (1): 1.4/4.2 MB
Progress (1): 1.4/4.2 MB
Progress (1): 1.4/4.2 MB
Progress (1): 1.4/4.2 MB
Progress (1): 1.4/4.2 MB
Progress (1): 1.4/4.2 MB
Progress (1): 1.5/4.2 MB
Progress (1): 1.5/4.2 MB
Progress (1): 1.5/4.2 MB
Progress (1): 1.5/4.2 MB
Progress (1): 1.5/4.2 MB
Progress (1): 1.5/4.2 MB
Progress (1): 1.6/4.2 MB
Progress (1): 1.6/4.2 MB
Progress (1): 1.6/4.2 MB
Progress (1): 1.6/4.2 MB
Progress (1): 1.6/4.2 MB
Progress (1): 1.6/4.2 MB
Progress (1): 1.7/4.2 MB
Progress (1): 1.7/4.2 MB
Progress (1): 1.7/4.2 MB
Progress (1): 1.7/4.2 MB
Progress (1): 1.7/4.2 MB
Progress (1): 1.7/4.2 MB
Progress (1): 1.8/4.2 MB
Progress (1): 1.8/4.2 MB
Progress (1): 1.8/4.2 MB
Progress (1): 1.8/4.2 MB
Progress (1): 1.8/4.2 MB
Progress (1): 1.8/4.2 MB
Progress (1): 1.9/4.2 MB
Progress (1): 1.9/4.2 MB
Progress (1): 1.9/4.2 MB
Progress (1): 1.9/4.2 MB
Progress (1): 1.9/4.2 MB
Progress (1): 1.9/4.2 MB
Progress (1): 2.0/4.2 MB
Progress (1): 2.0/4.2 MB
Progress (1): 2.0/4.2 MB
Progress (1): 2.0/4.2 MB
Progress (1): 2.0/4.2 MB
Progress (1): 2.0/4.2 MB
Progress (1): 2.1/4.2 MB
Progress (1): 2.1/4.2 MB
Progress (1): 2.1/4.2 MB
Progress (1): 2.1/4.2 MB
Progress (1): 2.1/4.2 MB
Progress (2): 2.1/4.2 MB | 7.7/14 kB
Progress (3): 2.1/4.2 MB | 7.7/14 kB | 7.7/211 kB
Progress (3): 2.1/4.2 MB | 12/14 kB | 7.7/211 kB 
Progress (3): 2.1/4.2 MB | 12/14 kB | 12/211 kB 
Progress (3): 2.1/4.2 MB | 14 kB | 12/211 kB   
Progress (3): 2.1/4.2 MB | 14 kB | 28/211 kB
Progress (3): 2.1/4.2 MB | 14 kB | 28/211 kB
Progress (3): 2.1/4.2 MB | 14 kB | 44/211 kB
                                            
Downloaded from central: https://repo.maven.apache.org/maven2/org/opentest4j/opentest4j/1.3.0/opentest4j-1.3.0.jar (14 kB at 5.1 kB/s)
Downloading from central: https://repo.maven.apache.org/maven2/org/junit/jupiter/junit-jupiter-params/5.10.3/junit-jupiter-params-5.10.3.jar
Progress (2): 2.2/4.2 MB | 44/211 kB
Progress (2): 2.2/4.2 MB | 44/211 kB
Progress (2): 2.2/4.2 MB | 61/211 kB
Progress (2): 2.2/4.2 MB | 77/211 kB
Progress (2): 2.2/4.2 MB | 77/211 kB
Progress (2): 2.2/4.2 MB | 77/211 kB
Progress (3): 2.2/4.2 MB | 77/211 kB | 7.7/106 kB
Progress (3): 2.2/4.2 MB | 77/211 kB | 16/106 kB 
Progress (3): 2.2/4.2 MB | 77/211 kB | 16/106 kB
Progress (3): 2.2/4.2 MB | 93/211 kB | 16/106 kB
Progress (3): 2.2/4.2 MB | 93/211 kB | 32/106 kB
Progress (3): 2.2/4.2 MB | 93/211 kB | 48/106 kB
Progress (3): 2.2/4.2 MB | 93/211 kB | 48/106 kB
Progress (3): 2.2/4.2 MB | 110/211 kB | 48/106 kB
Progress (3): 2.2/4.2 MB | 110/211 kB | 65/106 kB
Progress (3): 2.2/4.2 MB | 110/211 kB | 65/106 kB
Progress (3): 2.2/4.2 MB | 126/211 kB | 65/106 kB
Progress (3): 2.2/4.2 MB | 126/211 kB | 81/106 kB
Progress (3): 2.2/4.2 MB | 143/211 kB | 81/106 kB
Progress (3): 2.3/4.2 MB | 143/211 kB | 81/106 kB
Progress (3): 2.3/4.2 MB | 159/211 kB | 81/106 kB
Progress (3): 2.3/4.2 MB | 159/211 kB | 81/106 kB
Progress (3): 2.3/4.2 MB | 159/211 kB | 98/106 kB
Progress (3): 2.3/4.2 MB | 159/211 kB | 106 kB   
Progress (3): 2.3/4.2 MB | 175/211 kB | 106 kB
Progress (4): 2.3/4.2 MB | 175/211 kB | 106 kB | 6.8 kB
                                                       
Downloaded from central: https://repo.maven.apache.org/maven2/org/junit/platform/junit-platform-commons/1.10.3/junit-platform-commons-1.10.3.jar (106 kB at 38 kB/s)
Downloading from central: https://repo.maven.apache.org/maven2/org/junit/jupiter/junit-jupiter-engine/5.10.3/junit-jupiter-engine-5.10.3.jar
Progress (3): 2.3/4.2 MB | 175/211 kB | 6.8 kB
Progress (3): 2.3/4.2 MB | 192/211 kB | 6.8 kB
Progress (3): 2.3/4.2 MB | 208/211 kB | 6.8 kB
Progress (3): 2.3/4.2 MB | 211 kB | 6.8 kB    
                                          
Downloaded from central: https://repo.maven.apache.org/maven2/org/apiguardian/apiguardian-api/1.1.2/apiguardian-api-1.1.2.jar (6.8 kB at 2.4 kB/s)
Downloading from central: https://repo.maven.apache.org/maven2/org/junit/platform/junit-platform-engine/1.10.3/junit-platform-engine-1.10.3.jar
Downloaded from central: https://repo.maven.apache.org/maven2/org/junit/jupiter/junit-jupiter-api/5.10.3/junit-jupiter-api-5.10.3.jar (211 kB at 75 kB/s)
Downloading from central: https://repo.maven.apache.org/maven2/org/mockito/mockito-core/5.11.0/mockito-core-5.11.0.jar
Progress (1): 2.3/4.2 MB
Progress (1): 2.3/4.2 MB
Progress (1): 2.3/4.2 MB
Progress (1): 2.4/4.2 MB
Progress (1): 2.4/4.2 MB
Progress (1): 2.4/4.2 MB
Progress (1): 2.4/4.2 MB
Progress (1): 2.4/4.2 MB
Progress (1): 2.4/4.2 MB
Progress (1): 2.5/4.2 MB
Progress (1): 2.5/4.2 MB
Progress (1): 2.5/4.2 MB
Progress (1): 2.5/4.2 MB
Progress (1): 2.5/4.2 MB
Progress (1): 2.5/4.2 MB
Progress (1): 2.6/4.2 MB
Progress (1): 2.6/4.2 MB
Progress (1): 2.6/4.2 MB
Progress (1): 2.6/4.2 MB
Progress (1): 2.6/4.2 MB
Progress (1): 2.6/4.2 MB
Progress (1): 2.7/4.2 MB
Progress (1): 2.7/4.2 MB
Progress (1): 2.7/4.2 MB
Progress (1): 2.7/4.2 MB
Progress (1): 2.7/4.2 MB
Progress (1): 2.7/4.2 MB
Progress (1): 2.8/4.2 MB
Progress (1): 2.8/4.2 MB
Progress (1): 2.8/4.2 MB
Progress (1): 2.8/4.2 MB
Progress (1): 2.8/4.2 MB
Progress (1): 2.8/4.2 MB
Progress (1): 2.9/4.2 MB
Progress (1): 2.9/4.2 MB
Progress (1): 2.9/4.2 MB
Progress (1): 2.9/4.2 MB
Progress (1): 2.9/4.2 MB
Progress (2): 2.9/4.2 MB | 16/586 kB
Progress (2): 2.9/4.2 MB | 25/586 kB
Progress (2): 2.9/4.2 MB | 25/586 kB
Progress (2): 3.0/4.2 MB | 25/586 kB
Progress (2): 3.0/4.2 MB | 25/586 kB
Progress (2): 3.0/4.2 MB | 25/586 kB
Progress (2): 3.0/4.2 MB | 41/586 kB
Progress (2): 3.0/4.2 MB | 41/586 kB
Progress (2): 3.0/4.2 MB | 57/586 kB
Progress (2): 3.0/4.2 MB | 57/586 kB
Progress (2): 3.0/4.2 MB | 66/586 kB
Progress (2): 3.0/4.2 MB | 66/586 kB
Progress (2): 3.1/4.2 MB | 66/586 kB
Progress (2): 3.1/4.2 MB | 66/586 kB
Progress (2): 3.1/4.2 MB | 82/586 kB
Progress (2): 3.1/4.2 MB | 98/586 kB
Progress (2): 3.1/4.2 MB | 98/586 kB
Progress (2): 3.1/4.2 MB | 111/586 kB
Progress (2): 3.1/4.2 MB | 111/586 kB
Progress (2): 3.1/4.2 MB | 111/586 kB
Progress (2): 3.1/4.2 MB | 127/586 kB
Progress (2): 3.1/4.2 MB | 131/586 kB
Progress (2): 3.1/4.2 MB | 131/586 kB
Progress (2): 3.1/4.2 MB | 147/586 kB
Progress (2): 3.2/4.2 MB | 147/586 kB
Progress (2): 3.2/4.2 MB | 164/586 kB
Progress (2): 3.2/4.2 MB | 164/586 kB
Progress (2): 3.2/4.2 MB | 180/586 kB
Progress (2): 3.2/4.2 MB | 197/586 kB
Progress (2): 3.2/4.2 MB | 197/586 kB
Progress (2): 3.2/4.2 MB | 197/586 kB
Progress (2): 3.2/4.2 MB | 213/586 kB
Progress (2): 3.2/4.2 MB | 213/586 kB
Progress (2): 3.2/4.2 MB | 213/586 kB
Progress (2): 3.2/4.2 MB | 229/586 kB
Progress (2): 3.2/4.2 MB | 229/586 kB
Progress (2): 3.3/4.2 MB | 229/586 kB
Progress (2): 3.3/4.2 MB | 246/586 kB
Progress (2): 3.3/4.2 MB | 262/586 kB
Progress (2): 3.3/4.2 MB | 262/586 kB
Progress (2): 3.3/4.2 MB | 279/586 kB
Progress (2): 3.3/4.2 MB | 279/586 kB
Progress (2): 3.3/4.2 MB | 279/586 kB
Progress (2): 3.3/4.2 MB | 295/586 kB
Progress (2): 3.3/4.2 MB | 295/586 kB
Progress (2): 3.3/4.2 MB | 311/586 kB
Progress (2): 3.3/4.2 MB | 311/586 kB
Progress (2): 3.4/4.2 MB | 311/586 kB
Progress (2): 3.4/4.2 MB | 328/586 kB
Progress (2): 3.4/4.2 MB | 337/586 kB
Progress (2): 3.4/4.2 MB | 337/586 kB
Progress (2): 3.4/4.2 MB | 344/586 kB
Progress (2): 3.4/4.2 MB | 344/586 kB
Progress (2): 3.4/4.2 MB | 344/586 kB
Progress (2): 3.4/4.2 MB | 344/586 kB
Progress (2): 3.4/4.2 MB | 360/586 kB
Progress (2): 3.4/4.2 MB | 377/586 kB
Progress (2): 3.4/4.2 MB | 377/586 kB
Progress (2): 3.4/4.2 MB | 393/586 kB
Progress (2): 3.5/4.2 MB | 393/586 kB
Progress (2): 3.5/4.2 MB | 410/586 kB
Progress (2): 3.5/4.2 MB | 410/586 kB
Progress (2): 3.5/4.2 MB | 426/586 kB
Progress (3): 3.5/4.2 MB | 426/586 kB | 7.7/245 kB
Progress (3): 3.5/4.2 MB | 426/586 kB | 16/245 kB 
Progress (3): 3.5/4.2 MB | 442/586 kB | 16/245 kB
Progress (3): 3.5/4.2 MB | 442/586 kB | 25/245 kB
Progress (3): 3.5/4.2 MB | 442/586 kB | 25/245 kB
Progress (3): 3.5/4.2 MB | 442/586 kB | 25/245 kB
Progress (3): 3.5/4.2 MB | 459/586 kB | 25/245 kB
Progress (3): 3.5/4.2 MB | 468/586 kB | 25/245 kB
Progress (3): 3.5/4.2 MB | 468/586 kB | 25/245 kB
Progress (3): 3.5/4.2 MB | 468/586 kB | 25/245 kB
Progress (3): 3.5/4.2 MB | 484/586 kB | 25/245 kB
Progress (3): 3.5/4.2 MB | 484/586 kB | 41/245 kB
Progress (3): 3.6/4.2 MB | 484/586 kB | 41/245 kB
Progress (3): 3.6/4.2 MB | 484/586 kB | 57/245 kB
Progress (3): 3.6/4.2 MB | 484/586 kB | 74/245 kB
Progress (3): 3.6/4.2 MB | 484/586 kB | 74/245 kB
Progress (3): 3.6/4.2 MB | 484/586 kB | 74/245 kB
Progress (3): 3.6/4.2 MB | 500/586 kB | 74/245 kB
Progress (3): 3.6/4.2 MB | 500/586 kB | 90/245 kB
Progress (3): 3.6/4.2 MB | 500/586 kB | 106/245 kB
Progress (3): 3.6/4.2 MB | 517/586 kB | 106/245 kB
Progress (3): 3.6/4.2 MB | 517/586 kB | 106/245 kB
Progress (3): 3.6/4.2 MB | 533/586 kB | 106/245 kB
Progress (3): 3.6/4.2 MB | 533/586 kB | 123/245 kB
Progress (3): 3.6/4.2 MB | 533/586 kB | 123/245 kB
Progress (3): 3.6/4.2 MB | 550/586 kB | 123/245 kB
Progress (3): 3.6/4.2 MB | 550/586 kB | 139/245 kB
Progress (3): 3.6/4.2 MB | 550/586 kB | 139/245 kB
Progress (3): 3.6/4.2 MB | 566/586 kB | 139/245 kB
Progress (3): 3.6/4.2 MB | 566/586 kB | 156/245 kB
Progress (3): 3.7/4.2 MB | 566/586 kB | 156/245 kB
Progress (3): 3.7/4.2 MB | 582/586 kB | 156/245 kB
Progress (3): 3.7/4.2 MB | 586 kB | 156/245 kB    
Progress (3): 3.7/4.2 MB | 586 kB | 172/245 kB
                                              
Downloaded from central: https://repo.maven.apache.org/maven2/org/junit/jupiter/junit-jupiter-params/5.10.3/junit-jupiter-params-5.10.3.jar (586 kB at 202 kB/s)
Downloading from central: https://repo.maven.apache.org/maven2/net/bytebuddy/byte-buddy-agent/1.14.19/byte-buddy-agent-1.14.19.jar
Progress (2): 3.7/4.2 MB | 188/245 kB
Progress (2): 3.7/4.2 MB | 188/245 kB
Progress (2): 3.7/4.2 MB | 188/245 kB
Progress (2): 3.7/4.2 MB | 188/245 kB
Progress (2): 3.7/4.2 MB | 205/245 kB
Progress (2): 3.7/4.2 MB | 205/245 kB
Progress (2): 3.7/4.2 MB | 205/245 kB
Progress (2): 3.7/4.2 MB | 221/245 kB
Progress (2): 3.7/4.2 MB | 238/245 kB
Progress (2): 3.7/4.2 MB | 245 kB    
                                 
Downloaded from central: https://repo.maven.apache.org/maven2/org/junit/jupiter/junit-jupiter-engine/5.10.3/junit-jupiter-engine-5.10.3.jar (245 kB at 84 kB/s)
Downloading from central: https://repo.maven.apache.org/maven2/org/objenesis/objenesis/3.3/objenesis-3.3.jar
Progress (1): 3.8/4.2 MB
Progress (1): 3.8/4.2 MB
Progress (1): 3.8/4.2 MB
Progress (2): 3.8/4.2 MB | 7.7/704 kB
Progress (2): 3.8/4.2 MB | 16/704 kB 
Progress (2): 3.8/4.2 MB | 32/704 kB
Progress (2): 3.8/4.2 MB | 48/704 kB
Progress (2): 3.8/4.2 MB | 65/704 kB
Progress (2): 3.8/4.2 MB | 81/704 kB
Progress (2): 3.8/4.2 MB | 98/704 kB
Progress (2): 3.8/4.2 MB | 114/704 kB
Progress (2): 3.8/4.2 MB | 130/704 kB
Progress (2): 3.8/4.2 MB | 147/704 kB
Progress (2): 3.8/4.2 MB | 163/704 kB
Progress (3): 3.8/4.2 MB | 163/704 kB | 3.4/205 kB
Progress (3): 3.8/4.2 MB | 163/704 kB | 20/205 kB 
Progress (3): 3.8/4.2 MB | 179/704 kB | 20/205 kB
Progress (3): 3.8/4.2 MB | 179/704 kB | 36/205 kB
Progress (3): 3.8/4.2 MB | 179/704 kB | 53/205 kB
Progress (3): 3.8/4.2 MB | 179/704 kB | 69/205 kB
Progress (3): 3.8/4.2 MB | 179/704 kB | 85/205 kB
Progress (3): 3.8/4.2 MB | 179/704 kB | 97/205 kB
Progress (3): 3.8/4.2 MB | 196/704 kB | 97/205 kB
Progress (3): 3.8/4.2 MB | 196/704 kB | 97/205 kB
Progress (3): 3.8/4.2 MB | 212/704 kB | 97/205 kB
Progress (3): 3.8/4.2 MB | 212/704 kB | 114/205 kB
Progress (3): 3.8/4.2 MB | 212/704 kB | 126/205 kB
Progress (3): 3.8/4.2 MB | 212/704 kB | 126/205 kB
Progress (3): 3.8/4.2 MB | 212/704 kB | 126/205 kB
Progress (3): 3.9/4.2 MB | 212/704 kB | 126/205 kB
Progress (3): 3.9/4.2 MB | 212/704 kB | 126/205 kB
Progress (3): 3.9/4.2 MB | 212/704 kB | 126/205 kB
Progress (3): 3.9/4.2 MB | 212/704 kB | 126/205 kB
Progress (3): 3.9/4.2 MB | 212/704 kB | 126/205 kB
Progress (3): 3.9/4.2 MB | 212/704 kB | 126/205 kB
Progress (3): 4.0/4.2 MB | 212/704 kB | 126/205 kB
Progress (3): 4.0/4.2 MB | 212/704 kB | 126/205 kB
Progress (3): 4.0/4.2 MB | 212/704 kB | 126/205 kB
Progress (3): 4.0/4.2 MB | 212/704 kB | 126/205 kB
Progress (3): 4.0/4.2 MB | 212/704 kB | 126/205 kB
Progress (3): 4.0/4.2 MB | 212/704 kB | 126/205 kB
Progress (3): 4.0/4.2 MB | 212/704 kB | 126/205 kB
Progress (3): 4.1/4.2 MB | 212/704 kB | 126/205 kB
Progress (3): 4.1/4.2 MB | 212/704 kB | 126/205 kB
Progress (4): 4.1/4.2 MB | 212/704 kB | 126/205 kB | 7.7/263 kB
Progress (4): 4.1/4.2 MB | 212/704 kB | 126/205 kB | 16/263 kB 
Progress (4): 4.1/4.2 MB | 212/704 kB | 126/205 kB | 25/263 kB
Progress (4): 4.1/4.2 MB | 212/704 kB | 126/205 kB | 25/263 kB
Progress (4): 4.1/4.2 MB | 212/704 kB | 126/205 kB | 25/263 kB
Progress (4): 4.1/4.2 MB | 212/704 kB | 126/205 kB | 25/263 kB
Progress (4): 4.1/4.2 MB | 212/704 kB | 126/205 kB | 41/263 kB
Progress (4): 4.1/4.2 MB | 212/704 kB | 126/205 kB | 41/263 kB
Progress (4): 4.1/4.2 MB | 212/704 kB | 126/205 kB | 41/263 kB
Progress (4): 4.1/4.2 MB | 212/704 kB | 126/205 kB | 57/263 kB
Progress (4): 4.2/4.2 MB | 212/704 kB | 126/205 kB | 57/263 kB
Progress (4): 4.2/4.2 MB | 212/704 kB | 126/205 kB | 57/263 kB
Progress (4): 4.2/4.2 MB | 212/704 kB | 126/205 kB | 57/263 kB
Progress (4): 4.2/4.2 MB | 212/704 kB | 126/205 kB | 57/263 kB
Progress (4): 4.2 MB | 212/704 kB | 126/205 kB | 57/263 kB    
Progress (4): 4.2 MB | 212/704 kB | 126/205 kB | 74/263 kB
                                                          
Downloaded from central: https://repo.maven.apache.org/maven2/net/bytebuddy/byte-buddy/1.14.19/byte-buddy-1.14.19.jar (4.2 MB at 1.4 MB/s)
Progress (3): 212/704 kB | 126/205 kB | 90/263 kB
                                                 
Downloading from central: https://repo.maven.apache.org/maven2/org/mockito/mockito-junit-jupiter/5.11.0/mockito-junit-jupiter-5.11.0.jar
Progress (3): 212/704 kB | 143/205 kB | 90/263 kB
Progress (3): 212/704 kB | 143/205 kB | 106/263 kB
Progress (3): 229/704 kB | 143/205 kB | 106/263 kB
Progress (3): 229/704 kB | 143/205 kB | 123/263 kB
Progress (3): 229/704 kB | 159/205 kB | 123/263 kB
Progress (3): 229/704 kB | 159/205 kB | 139/263 kB
Progress (3): 229/704 kB | 175/205 kB | 139/263 kB
Progress (4): 229/704 kB | 175/205 kB | 139/263 kB | 7.7/49 kB
Progress (4): 229/704 kB | 175/205 kB | 139/263 kB | 16/49 kB 
Progress (4): 229/704 kB | 175/205 kB | 156/263 kB | 16/49 kB
Progress (4): 229/704 kB | 175/205 kB | 156/263 kB | 32/49 kB
Progress (4): 229/704 kB | 192/205 kB | 156/263 kB | 32/49 kB
Progress (4): 229/704 kB | 192/205 kB | 172/263 kB | 32/49 kB
Progress (4): 229/704 kB | 192/205 kB | 188/263 kB | 32/49 kB
Progress (4): 229/704 kB | 205 kB | 188/263 kB | 32/49 kB    
Progress (4): 229/704 kB | 205 kB | 205/263 kB | 32/49 kB
Progress (4): 245/704 kB | 205 kB | 205/263 kB | 32/49 kB
                                                         
Downloaded from central: https://repo.maven.apache.org/maven2/org/junit/platform/junit-platform-engine/1.10.3/junit-platform-engine-1.10.3.jar (205 kB at 67 kB/s)
Downloading from central: https://repo.maven.apache.org/maven2/org/skyscreamer/jsonassert/1.5.3/jsonassert-1.5.3.jar
Progress (3): 245/704 kB | 205/263 kB | 48/49 kB
Progress (3): 245/704 kB | 221/263 kB | 48/49 kB
Progress (3): 245/704 kB | 221/263 kB | 49 kB   
Progress (3): 261/704 kB | 221/263 kB | 49 kB
                                             
Downloaded from central: https://repo.maven.apache.org/maven2/org/objenesis/objenesis/3.3/objenesis-3.3.jar (49 kB at 16 kB/s)
Downloading from central: https://repo.maven.apache.org/maven2/com/vaadin/external/google/android-json/0.0.20131108.vaadin1/android-json-0.0.20131108.vaadin1.jar
Progress (2): 261/704 kB | 238/263 kB
Progress (2): 278/704 kB | 238/263 kB
Progress (2): 294/704 kB | 238/263 kB
Progress (2): 294/704 kB | 254/263 kB
Progress (2): 294/704 kB | 263 kB    
Progress (2): 311/704 kB | 263 kB
Progress (2): 327/704 kB | 263 kB
Progress (2): 343/704 kB | 263 kB
                                 
Downloaded from central: https://repo.maven.apache.org/maven2/net/bytebuddy/byte-buddy-agent/1.14.19/byte-buddy-agent-1.14.19.jar (263 kB at 86 kB/s)
Downloading from central: https://repo.maven.apache.org/maven2/org/springframework/spring-core/6.1.13/spring-core-6.1.13.jar
Progress (1): 360/704 kB
Progress (1): 376/704 kB
Progress (1): 392/704 kB
Progress (1): 409/704 kB
Progress (1): 425/704 kB
Progress (1): 442/704 kB
Progress (1): 458/704 kB
Progress (1): 474/704 kB
Progress (1): 491/704 kB
Progress (1): 507/704 kB
Progress (1): 524/704 kB
Progress (1): 540/704 kB
Progress (1): 556/704 kB
Progress (1): 573/704 kB
Progress (1): 589/704 kB
Progress (1): 605/704 kB
Progress (1): 622/704 kB
Progress (1): 638/704 kB
Progress (1): 655/704 kB
Progress (1): 671/704 kB
Progress (1): 687/704 kB
Progress (1): 704/704 kB
Progress (1): 704 kB    
                    
Downloaded from central: https://repo.maven.apache.org/maven2/org/mockito/mockito-core/5.11.0/mockito-core-5.11.0.jar (704 kB at 230 kB/s)
Downloading from central: https://repo.maven.apache.org/maven2/org/springframework/spring-jcl/6.1.13/spring-jcl-6.1.13.jar
Progress (1): 0/1.9 MB
Progress (1): 0/1.9 MB
Progress (1): 0/1.9 MB
Progress (1): 0/1.9 MB
Progress (1): 0.1/1.9 MB
Progress (1): 0.1/1.9 MB
Progress (2): 0.1/1.9 MB | 7.7/8.9 kB
Progress (2): 0.1/1.9 MB | 8.9 kB    
Progress (2): 0.1/1.9 MB | 8.9 kB
Progress (2): 0.1/1.9 MB | 8.9 kB
                                 
Downloaded from central: https://repo.maven.apache.org/maven2/org/mockito/mockito-junit-jupiter/5.11.0/mockito-junit-jupiter-5.11.0.jar (8.9 kB at 2.8 kB/s)
Downloading from central: https://repo.maven.apache.org/maven2/org/springframework/spring-test/6.1.13/spring-test-6.1.13.jar
Progress (1): 0.1/1.9 MB
Progress (1): 0.1/1.9 MB
Progress (1): 0.2/1.9 MB
Progress (1): 0.2/1.9 MB
Progress (1): 0.2/1.9 MB
Progress (2): 0.2/1.9 MB | 7.7/31 kB
Progress (2): 0.2/1.9 MB | 16/31 kB 
Progress (2): 0.2/1.9 MB | 31 kB   
Progress (2): 0.2/1.9 MB | 31 kB
                                
Downloaded from central: https://repo.maven.apache.org/maven2/org/skyscreamer/jsonassert/1.5.3/jsonassert-1.5.3.jar (31 kB at 9.9 kB/s)
Progress (1): 0.2/1.9 MB
                        
Downloading from central: https://repo.maven.apache.org/maven2/org/xmlunit/xmlunit-core/2.9.1/xmlunit-core-2.9.1.jar
Progress (1): 0.2/1.9 MB
Progress (1): 0.3/1.9 MB
Progress (1): 0.3/1.9 MB
Progress (1): 0.3/1.9 MB
Progress (2): 0.3/1.9 MB | 7.5/18 kB
Progress (2): 0.3/1.9 MB | 7.5/18 kB
Progress (2): 0.3/1.9 MB | 18 kB    
                                
Downloaded from central: https://repo.maven.apache.org/maven2/com/vaadin/external/google/android-json/0.0.20131108.vaadin1/android-json-0.0.20131108.vaadin1.jar (18 kB at 5.8 kB/s)
Progress (1): 0.3/1.9 MB
                        
Downloading from central: https://repo.maven.apache.org/maven2/io/projectreactor/reactor-test/3.6.10/reactor-test-3.6.10.jar
Progress (1): 0.3/1.9 MB
Progress (1): 0.4/1.9 MB
Progress (1): 0.4/1.9 MB
Progress (1): 0.4/1.9 MB
Progress (1): 0.4/1.9 MB
Progress (1): 0.4/1.9 MB
Progress (1): 0.4/1.9 MB
Progress (1): 0.5/1.9 MB
Progress (1): 0.5/1.9 MB
Progress (1): 0.5/1.9 MB
Progress (1): 0.5/1.9 MB
Progress (1): 0.5/1.9 MB
Progress (1): 0.5/1.9 MB
Progress (1): 0.5/1.9 MB
Progress (1): 0.6/1.9 MB
Progress (2): 0.6/1.9 MB | 7.7/25 kB
Progress (2): 0.6/1.9 MB | 16/25 kB 
Progress (2): 0.6/1.9 MB | 25 kB   
                                
Downloaded from central: https://repo.maven.apache.org/maven2/org/springframework/spring-jcl/6.1.13/spring-jcl-6.1.13.jar (25 kB at 7.7 kB/s)
Downloading from central: https://repo.maven.apache.org/maven2/org/springframework/security/spring-security-test/6.3.3/spring-security-test-6.3.3.jar
Progress (1): 0.6/1.9 MB
Progress (1): 0.6/1.9 MB
Progress (1): 0.6/1.9 MB
Progress (1): 0.6/1.9 MB
Progress (1): 0.6/1.9 MB
Progress (1): 0.7/1.9 MB
Progress (1): 0.7/1.9 MB
Progress (1): 0.7/1.9 MB
Progress (1): 0.7/1.9 MB
Progress (1): 0.7/1.9 MB
Progress (1): 0.7/1.9 MB
Progress (1): 0.8/1.9 MB
Progress (1): 0.8/1.9 MB
Progress (1): 0.8/1.9 MB
Progress (1): 0.8/1.9 MB
Progress (1): 0.8/1.9 MB
Progress (1): 0.8/1.9 MB
Progress (1): 0.9/1.9 MB
Progress (1): 0.9/1.9 MB
Progress (1): 0.9/1.9 MB
Progress (1): 0.9/1.9 MB
Progress (1): 0.9/1.9 MB
Progress (1): 0.9/1.9 MB
Progress (2): 0.9/1.9 MB | 7.7/857 kB
Progress (2): 0.9/1.9 MB | 16/857 kB 
Progress (2): 0.9/1.9 MB | 25/857 kB
Progress (2): 1.0/1.9 MB | 25/857 kB
Progress (2): 1.0/1.9 MB | 25/857 kB
Progress (2): 1.0/1.9 MB | 25/857 kB
Progress (2): 1.0/1.9 MB | 41/857 kB
Progress (2): 1.0/1.9 MB | 41/857 kB
Progress (2): 1.0/1.9 MB | 57/857 kB
Progress (2): 1.0/1.9 MB | 57/857 kB
Progress (2): 1.0/1.9 MB | 74/857 kB
Progress (2): 1.0/1.9 MB | 74/857 kB
Progress (2): 1.1/1.9 MB | 74/857 kB
Progress (2): 1.1/1.9 MB | 90/857 kB
Progress (2): 1.1/1.9 MB | 90/857 kB
Progress (2): 1.1/1.9 MB | 90/857 kB
Progress (2): 1.1/1.9 MB | 106/857 kB
Progress (2): 1.1/1.9 MB | 106/857 kB
Progress (2): 1.1/1.9 MB | 123/857 kB
Progress (3): 1.1/1.9 MB | 123/857 kB | 7.7/175 kB
Progress (3): 1.1/1.9 MB | 123/857 kB | 7.7/175 kB
Progress (3): 1.1/1.9 MB | 123/857 kB | 8.2/175 kB
Progress (3): 1.1/1.9 MB | 123/857 kB | 25/175 kB 
Progress (3): 1.1/1.9 MB | 123/857 kB | 25/175 kB
Progress (3): 1.2/1.9 MB | 123/857 kB | 25/175 kB
Progress (3): 1.2/1.9 MB | 139/857 kB | 25/175 kB
Progress (3): 1.2/1.9 MB | 139/857 kB | 25/175 kB
Progress (3): 1.2/1.9 MB | 139/857 kB | 41/175 kB
Progress (3): 1.2/1.9 MB | 156/857 kB | 41/175 kB
Progress (3): 1.2/1.9 MB | 156/857 kB | 57/175 kB
Progress (3): 1.2/1.9 MB | 156/857 kB | 57/175 kB
Progress (3): 1.2/1.9 MB | 172/857 kB | 57/175 kB
Progress (3): 1.2/1.9 MB | 172/857 kB | 57/175 kB
Progress (3): 1.2/1.9 MB | 172/857 kB | 74/175 kB
Progress (3): 1.2/1.9 MB | 188/857 kB | 74/175 kB
Progress (3): 1.2/1.9 MB | 188/857 kB | 74/175 kB
Progress (3): 1.2/1.9 MB | 188/857 kB | 90/175 kB
Progress (3): 1.2/1.9 MB | 188/857 kB | 106/175 kB
Progress (3): 1.2/1.9 MB | 205/857 kB | 106/175 kB
Progress (3): 1.2/1.9 MB | 205/857 kB | 106/175 kB
Progress (3): 1.2/1.9 MB | 205/857 kB | 123/175 kB
Progress (3): 1.2/1.9 MB | 205/857 kB | 139/175 kB
Progress (3): 1.3/1.9 MB | 205/857 kB | 139/175 kB
Progress (3): 1.3/1.9 MB | 205/857 kB | 139/175 kB
Progress (3): 1.3/1.9 MB | 205/857 kB | 139/175 kB
Progress (3): 1.3/1.9 MB | 221/857 kB | 139/175 kB
Progress (3): 1.3/1.9 MB | 221/857 kB | 156/175 kB
Progress (3): 1.3/1.9 MB | 221/857 kB | 156/175 kB
Progress (4): 1.3/1.9 MB | 221/857 kB | 156/175 kB | 7.7/136 kB
Progress (4): 1.3/1.9 MB | 221/857 kB | 156/175 kB | 16/136 kB 
Progress (4): 1.3/1.9 MB | 221/857 kB | 172/175 kB | 16/136 kB
Progress (4): 1.3/1.9 MB | 221/857 kB | 175 kB | 16/136 kB    
Progress (4): 1.3/1.9 MB | 221/857 kB | 175 kB | 16/136 kB
Progress (4): 1.3/1.9 MB | 221/857 kB | 175 kB | 16/136 kB
                                                          
Downloaded from central: https://repo.maven.apache.org/maven2/org/xmlunit/xmlunit-core/2.9.1/xmlunit-core-2.9.1.jar (175 kB at 54 kB/s)
Downloading from central: https://repo.maven.apache.org/maven2/org/springframework/security/spring-security-core/6.3.3/spring-security-core-6.3.3.jar
Progress (3): 1.3/1.9 MB | 238/857 kB | 16/136 kB
Progress (3): 1.3/1.9 MB | 238/857 kB | 29/136 kB
Progress (3): 1.4/1.9 MB | 238/857 kB | 29/136 kB
Progress (3): 1.4/1.9 MB | 238/857 kB | 29/136 kB
Progress (3): 1.4/1.9 MB | 254/857 kB | 29/136 kB
Progress (3): 1.4/1.9 MB | 270/857 kB | 29/136 kB
Progress (3): 1.4/1.9 MB | 270/857 kB | 29/136 kB
Progress (3): 1.4/1.9 MB | 270/857 kB | 29/136 kB
Progress (3): 1.4/1.9 MB | 270/857 kB | 29/136 kB
Progress (3): 1.4/1.9 MB | 270/857 kB | 45/136 kB
Progress (3): 1.4/1.9 MB | 287/857 kB | 45/136 kB
Progress (3): 1.4/1.9 MB | 287/857 kB | 45/136 kB
Progress (3): 1.4/1.9 MB | 303/857 kB | 45/136 kB
Progress (3): 1.4/1.9 MB | 303/857 kB | 61/136 kB
Progress (3): 1.4/1.9 MB | 303/857 kB | 61/136 kB
Progress (3): 1.4/1.9 MB | 319/857 kB | 61/136 kB
Progress (3): 1.4/1.9 MB | 319/857 kB | 78/136 kB
Progress (3): 1.5/1.9 MB | 319/857 kB | 78/136 kB
Progress (3): 1.5/1.9 MB | 336/857 kB | 78/136 kB
Progress (3): 1.5/1.9 MB | 336/857 kB | 78/136 kB
Progress (3): 1.5/1.9 MB | 352/857 kB | 78/136 kB
Progress (3): 1.5/1.9 MB | 369/857 kB | 78/136 kB
Progress (3): 1.5/1.9 MB | 369/857 kB | 94/136 kB
Progress (3): 1.5/1.9 MB | 385/857 kB | 94/136 kB
Progress (3): 1.5/1.9 MB | 385/857 kB | 94/136 kB
Progress (3): 1.5/1.9 MB | 385/857 kB | 111/136 kB
Progress (3): 1.5/1.9 MB | 385/857 kB | 127/136 kB
Progress (3): 1.5/1.9 MB | 401/857 kB | 127/136 kB
Progress (3): 1.5/1.9 MB | 401/857 kB | 136 kB    
Progress (3): 1.5/1.9 MB | 401/857 kB | 136 kB
                                              
Downloaded from central: https://repo.maven.apache.org/maven2/io/projectreactor/reactor-test/3.6.10/reactor-test-3.6.10.jar (136 kB at 42 kB/s)
Downloading from central: https://repo.maven.apache.org/maven2/org/springframework/security/spring-security-crypto/6.3.3/spring-security-crypto-6.3.3.jar
Progress (2): 1.5/1.9 MB | 418/857 kB
Progress (2): 1.5/1.9 MB | 418/857 kB
Progress (2): 1.5/1.9 MB | 418/857 kB
Progress (2): 1.5/1.9 MB | 434/857 kB
Progress (2): 1.5/1.9 MB | 451/857 kB
Progress (2): 1.6/1.9 MB | 451/857 kB
Progress (2): 1.6/1.9 MB | 467/857 kB
Progress (2): 1.6/1.9 MB | 467/857 kB
Progress (2): 1.6/1.9 MB | 483/857 kB
Progress (2): 1.6/1.9 MB | 483/857 kB
Progress (2): 1.6/1.9 MB | 500/857 kB
Progress (2): 1.6/1.9 MB | 500/857 kB
Progress (2): 1.6/1.9 MB | 516/857 kB
Progress (2): 1.6/1.9 MB | 532/857 kB
Progress (2): 1.6/1.9 MB | 532/857 kB
Progress (2): 1.6/1.9 MB | 549/857 kB
Progress (2): 1.6/1.9 MB | 565/857 kB
Progress (2): 1.6/1.9 MB | 565/857 kB
Progress (2): 1.6/1.9 MB | 582/857 kB
Progress (2): 1.7/1.9 MB | 582/857 kB
Progress (2): 1.7/1.9 MB | 582/857 kB
Progress (2): 1.7/1.9 MB | 582/857 kB
Progress (2): 1.7/1.9 MB | 598/857 kB
Progress (2): 1.7/1.9 MB | 614/857 kB
Progress (2): 1.7/1.9 MB | 614/857 kB
Progress (2): 1.7/1.9 MB | 631/857 kB
Progress (2): 1.7/1.9 MB | 631/857 kB
Progress (2): 1.7/1.9 MB | 631/857 kB
Progress (2): 1.7/1.9 MB | 647/857 kB
Progress (2): 1.8/1.9 MB | 647/857 kB
Progress (2): 1.8/1.9 MB | 664/857 kB
Progress (3): 1.8/1.9 MB | 664/857 kB | 7.7/132 kB
Progress (3): 1.8/1.9 MB | 664/857 kB | 16/132 kB 
Progress (3): 1.8/1.9 MB | 664/857 kB | 16/132 kB
Progress (3): 1.8/1.9 MB | 664/857 kB | 32/132 kB
Progress (3): 1.8/1.9 MB | 664/857 kB | 32/132 kB
Progress (3): 1.8/1.9 MB | 664/857 kB | 32/132 kB
Progress (3): 1.8/1.9 MB | 664/857 kB | 32/132 kB
Progress (3): 1.8/1.9 MB | 664/857 kB | 48/132 kB
Progress (3): 1.8/1.9 MB | 680/857 kB | 48/132 kB
Progress (3): 1.8/1.9 MB | 680/857 kB | 48/132 kB
Progress (3): 1.9/1.9 MB | 680/857 kB | 48/132 kB
Progress (3): 1.9/1.9 MB | 696/857 kB | 48/132 kB
Progress (3): 1.9/1.9 MB | 696/857 kB | 65/132 kB
Progress (3): 1.9/1.9 MB | 696/857 kB | 65/132 kB
Progress (3): 1.9 MB | 696/857 kB | 65/132 kB    
                                             
Downloaded from central: https://repo.maven.apache.org/maven2/org/springframework/spring-core/6.1.13/spring-core-6.1.13.jar (1.9 MB at 577 kB/s)
Progress (2): 696/857 kB | 81/132 kB
Progress (2): 713/857 kB | 81/132 kB
Progress (2): 713/857 kB | 98/132 kB
Progress (2): 713/857 kB | 114/132 kB
Progress (2): 729/857 kB | 114/132 kB
Progress (2): 745/857 kB | 114/132 kB
Progress (2): 745/857 kB | 130/132 kB
Progress (2): 745/857 kB | 132 kB    
Progress (2): 762/857 kB | 132 kB
                                 
Downloaded from central: https://repo.maven.apache.org/maven2/org/springframework/security/spring-security-test/6.3.3/spring-security-test-6.3.3.jar (132 kB at 40 kB/s)
Progress (1): 778/857 kB
Progress (1): 795/857 kB
Progress (1): 811/857 kB
Progress (1): 827/857 kB
Progress (1): 844/857 kB
Progress (1): 857 kB    
                    
Downloaded from central: https://repo.maven.apache.org/maven2/org/springframework/spring-test/6.1.13/spring-test-6.1.13.jar (857 kB at 262 kB/s)
Progress (1): 7.7/560 kB
Progress (1): 12/560 kB 
Progress (1): 28/560 kB
Progress (1): 44/560 kB
Progress (1): 61/560 kB
Progress (1): 77/560 kB
Progress (1): 93/560 kB
Progress (1): 110/560 kB
Progress (1): 126/560 kB
Progress (1): 143/560 kB
Progress (1): 159/560 kB
Progress (1): 175/560 kB
Progress (1): 192/560 kB
Progress (1): 208/560 kB
Progress (1): 225/560 kB
Progress (1): 241/560 kB
Progress (1): 246/560 kB
Progress (1): 262/560 kB
Progress (1): 279/560 kB
Progress (1): 295/560 kB
Progress (1): 311/560 kB
Progress (1): 328/560 kB
Progress (1): 344/560 kB
Progress (1): 360/560 kB
Progress (1): 377/560 kB
Progress (2): 377/560 kB | 7.7/100 kB
Progress (2): 377/560 kB | 12/100 kB 
Progress (2): 377/560 kB | 29/100 kB
Progress (2): 393/560 kB | 29/100 kB
Progress (2): 410/560 kB | 29/100 kB
Progress (2): 410/560 kB | 45/100 kB
Progress (2): 410/560 kB | 61/100 kB
Progress (2): 410/560 kB | 78/100 kB
Progress (2): 426/560 kB | 78/100 kB
Progress (2): 442/560 kB | 78/100 kB
Progress (2): 442/560 kB | 94/100 kB
Progress (2): 442/560 kB | 100 kB   
Progress (2): 459/560 kB | 100 kB
                                 
Downloaded from central: https://repo.maven.apache.org/maven2/org/springframework/security/spring-security-crypto/6.3.3/spring-security-crypto-6.3.3.jar (100 kB at 30 kB/s)
Progress (1): 475/560 kB
Progress (1): 492/560 kB
Progress (1): 508/560 kB
Progress (1): 524/560 kB
Progress (1): 541/560 kB
Progress (1): 557/560 kB
Progress (1): 560 kB    
                    
Downloaded from central: https://repo.maven.apache.org/maven2/org/springframework/security/spring-security-core/6.3.3/spring-security-core-6.3.3.jar (560 kB at 168 kB/s)
[INFO] 
[INFO] --- resources:3.3.1:resources (default-resources) @ backend ---
Downloading from central: https://repo.maven.apache.org/maven2/org/codehaus/plexus/plexus-interpolation/1.26/plexus-interpolation-1.26.pom
Progress (1): 1.4 kB
Progress (1): 2.7 kB
                    
Downloaded from central: https://repo.maven.apache.org/maven2/org/codehaus/plexus/plexus-interpolation/1.26/plexus-interpolation-1.26.pom (2.7 kB at 41 kB/s)
Downloading from central: https://repo.maven.apache.org/maven2/org/codehaus/plexus/plexus/5.1/plexus-5.1.pom
Progress (1): 700 B
Progress (1): 2.7 kB
Progress (1): 6.5 kB
Progress (1): 9.1 kB
Progress (1): 12 kB 
Progress (1): 16 kB
Progress (1): 21 kB
Progress (1): 23 kB
                   
Downloaded from central: https://repo.maven.apache.org/maven2/org/codehaus/plexus/plexus/5.1/plexus-5.1.pom (23 kB at 304 kB/s)
Downloading from central: https://repo.maven.apache.org/maven2/org/codehaus/plexus/plexus-utils/3.5.1/plexus-utils-3.5.1.pom
Progress (1): 726 B
Progress (1): 2.4 kB
Progress (1): 4.4 kB
Progress (1): 8.6 kB
Progress (1): 8.8 kB
                    
Downloaded from central: https://repo.maven.apache.org/maven2/org/codehaus/plexus/plexus-utils/3.5.1/plexus-utils-3.5.1.pom (8.8 kB at 120 kB/s)
Downloading from central: https://repo.maven.apache.org/maven2/org/codehaus/plexus/plexus/10/plexus-10.pom
Progress (1): 696 B
Progress (1): 2.7 kB
Progress (1): 6.4 kB
Progress (1): 9.2 kB
Progress (1): 11 kB 
Progress (1): 16 kB
Progress (1): 20 kB
Progress (1): 24 kB
Progress (1): 25 kB
                   
Downloaded from central: https://repo.maven.apache.org/maven2/org/codehaus/plexus/plexus/10/plexus-10.pom (25 kB at 363 kB/s)
Downloading from central: https://repo.maven.apache.org/maven2/org/apache/maven/shared/maven-filtering/3.3.1/maven-filtering-3.3.1.pom
Progress (1): 793 B
Progress (1): 2.3 kB
Progress (1): 5.6 kB
Progress (1): 6.0 kB
                    
Downloaded from central: https://repo.maven.apache.org/maven2/org/apache/maven/shared/maven-filtering/3.3.1/maven-filtering-3.3.1.pom (6.0 kB at 80 kB/s)
Downloading from central: https://repo.maven.apache.org/maven2/org/apache/maven/shared/maven-shared-components/39/maven-shared-components-39.pom
Progress (1): 812 B
Progress (1): 2.2 kB
Progress (1): 3.2 kB
                    
Downloaded from central: https://repo.maven.apache.org/maven2/org/apache/maven/shared/maven-shared-components/39/maven-shared-components-39.pom (3.2 kB at 42 kB/s)
Downloading from central: https://repo.maven.apache.org/maven2/javax/inject/javax.inject/1/javax.inject-1.pom
Progress (1): 612 B
                   
Downloaded from central: https://repo.maven.apache.org/maven2/javax/inject/javax.inject/1/javax.inject-1.pom (612 B at 8.1 kB/s)
Downloading from central: https://repo.maven.apache.org/maven2/org/slf4j/slf4j-api/1.7.36/slf4j-api-1.7.36.pom
Progress (1): 1.0 kB
Progress (1): 2.7 kB
                    
Downloaded from central: https://repo.maven.apache.org/maven2/org/slf4j/slf4j-api/1.7.36/slf4j-api-1.7.36.pom (2.7 kB at 39 kB/s)
Downloading from central: https://repo.maven.apache.org/maven2/org/slf4j/slf4j-parent/1.7.36/slf4j-parent-1.7.36.pom
Progress (1): 1.0 kB
Progress (1): 3.0 kB
Progress (1): 5.9 kB
Progress (1): 8.7 kB
Progress (1): 12 kB 
Progress (1): 14 kB
                   
Downloaded from central: https://repo.maven.apache.org/maven2/org/slf4j/slf4j-parent/1.7.36/slf4j-parent-1.7.36.pom (14 kB at 198 kB/s)
Downloading from central: https://repo.maven.apache.org/maven2/org/sonatype/plexus/plexus-build-api/0.0.7/plexus-build-api-0.0.7.pom
Progress (1): 910 B
Progress (1): 3.2 kB
                    
Downloaded from central: https://repo.maven.apache.org/maven2/org/sonatype/plexus/plexus-build-api/0.0.7/plexus-build-api-0.0.7.pom (3.2 kB at 19 kB/s)
Downloading from central: https://repo.maven.apache.org/maven2/org/sonatype/spice/spice-parent/15/spice-parent-15.pom
Progress (1): 1.2 kB
Progress (1): 3.7 kB
Progress (1): 7.3 kB
Progress (1): 8.4 kB
                    
Downloaded from central: https://repo.maven.apache.org/maven2/org/sonatype/spice/spice-parent/15/spice-parent-15.pom (8.4 kB at 127 kB/s)
Downloading from central: https://repo.maven.apache.org/maven2/org/sonatype/forge/forge-parent/5/forge-parent-5.pom
Progress (1): 1.3 kB
Progress (1): 5.5 kB
Progress (1): 8.4 kB
                    
Downloaded from central: https://repo.maven.apache.org/maven2/org/sonatype/forge/forge-parent/5/forge-parent-5.pom (8.4 kB at 133 kB/s)
Downloading from central: https://repo.maven.apache.org/maven2/org/codehaus/plexus/plexus-utils/3.5.0/plexus-utils-3.5.0.pom
Progress (1): 725 B
Progress (1): 2.4 kB
Progress (1): 4.5 kB
Progress (1): 8.0 kB
                    
Downloaded from central: https://repo.maven.apache.org/maven2/org/codehaus/plexus/plexus-utils/3.5.0/plexus-utils-3.5.0.pom (8.0 kB at 120 kB/s)
Downloading from central: https://repo.maven.apache.org/maven2/commons-io/commons-io/2.11.0/commons-io-2.11.0.pom
Progress (1): 764 B
Progress (1): 2.1 kB
Progress (1): 5.2 kB
Progress (1): 7.8 kB
Progress (1): 10 kB 
Progress (1): 12 kB
Progress (1): 15 kB
Progress (1): 18 kB
Progress (1): 20 kB
                   
Downloaded from central: https://repo.maven.apache.org/maven2/commons-io/commons-io/2.11.0/commons-io-2.11.0.pom (20 kB at 308 kB/s)
Downloading from central: https://repo.maven.apache.org/maven2/org/apache/commons/commons-parent/52/commons-parent-52.pom
Progress (1): 703 B
Progress (1): 1.8 kB
Progress (1): 3.1 kB
Progress (1): 4.6 kB
Progress (1): 6.7 kB
Progress (1): 8.1 kB
Progress (1): 10 kB 
Progress (1): 12 kB
Progress (1): 15 kB
Progress (1): 17 kB
Progress (1): 20 kB
Progress (1): 22 kB
Progress (1): 25 kB
Progress (1): 29 kB
Progress (1): 32 kB
Progress (1): 32 kB
Progress (1): 36 kB
Progress (1): 39 kB
Progress (1): 42 kB
Progress (1): 44 kB
Progress (1): 47 kB
Progress (1): 51 kB
Progress (1): 54 kB
Progress (1): 56 kB
Progress (1): 61 kB
Progress (1): 65 kB
Progress (1): 73 kB
Progress (1): 76 kB
Progress (1): 79 kB
                   
Downloaded from central: https://repo.maven.apache.org/maven2/org/apache/commons/commons-parent/52/commons-parent-52.pom (79 kB at 1.1 MB/s)
Downloading from central: https://repo.maven.apache.org/maven2/org/apache/apache/23/apache-23.pom
Progress (1): 749 B
Progress (1): 2.1 kB
Progress (1): 3.9 kB
Progress (1): 7.9 kB
Progress (1): 13 kB 
Progress (1): 16 kB
Progress (1): 18 kB
                   
Downloaded from central: https://repo.maven.apache.org/maven2/org/apache/apache/23/apache-23.pom (18 kB at 279 kB/s)
Downloading from central: https://repo.maven.apache.org/maven2/org/junit/junit-bom/5.7.2/junit-bom-5.7.2.pom
Progress (1): 912 B
Progress (1): 4.1 kB
Progress (1): 5.1 kB
                    
Downloaded from central: https://repo.maven.apache.org/maven2/org/junit/junit-bom/5.7.2/junit-bom-5.7.2.pom (5.1 kB at 81 kB/s)
Downloading from central: https://repo.maven.apache.org/maven2/org/apache/commons/commons-lang3/3.12.0/commons-lang3-3.12.0.pom
Progress (1): 740 B
Progress (1): 2.1 kB
Progress (1): 5.4 kB
Progress (1): 8.8 kB
Progress (1): 12 kB 
Progress (1): 15 kB
Progress (1): 17 kB
Progress (1): 19 kB
Progress (1): 21 kB
Progress (1): 24 kB
Progress (1): 28 kB
Progress (1): 30 kB
Progress (1): 31 kB
                   
Downloaded from central: https://repo.maven.apache.org/maven2/org/apache/commons/commons-lang3/3.12.0/commons-lang3-3.12.0.pom (31 kB at 414 kB/s)
Downloading from central: https://repo.maven.apache.org/maven2/org/junit/junit-bom/5.7.1/junit-bom-5.7.1.pom
Progress (1): 912 B
Progress (1): 4.1 kB
Progress (1): 5.1 kB
                    
Downloaded from central: https://repo.maven.apache.org/maven2/org/junit/junit-bom/5.7.1/junit-bom-5.7.1.pom (5.1 kB at 77 kB/s)
Downloading from central: https://repo.maven.apache.org/maven2/org/codehaus/plexus/plexus-interpolation/1.26/plexus-interpolation-1.26.jar
Progress (1): 3.4/85 kB
Progress (1): 20/85 kB 
Progress (1): 28/85 kB
Progress (1): 44/85 kB
Progress (1): 61/85 kB
Progress (1): 77/85 kB
Progress (1): 85 kB   
                   
Downloaded from central: https://repo.maven.apache.org/maven2/org/codehaus/plexus/plexus-interpolation/1.26/plexus-interpolation-1.26.jar (85 kB at 1.0 MB/s)
Downloading from central: https://repo.maven.apache.org/maven2/org/codehaus/plexus/plexus-utils/3.5.1/plexus-utils-3.5.1.jar
Downloading from central: https://repo.maven.apache.org/maven2/org/apache/maven/shared/maven-filtering/3.3.1/maven-filtering-3.3.1.jar
Downloading from central: https://repo.maven.apache.org/maven2/javax/inject/javax.inject/1/javax.inject-1.jar
Downloading from central: https://repo.maven.apache.org/maven2/org/sonatype/plexus/plexus-build-api/0.0.7/plexus-build-api-0.0.7.jar
Downloading from central: https://repo.maven.apache.org/maven2/org/slf4j/slf4j-api/1.7.36/slf4j-api-1.7.36.jar
Progress (1): 7.7/41 kB
Progress (1): 16/41 kB 
Progress (2): 16/41 kB | 7.7/55 kB
Progress (2): 28/41 kB | 7.7/55 kB
Progress (2): 28/41 kB | 8.2/55 kB
Progress (3): 28/41 kB | 8.2/55 kB | 7.7/8.5 kB
Progress (3): 28/41 kB | 8.2/55 kB | 8.5 kB    
Progress (3): 41 kB | 8.2/55 kB | 8.5 kB   
Progress (3): 41 kB | 25/55 kB | 8.5 kB 
Progress (3): 41 kB | 41/55 kB | 8.5 kB
                                       
Downloaded from central: https://repo.maven.apache.org/maven2/org/sonatype/plexus/plexus-build-api/0.0.7/plexus-build-api-0.0.7.jar (8.5 kB at 116 kB/s)
Downloaded from central: https://repo.maven.apache.org/maven2/org/slf4j/slf4j-api/1.7.36/slf4j-api-1.7.36.jar (41 kB at 556 kB/s)
Downloading from central: https://repo.maven.apache.org/maven2/commons-io/commons-io/2.11.0/commons-io-2.11.0.jar
Downloading from central: https://repo.maven.apache.org/maven2/org/apache/commons/commons-lang3/3.12.0/commons-lang3-3.12.0.jar
Progress (1): 55 kB
Progress (2): 55 kB | 8.2/269 kB
                                
Downloaded from central: https://repo.maven.apache.org/maven2/org/apache/maven/shared/maven-filtering/3.3.1/maven-filtering-3.3.1.jar (55 kB at 687 kB/s)
Progress (1): 25/269 kB
Progress (1): 41/269 kB
Progress (1): 57/269 kB
Progress (1): 66/269 kB
Progress (1): 82/269 kB
Progress (2): 82/269 kB | 2.5 kB
                                
Downloaded from central: https://repo.maven.apache.org/maven2/javax/inject/javax.inject/1/javax.inject-1.jar (2.5 kB at 27 kB/s)
Progress (1): 98/269 kB
Progress (1): 115/269 kB
Progress (1): 131/269 kB
Progress (1): 147/269 kB
Progress (1): 164/269 kB
Progress (1): 180/269 kB
Progress (1): 197/269 kB
Progress (1): 213/269 kB
Progress (1): 229/269 kB
Progress (1): 246/269 kB
Progress (1): 262/269 kB
Progress (1): 269 kB    
                    
Downloaded from central: https://repo.maven.apache.org/maven2/org/codehaus/plexus/plexus-utils/3.5.1/plexus-utils-3.5.1.jar (269 kB at 2.5 MB/s)
Progress (1): 7.7/587 kB
Progress (1): 12/587 kB 
Progress (1): 28/587 kB
Progress (1): 44/587 kB
Progress (1): 61/587 kB
Progress (2): 61/587 kB | 7.7/327 kB
Progress (2): 61/587 kB | 16/327 kB 
Progress (2): 77/587 kB | 16/327 kB
Progress (2): 77/587 kB | 32/327 kB
Progress (2): 93/587 kB | 32/327 kB
Progress (2): 110/587 kB | 32/327 kB
Progress (2): 110/587 kB | 48/327 kB
Progress (2): 110/587 kB | 65/327 kB
Progress (2): 126/587 kB | 65/327 kB
Progress (2): 126/587 kB | 81/327 kB
Progress (2): 143/587 kB | 81/327 kB
Progress (2): 159/587 kB | 81/327 kB
Progress (2): 175/587 kB | 81/327 kB
Progress (2): 175/587 kB | 98/327 kB
Progress (2): 175/587 kB | 114/327 kB
Progress (2): 192/587 kB | 114/327 kB
Progress (2): 192/587 kB | 130/327 kB
Progress (2): 208/587 kB | 130/327 kB
Progress (2): 208/587 kB | 147/327 kB
Progress (2): 225/587 kB | 147/327 kB
Progress (2): 241/587 kB | 147/327 kB
Progress (2): 241/587 kB | 163/327 kB
Progress (2): 241/587 kB | 179/327 kB
Progress (2): 257/587 kB | 179/327 kB
Progress (2): 274/587 kB | 179/327 kB
Progress (2): 274/587 kB | 196/327 kB
Progress (2): 274/587 kB | 212/327 kB
Progress (2): 290/587 kB | 212/327 kB
Progress (2): 306/587 kB | 212/327 kB
Progress (2): 306/587 kB | 229/327 kB
Progress (2): 323/587 kB | 229/327 kB
Progress (2): 323/587 kB | 245/327 kB
Progress (2): 339/587 kB | 245/327 kB
Progress (2): 356/587 kB | 245/327 kB
Progress (2): 356/587 kB | 261/327 kB
Progress (2): 372/587 kB | 261/327 kB
Progress (2): 372/587 kB | 278/327 kB
Progress (2): 372/587 kB | 278/327 kB
Progress (2): 388/587 kB | 278/327 kB
Progress (2): 388/587 kB | 295/327 kB
Progress (2): 388/587 kB | 311/327 kB
Progress (2): 405/587 kB | 311/327 kB
Progress (2): 421/587 kB | 311/327 kB
Progress (2): 438/587 kB | 311/327 kB
Progress (2): 454/587 kB | 311/327 kB
Progress (2): 470/587 kB | 311/327 kB
Progress (2): 470/587 kB | 327 kB    
Progress (2): 487/587 kB | 327 kB
Progress (2): 503/587 kB | 327 kB
                                 
Downloaded from central: https://repo.maven.apache.org/maven2/commons-io/commons-io/2.11.0/commons-io-2.11.0.jar (327 kB at 1.6 MB/s)
Progress (1): 519/587 kB
Progress (1): 536/587 kB
Progress (1): 552/587 kB
Progress (1): 569/587 kB
Progress (1): 585/587 kB
Progress (1): 587 kB    
                    
Downloaded from central: https://repo.maven.apache.org/maven2/org/apache/commons/commons-lang3/3.12.0/commons-lang3-3.12.0.jar (587 kB at 2.7 MB/s)
[INFO] Copying 1 resource from src/main/resources to target/classes
[INFO] Copying 5 resources from src/main/resources to target/classes
[INFO] 
[INFO] --- compiler:3.13.0:compile (default-compile) @ backend ---
Downloading from central: https://repo.maven.apache.org/maven2/org/apache/maven/shared/maven-shared-utils/3.4.2/maven-shared-utils-3.4.2.pom
Progress (1): 793 B
Progress (1): 2.3 kB
Progress (1): 4.3 kB
Progress (1): 5.9 kB
                    
Downloaded from central: https://repo.maven.apache.org/maven2/org/apache/maven/shared/maven-shared-utils/3.4.2/maven-shared-utils-3.4.2.pom (5.9 kB at 52 kB/s)
Downloading from central: https://repo.maven.apache.org/maven2/org/apache/maven/shared/maven-shared-incremental/1.1/maven-shared-incremental-1.1.pom
Progress (1): 806 B
Progress (1): 2.3 kB
Progress (1): 4.7 kB
                    
Downloaded from central: https://repo.maven.apache.org/maven2/org/apache/maven/shared/maven-shared-incremental/1.1/maven-shared-incremental-1.1.pom (4.7 kB at 46 kB/s)
Downloading from central: https://repo.maven.apache.org/maven2/org/apache/maven/shared/maven-shared-components/19/maven-shared-components-19.pom
Progress (1): 773 B
Progress (1): 2.4 kB
Progress (1): 4.2 kB
Progress (1): 6.4 kB
                    
Downloaded from central: https://repo.maven.apache.org/maven2/org/apache/maven/shared/maven-shared-components/19/maven-shared-components-19.pom (6.4 kB at 62 kB/s)
Downloading from central: https://repo.maven.apache.org/maven2/org/apache/maven/maven-parent/23/maven-parent-23.pom
Progress (1): 726 B
Progress (1): 2.0 kB
Progress (1): 5.9 kB
Progress (1): 10 kB 
Progress (1): 15 kB
Progress (1): 19 kB
Progress (1): 22 kB
Progress (1): 25 kB
Progress (1): 27 kB
Progress (1): 31 kB
Progress (1): 33 kB
                   
Downloaded from central: https://repo.maven.apache.org/maven2/org/apache/maven/maven-parent/23/maven-parent-23.pom (33 kB at 388 kB/s)
Downloading from central: https://repo.maven.apache.org/maven2/org/apache/apache/13/apache-13.pom
Progress (1): 749 B
Progress (1): 2.1 kB
Progress (1): 4.1 kB
Progress (1): 9.0 kB
Progress (1): 11 kB 
Progress (1): 14 kB
                   
Downloaded from central: https://repo.maven.apache.org/maven2/org/apache/apache/13/apache-13.pom (14 kB at 191 kB/s)
Downloading from central: https://repo.maven.apache.org/maven2/org/codehaus/plexus/plexus-java/1.2.0/plexus-java-1.2.0.pom
Progress (1): 1.9 kB
Progress (1): 4.3 kB
                    
Downloaded from central: https://repo.maven.apache.org/maven2/org/codehaus/plexus/plexus-java/1.2.0/plexus-java-1.2.0.pom (4.3 kB at 58 kB/s)
Downloading from central: https://repo.maven.apache.org/maven2/org/codehaus/plexus/plexus-languages/1.2.0/plexus-languages-1.2.0.pom
Progress (1): 1.3 kB
Progress (1): 3.2 kB
                    
Downloaded from central: https://repo.maven.apache.org/maven2/org/codehaus/plexus/plexus-languages/1.2.0/plexus-languages-1.2.0.pom (3.2 kB at 44 kB/s)
Downloading from central: https://repo.maven.apache.org/maven2/org/codehaus/plexus/plexus/15/plexus-15.pom
Progress (1): 692 B
Progress (1): 2.7 kB
Progress (1): 6.4 kB
Progress (1): 8.9 kB
Progress (1): 11 kB 
Progress (1): 14 kB
Progress (1): 18 kB
Progress (1): 21 kB
Progress (1): 25 kB
Progress (1): 28 kB
                   
Downloaded from central: https://repo.maven.apache.org/maven2/org/codehaus/plexus/plexus/15/plexus-15.pom (28 kB at 386 kB/s)
Downloading from central: https://repo.maven.apache.org/maven2/org/junit/junit-bom/5.10.0/junit-bom-5.10.0.pom
Progress (1): 913 B
Progress (1): 4.1 kB
Progress (1): 5.6 kB
                    
Downloaded from central: https://repo.maven.apache.org/maven2/org/junit/junit-bom/5.10.0/junit-bom-5.10.0.pom (5.6 kB at 88 kB/s)
Downloading from central: https://repo.maven.apache.org/maven2/com/thoughtworks/qdox/qdox/2.0.3/qdox-2.0.3.pom
Progress (1): 872 B
Progress (1): 3.4 kB
Progress (1): 6.6 kB
Progress (1): 11 kB 
Progress (1): 13 kB
Progress (1): 17 kB
                   
Downloaded from central: https://repo.maven.apache.org/maven2/com/thoughtworks/qdox/qdox/2.0.3/qdox-2.0.3.pom (17 kB at 239 kB/s)
Downloading from central: https://repo.maven.apache.org/maven2/org/codehaus/plexus/plexus-compiler-api/2.15.0/plexus-compiler-api-2.15.0.pom
Progress (1): 1.4 kB
                    
Downloaded from central: https://repo.maven.apache.org/maven2/org/codehaus/plexus/plexus-compiler-api/2.15.0/plexus-compiler-api-2.15.0.pom (1.4 kB at 19 kB/s)
Downloading from central: https://repo.maven.apache.org/maven2/org/codehaus/plexus/plexus-compiler/2.15.0/plexus-compiler-2.15.0.pom
Progress (1): 1.2 kB
Progress (1): 4.5 kB
Progress (1): 7.6 kB
Progress (1): 7.6 kB
                    
Downloaded from central: https://repo.maven.apache.org/maven2/org/codehaus/plexus/plexus-compiler/2.15.0/plexus-compiler-2.15.0.pom (7.6 kB at 96 kB/s)
Downloading from central: https://repo.maven.apache.org/maven2/org/codehaus/plexus/plexus/17/plexus-17.pom
Progress (1): 691 B
Progress (1): 2.5 kB
Progress (1): 6.4 kB
Progress (1): 8.9 kB
Progress (1): 11 kB 
Progress (1): 14 kB
Progress (1): 19 kB
Progress (1): 21 kB
Progress (1): 25 kB
Progress (1): 28 kB
                   
Downloaded from central: https://repo.maven.apache.org/maven2/org/codehaus/plexus/plexus/17/plexus-17.pom (28 kB at 397 kB/s)
Downloading from central: https://repo.maven.apache.org/maven2/org/codehaus/plexus/plexus-utils/4.0.0/plexus-utils-4.0.0.pom
Progress (1): 724 B
Progress (1): 2.3 kB
Progress (1): 4.5 kB
Progress (1): 8.7 kB
                    
Downloaded from central: https://repo.maven.apache.org/maven2/org/codehaus/plexus/plexus-utils/4.0.0/plexus-utils-4.0.0.pom (8.7 kB at 129 kB/s)
Downloading from central: https://repo.maven.apache.org/maven2/org/codehaus/plexus/plexus/13/plexus-13.pom
Progress (1): 693 B
Progress (1): 2.5 kB
Progress (1): 6.4 kB
Progress (1): 8.9 kB
Progress (1): 11 kB 
Progress (1): 14 kB
Progress (1): 18 kB
Progress (1): 21 kB
Progress (1): 26 kB
Progress (1): 27 kB
                   
Downloaded from central: https://repo.maven.apache.org/maven2/org/codehaus/plexus/plexus/13/plexus-13.pom (27 kB at 397 kB/s)
Downloading from central: https://repo.maven.apache.org/maven2/org/codehaus/plexus/plexus-compiler-manager/2.15.0/plexus-compiler-manager-2.15.0.pom
Progress (1): 1.3 kB
                    
Downloaded from central: https://repo.maven.apache.org/maven2/org/codehaus/plexus/plexus-compiler-manager/2.15.0/plexus-compiler-manager-2.15.0.pom (1.3 kB at 19 kB/s)
Downloading from central: https://repo.maven.apache.org/maven2/org/codehaus/plexus/plexus-xml/3.0.0/plexus-xml-3.0.0.pom
Progress (1): 815 B
Progress (1): 2.7 kB
Progress (1): 3.7 kB
                    
Downloaded from central: https://repo.maven.apache.org/maven2/org/codehaus/plexus/plexus-xml/3.0.0/plexus-xml-3.0.0.pom (3.7 kB at 48 kB/s)
Downloading from central: https://repo.maven.apache.org/maven2/org/codehaus/plexus/plexus-compiler-javac/2.15.0/plexus-compiler-javac-2.15.0.pom
Progress (1): 1.3 kB
                    
Downloaded from central: https://repo.maven.apache.org/maven2/org/codehaus/plexus/plexus-compiler-javac/2.15.0/plexus-compiler-javac-2.15.0.pom (1.3 kB at 18 kB/s)
Downloading from central: https://repo.maven.apache.org/maven2/org/codehaus/plexus/plexus-compilers/2.15.0/plexus-compilers-2.15.0.pom
Progress (1): 1.6 kB
Progress (1): 1.6 kB
                    
Downloaded from central: https://repo.maven.apache.org/maven2/org/codehaus/plexus/plexus-compilers/2.15.0/plexus-compilers-2.15.0.pom (1.6 kB at 22 kB/s)
Downloading from central: https://repo.maven.apache.org/maven2/org/apache/maven/shared/maven-shared-utils/3.4.2/maven-shared-utils-3.4.2.jar
Progress (1): 4.1/151 kB
Progress (1): 20/151 kB 
Progress (1): 29/151 kB
Progress (1): 45/151 kB
Progress (1): 61/151 kB
Progress (1): 78/151 kB
Progress (1): 94/151 kB
Progress (1): 111/151 kB
Progress (1): 127/151 kB
Progress (1): 143/151 kB
Progress (1): 151 kB    
                    
Downloaded from central: https://repo.maven.apache.org/maven2/org/apache/maven/shared/maven-shared-utils/3.4.2/maven-shared-utils-3.4.2.jar (151 kB at 1.7 MB/s)
Downloading from central: https://repo.maven.apache.org/maven2/org/apache/maven/shared/maven-shared-incremental/1.1/maven-shared-incremental-1.1.jar
Downloading from central: https://repo.maven.apache.org/maven2/org/codehaus/plexus/plexus-java/1.2.0/plexus-java-1.2.0.jar
Downloading from central: https://repo.maven.apache.org/maven2/com/thoughtworks/qdox/qdox/2.0.3/qdox-2.0.3.jar
Downloading from central: https://repo.maven.apache.org/maven2/org/codehaus/plexus/plexus-compiler-api/2.15.0/plexus-compiler-api-2.15.0.jar
Downloading from central: https://repo.maven.apache.org/maven2/org/codehaus/plexus/plexus-compiler-manager/2.15.0/plexus-compiler-manager-2.15.0.jar
Progress (1): 7.7/58 kB
Progress (1): 12/58 kB 
Progress (2): 12/58 kB | 5.2 kB
Progress (2): 29/58 kB | 5.2 kB
                               
Downloaded from central: https://repo.maven.apache.org/maven2/org/codehaus/plexus/plexus-compiler-manager/2.15.0/plexus-compiler-manager-2.15.0.jar (5.2 kB at 75 kB/s)
Downloading from central: https://repo.maven.apache.org/maven2/org/codehaus/plexus/plexus-xml/3.0.0/plexus-xml-3.0.0.jar
Progress (2): 29/58 kB | 7.7/14 kB
Progress (2): 29/58 kB | 14 kB    
Progress (2): 45/58 kB | 14 kB
                              
Downloaded from central: https://repo.maven.apache.org/maven2/org/apache/maven/shared/maven-shared-incremental/1.1/maven-shared-incremental-1.1.jar (14 kB at 183 kB/s)
Downloading from central: https://repo.maven.apache.org/maven2/org/codehaus/plexus/plexus-compiler-javac/2.15.0/plexus-compiler-javac-2.15.0.jar
Progress (1): 58 kB
Progress (2): 58 kB | 7.7/334 kB
Progress (2): 58 kB | 12/334 kB 
                               
Downloaded from central: https://repo.maven.apache.org/maven2/org/codehaus/plexus/plexus-java/1.2.0/plexus-java-1.2.0.jar (58 kB at 728 kB/s)
Downloading from central: https://repo.maven.apache.org/maven2/org/codehaus/plexus/plexus-utils/4.0.0/plexus-utils-4.0.0.jar
Progress (2): 12/334 kB | 3.4/29 kB
Progress (2): 28/334 kB | 3.4/29 kB
Progress (2): 28/334 kB | 20/29 kB 
Progress (2): 28/334 kB | 29 kB   
Progress (2): 44/334 kB | 29 kB
                               
Downloaded from central: https://repo.maven.apache.org/maven2/org/codehaus/plexus/plexus-compiler-api/2.15.0/plexus-compiler-api-2.15.0.jar (29 kB at 338 kB/s)
Progress (1): 61/334 kB
Progress (1): 77/334 kB
Progress (1): 93/334 kB
Progress (1): 110/334 kB
Progress (1): 126/334 kB
Progress (1): 143/334 kB
Progress (1): 159/334 kB
Progress (1): 175/334 kB
Progress (1): 192/334 kB
Progress (1): 208/334 kB
Progress (1): 225/334 kB
Progress (1): 241/334 kB
Progress (1): 257/334 kB
Progress (1): 274/334 kB
Progress (1): 290/334 kB
Progress (1): 306/334 kB
Progress (1): 323/334 kB
Progress (1): 334 kB    
                    
Downloaded from central: https://repo.maven.apache.org/maven2/com/thoughtworks/qdox/qdox/2.0.3/qdox-2.0.3.jar (334 kB at 2.8 MB/s)
Progress (1): 7.7/93 kB
Progress (2): 7.7/93 kB | 7.7/26 kB
Progress (2): 16/93 kB | 7.7/26 kB 
Progress (2): 16/93 kB | 16/26 kB 
Progress (2): 16/93 kB | 26 kB   
Progress (2): 32/93 kB | 26 kB
                              
Downloaded from central: https://repo.maven.apache.org/maven2/org/codehaus/plexus/plexus-compiler-javac/2.15.0/plexus-compiler-javac-2.15.0.jar (26 kB at 181 kB/s)
Progress (1): 48/93 kB
Progress (1): 65/93 kB
Progress (1): 81/93 kB
Progress (1): 93 kB   
Progress (2): 93 kB | 7.7/192 kB
Progress (2): 93 kB | 16/192 kB 
Progress (2): 93 kB | 25/192 kB
Progress (2): 93 kB | 41/192 kB
                               
Downloaded from central: https://repo.maven.apache.org/maven2/org/codehaus/plexus/plexus-xml/3.0.0/plexus-xml-3.0.0.jar (93 kB at 608 kB/s)
Progress (1): 57/192 kB
Progress (1): 74/192 kB
Progress (1): 90/192 kB
Progress (1): 106/192 kB
Progress (1): 123/192 kB
Progress (1): 139/192 kB
Progress (1): 156/192 kB
Progress (1): 172/192 kB
Progress (1): 188/192 kB
Progress (1): 192 kB    
                    
Downloaded from central: https://repo.maven.apache.org/maven2/org/codehaus/plexus/plexus-utils/4.0.0/plexus-utils-4.0.0.jar (192 kB at 1.2 MB/s)
[INFO] Nothing to compile - all classes are up to date.
[INFO] 
[INFO] --- resources:3.3.1:testResources (default-testResources) @ backend ---
[INFO] skip non existing resourceDirectory /workspace/src/test/resources
[INFO] 
[INFO] --- compiler:3.13.0:testCompile (default-testCompile) @ backend ---
[INFO] Recompiling the module because of changed source code.
[INFO] Compiling 2 source files with javac [debug parameters release 17] to target/test-classes
[INFO] 
[INFO] --- surefire:3.2.5:test (default-test) @ backend ---
Downloading from central: https://repo.maven.apache.org/maven2/org/apache/maven/surefire/maven-surefire-common/3.2.5/maven-surefire-common-3.2.5.pom
Progress (1): 834 B
Progress (1): 3.3 kB
Progress (1): 6.2 kB
Progress (1): 6.2 kB
                    
Downloaded from central: https://repo.maven.apache.org/maven2/org/apache/maven/surefire/maven-surefire-common/3.2.5/maven-surefire-common-3.2.5.pom (6.2 kB at 92 kB/s)
Downloading from central: https://repo.maven.apache.org/maven2/org/apache/maven/surefire/surefire-api/3.2.5/surefire-api-3.2.5.pom
Progress (1): 843 B
Progress (1): 2.7 kB
Progress (1): 3.5 kB
                    
Downloaded from central: https://repo.maven.apache.org/maven2/org/apache/maven/surefire/surefire-api/3.2.5/surefire-api-3.2.5.pom (3.5 kB at 53 kB/s)
Downloading from central: https://repo.maven.apache.org/maven2/org/apache/maven/surefire/surefire-logger-api/3.2.5/surefire-logger-api-3.2.5.pom
Progress (1): 834 B
Progress (1): 2.3 kB
Progress (1): 3.3 kB
                    
Downloaded from central: https://repo.maven.apache.org/maven2/org/apache/maven/surefire/surefire-logger-api/3.2.5/surefire-logger-api-3.2.5.pom (3.3 kB at 46 kB/s)
Downloading from central: https://repo.maven.apache.org/maven2/org/apache/maven/surefire/surefire-shared-utils/3.2.5/surefire-shared-utils-3.2.5.pom
Progress (1): 1.1 kB
Progress (1): 4.1 kB
                    
Downloaded from central: https://repo.maven.apache.org/maven2/org/apache/maven/surefire/surefire-shared-utils/3.2.5/surefire-shared-utils-3.2.5.pom (4.1 kB at 59 kB/s)
Downloading from central: https://repo.maven.apache.org/maven2/org/apache/maven/surefire/surefire-extensions-api/3.2.5/surefire-extensions-api-3.2.5.pom
Progress (1): 842 B
Progress (1): 2.8 kB
Progress (1): 3.3 kB
                    
Downloaded from central: https://repo.maven.apache.org/maven2/org/apache/maven/surefire/surefire-extensions-api/3.2.5/surefire-extensions-api-3.2.5.pom (3.3 kB at 46 kB/s)
Downloading from central: https://repo.maven.apache.org/maven2/org/apache/maven/surefire/surefire-booter/3.2.5/surefire-booter-3.2.5.pom
Progress (1): 834 B
Progress (1): 3.0 kB
Progress (1): 4.5 kB
                    
Downloaded from central: https://repo.maven.apache.org/maven2/org/apache/maven/surefire/surefire-booter/3.2.5/surefire-booter-3.2.5.pom (4.5 kB at 59 kB/s)
Downloading from central: https://repo.maven.apache.org/maven2/org/apache/maven/surefire/surefire-extensions-spi/3.2.5/surefire-extensions-spi-3.2.5.pom
Progress (1): 878 B
Progress (1): 1.8 kB
                    
Downloaded from central: https://repo.maven.apache.org/maven2/org/apache/maven/surefire/surefire-extensions-spi/3.2.5/surefire-extensions-spi-3.2.5.pom (1.8 kB at 24 kB/s)
Downloading from central: https://repo.maven.apache.org/maven2/org/eclipse/aether/aether-util/1.0.0.v20140518/aether-util-1.0.0.v20140518.pom
Progress (1): 937 B
Progress (1): 2.2 kB
                    
Downloaded from central: https://repo.maven.apache.org/maven2/org/eclipse/aether/aether-util/1.0.0.v20140518/aether-util-1.0.0.v20140518.pom (2.2 kB at 30 kB/s)
Downloading from central: https://repo.maven.apache.org/maven2/org/eclipse/aether/aether/1.0.0.v20140518/aether-1.0.0.v20140518.pom
Progress (1): 798 B
Progress (1): 3.2 kB
Progress (1): 5.1 kB
Progress (1): 9.1 kB
Progress (1): 12 kB 
Progress (1): 17 kB
Progress (1): 20 kB
Progress (1): 23 kB
Progress (1): 28 kB
Progress (1): 30 kB
                   
Downloaded from central: https://repo.maven.apache.org/maven2/org/eclipse/aether/aether/1.0.0.v20140518/aether-1.0.0.v20140518.pom (30 kB at 464 kB/s)
Downloading from central: https://repo.maven.apache.org/maven2/org/eclipse/aether/aether-api/1.0.0.v20140518/aether-api-1.0.0.v20140518.pom
Progress (1): 938 B
Progress (1): 1.9 kB
                    
Downloaded from central: https://repo.maven.apache.org/maven2/org/eclipse/aether/aether-api/1.0.0.v20140518/aether-api-1.0.0.v20140518.pom (1.9 kB at 30 kB/s)
Downloading from central: https://repo.maven.apache.org/maven2/org/apache/maven/shared/maven-common-artifact-filters/3.1.1/maven-common-artifact-filters-3.1.1.pom
Progress (1): 798 B
Progress (1): 2.3 kB
Progress (1): 5.7 kB
Progress (1): 5.8 kB
                    
Downloaded from central: https://repo.maven.apache.org/maven2/org/apache/maven/shared/maven-common-artifact-filters/3.1.1/maven-common-artifact-filters-3.1.1.pom (5.8 kB at 76 kB/s)
Downloading from central: https://repo.maven.apache.org/maven2/org/apache/maven/shared/maven-shared-components/34/maven-shared-components-34.pom
Progress (1): 781 B
Progress (1): 2.3 kB
Progress (1): 4.6 kB
Progress (1): 5.1 kB
                    
Downloaded from central: https://repo.maven.apache.org/maven2/org/apache/maven/shared/maven-shared-components/34/maven-shared-components-34.pom (5.1 kB at 80 kB/s)
Downloading from central: https://repo.maven.apache.org/maven2/org/apache/maven/maven-parent/34/maven-parent-34.pom
Progress (1): 727 B
Progress (1): 1.9 kB
Progress (1): 5.4 kB
Progress (1): 9.8 kB
Progress (1): 14 kB 
Progress (1): 19 kB
Progress (1): 23 kB
Progress (1): 26 kB
Progress (1): 27 kB
Progress (1): 30 kB
Progress (1): 34 kB
Progress (1): 37 kB
Progress (1): 41 kB
Progress (1): 43 kB
                   
Downloaded from central: https://repo.maven.apache.org/maven2/org/apache/maven/maven-parent/34/maven-parent-34.pom (43 kB at 571 kB/s)
Downloading from central: https://repo.maven.apache.org/maven2/org/apache/maven/maven-artifact/3.2.5/maven-artifact-3.2.5.pom
Progress (1): 843 B
Progress (1): 2.3 kB
                    
Downloaded from central: https://repo.maven.apache.org/maven2/org/apache/maven/maven-artifact/3.2.5/maven-artifact-3.2.5.pom (2.3 kB at 32 kB/s)
Downloading from central: https://repo.maven.apache.org/maven2/org/apache/maven/maven/3.2.5/maven-3.2.5.pom
Progress (1): 759 B
Progress (1): 1.9 kB
Progress (1): 3.4 kB
Progress (1): 5.3 kB
Progress (1): 11 kB 
Progress (1): 15 kB
Progress (1): 18 kB
Progress (1): 21 kB
Progress (1): 22 kB
                   
Downloaded from central: https://repo.maven.apache.org/maven2/org/apache/maven/maven/3.2.5/maven-3.2.5.pom (22 kB at 287 kB/s)
Downloading from central: https://repo.maven.apache.org/maven2/org/apache/maven/maven-parent/25/maven-parent-25.pom
Progress (1): 730 B
Progress (1): 2.0 kB
Progress (1): 6.0 kB
Progress (1): 11 kB 
Progress (1): 15 kB
Progress (1): 19 kB
Progress (1): 23 kB
Progress (1): 24 kB
Progress (1): 27 kB
Progress (1): 30 kB
Progress (1): 32 kB
Progress (1): 37 kB
Progress (1): 37 kB
                   
Downloaded from central: https://repo.maven.apache.org/maven2/org/apache/maven/maven-parent/25/maven-parent-25.pom (37 kB at 520 kB/s)
Downloading from central: https://repo.maven.apache.org/maven2/org/apache/apache/15/apache-15.pom
Progress (1): 754 B
Progress (1): 2.1 kB
Progress (1): 3.9 kB
Progress (1): 7.9 kB
Progress (1): 11 kB 
Progress (1): 14 kB
Progress (1): 15 kB
                   
Downloaded from central: https://repo.maven.apache.org/maven2/org/apache/apache/15/apache-15.pom (15 kB at 206 kB/s)
Downloading from central: https://repo.maven.apache.org/maven2/org/apache/maven/maven-core/3.2.5/maven-core-3.2.5.pom
Progress (1): 794 B
Progress (1): 2.2 kB
Progress (1): 5.3 kB
Progress (1): 8.1 kB
                    
Downloaded from central: https://repo.maven.apache.org/maven2/org/apache/maven/maven-core/3.2.5/maven-core-3.2.5.pom (8.1 kB at 128 kB/s)
Downloading from central: https://repo.maven.apache.org/maven2/org/apache/maven/maven-settings/3.2.5/maven-settings-3.2.5.pom
Progress (1): 823 B
Progress (1): 2.2 kB
                    
Downloaded from central: https://repo.maven.apache.org/maven2/org/apache/maven/maven-settings/3.2.5/maven-settings-3.2.5.pom (2.2 kB at 31 kB/s)
Downloading from central: https://repo.maven.apache.org/maven2/org/apache/maven/maven-settings-builder/3.2.5/maven-settings-builder-3.2.5.pom
Progress (1): 823 B
Progress (1): 2.6 kB
                    
Downloaded from central: https://repo.maven.apache.org/maven2/org/apache/maven/maven-settings-builder/3.2.5/maven-settings-builder-3.2.5.pom (2.6 kB at 39 kB/s)
Downloading from central: https://repo.maven.apache.org/maven2/org/codehaus/plexus/plexus-interpolation/1.21/plexus-interpolation-1.21.pom
Progress (1): 1.3 kB
Progress (1): 1.5 kB
                    
Downloaded from central: https://repo.maven.apache.org/maven2/org/codehaus/plexus/plexus-interpolation/1.21/plexus-interpolation-1.21.pom (1.5 kB at 20 kB/s)
Downloading from central: https://repo.maven.apache.org/maven2/org/codehaus/plexus/plexus-components/1.3.1/plexus-components-1.3.1.pom
Progress (1): 1.3 kB
Progress (1): 3.1 kB
                    
Downloaded from central: https://repo.maven.apache.org/maven2/org/codehaus/plexus/plexus-components/1.3.1/plexus-components-1.3.1.pom (3.1 kB at 47 kB/s)
Downloading from central: https://repo.maven.apache.org/maven2/org/codehaus/plexus/plexus/3.3.1/plexus-3.3.1.pom
Progress (1): 707 B
Progress (1): 2.6 kB
Progress (1): 6.1 kB
Progress (1): 8.6 kB
Progress (1): 11 kB 
Progress (1): 16 kB
Progress (1): 20 kB
Progress (1): 20 kB
                   
Downloaded from central: https://repo.maven.apache.org/maven2/org/codehaus/plexus/plexus/3.3.1/plexus-3.3.1.pom (20 kB at 310 kB/s)
Downloading from central: https://repo.maven.apache.org/maven2/org/sonatype/spice/spice-parent/17/spice-parent-17.pom
Progress (1): 1.2 kB
Progress (1): 3.4 kB
Progress (1): 6.7 kB
Progress (1): 6.8 kB
                    
Downloaded from central: https://repo.maven.apache.org/maven2/org/sonatype/spice/spice-parent/17/spice-parent-17.pom (6.8 kB at 99 kB/s)
Downloading from central: https://repo.maven.apache.org/maven2/org/sonatype/forge/forge-parent/10/forge-parent-10.pom
Progress (1): 795 B
Progress (1): 2.7 kB
Progress (1): 8.3 kB
Progress (1): 12 kB 
Progress (1): 14 kB
                   
Downloaded from central: https://repo.maven.apache.org/maven2/org/sonatype/forge/forge-parent/10/forge-parent-10.pom (14 kB at 197 kB/s)
Downloading from central: https://repo.maven.apache.org/maven2/org/codehaus/plexus/plexus-component-annotations/1.5.5/plexus-component-annotations-1.5.5.pom
Progress (1): 815 B
                   
Downloaded from central: https://repo.maven.apache.org/maven2/org/codehaus/plexus/plexus-component-annotations/1.5.5/plexus-component-annotations-1.5.5.pom (815 B at 9.5 kB/s)
Downloading from central: https://repo.maven.apache.org/maven2/org/codehaus/plexus/plexus-containers/1.5.5/plexus-containers-1.5.5.pom
Progress (1): 1.3 kB
Progress (1): 4.2 kB
                    
Downloaded from central: https://repo.maven.apache.org/maven2/org/codehaus/plexus/plexus-containers/1.5.5/plexus-containers-1.5.5.pom (4.2 kB at 54 kB/s)
Downloading from central: https://repo.maven.apache.org/maven2/org/codehaus/plexus/plexus/2.0.7/plexus-2.0.7.pom
Progress (1): 711 B
Progress (1): 2.8 kB
Progress (1): 6.4 kB
Progress (1): 9.1 kB
Progress (1): 13 kB 
Progress (1): 17 kB
                   
Downloaded from central: https://repo.maven.apache.org/maven2/org/codehaus/plexus/plexus/2.0.7/plexus-2.0.7.pom (17 kB at 262 kB/s)
Downloading from central: https://repo.maven.apache.org/maven2/org/sonatype/plexus/plexus-sec-dispatcher/1.3/plexus-sec-dispatcher-1.3.pom
Progress (1): 1.3 kB
Progress (1): 3.0 kB
                    
Downloaded from central: https://repo.maven.apache.org/maven2/org/sonatype/plexus/plexus-sec-dispatcher/1.3/plexus-sec-dispatcher-1.3.pom (3.0 kB at 41 kB/s)
Downloading from central: https://repo.maven.apache.org/maven2/org/sonatype/spice/spice-parent/12/spice-parent-12.pom
Progress (1): 1.2 kB
Progress (1): 4.2 kB
Progress (1): 6.8 kB
                    
Downloaded from central: https://repo.maven.apache.org/maven2/org/sonatype/spice/spice-parent/12/spice-parent-12.pom (6.8 kB at 93 kB/s)
Downloading from central: https://repo.maven.apache.org/maven2/org/sonatype/forge/forge-parent/4/forge-parent-4.pom
Progress (1): 1.4 kB
Progress (1): 5.8 kB
Progress (1): 8.4 kB
                    
Downloaded from central: https://repo.maven.apache.org/maven2/org/sonatype/forge/forge-parent/4/forge-parent-4.pom (8.4 kB at 123 kB/s)
Downloading from central: https://repo.maven.apache.org/maven2/org/sonatype/plexus/plexus-cipher/1.4/plexus-cipher-1.4.pom
Progress (1): 1.4 kB
Progress (1): 2.1 kB
                    
Downloaded from central: https://repo.maven.apache.org/maven2/org/sonatype/plexus/plexus-cipher/1.4/plexus-cipher-1.4.pom (2.1 kB at 32 kB/s)
Downloading from central: https://repo.maven.apache.org/maven2/org/apache/maven/maven-repository-metadata/3.2.5/maven-repository-metadata-3.2.5.pom
Progress (1): 823 B
Progress (1): 2.2 kB
                    
Downloaded from central: https://repo.maven.apache.org/maven2/org/apache/maven/maven-repository-metadata/3.2.5/maven-repository-metadata-3.2.5.pom (2.2 kB at 29 kB/s)
Downloading from central: https://repo.maven.apache.org/maven2/org/apache/maven/maven-plugin-api/3.2.5/maven-plugin-api-3.2.5.pom
Progress (1): 816 B
Progress (1): 2.5 kB
Progress (1): 3.0 kB
                    
Downloaded from central: https://repo.maven.apache.org/maven2/org/apache/maven/maven-plugin-api/3.2.5/maven-plugin-api-3.2.5.pom (3.0 kB at 38 kB/s)
Downloading from central: https://repo.maven.apache.org/maven2/org/eclipse/sisu/org.eclipse.sisu.plexus/0.9.0.M2/org.eclipse.sisu.plexus-0.9.0.M2.pom
Progress (1): 827 B
Progress (1): 3.5 kB
Progress (1): 8.7 kB
Progress (1): 15 kB 
Progress (1): 15 kB
                   
Downloaded from central: https://repo.maven.apache.org/maven2/org/eclipse/sisu/org.eclipse.sisu.plexus/0.9.0.M2/org.eclipse.sisu.plexus-0.9.0.M2.pom (15 kB at 217 kB/s)
Downloading from central: https://repo.maven.apache.org/maven2/org/eclipse/sisu/sisu-plexus/0.9.0.M2/sisu-plexus-0.9.0.M2.pom
Progress (1): 811 B
Progress (1): 2.8 kB
Progress (1): 4.9 kB
Progress (1): 8.5 kB
Progress (1): 12 kB 
Progress (1): 15 kB
                   
Downloaded from central: https://repo.maven.apache.org/maven2/org/eclipse/sisu/sisu-plexus/0.9.0.M2/sisu-plexus-0.9.0.M2.pom (15 kB at 188 kB/s)
Downloading from central: https://repo.maven.apache.org/maven2/javax/annotation/javax.annotation-api/1.2/javax.annotation-api-1.2.pom
Progress (1): 702 B
Progress (1): 2.0 kB
Progress (1): 3.5 kB
Progress (1): 5.5 kB
Progress (1): 8.7 kB
Progress (1): 12 kB 
Progress (1): 13 kB
                   
Downloaded from central: https://repo.maven.apache.org/maven2/javax/annotation/javax.annotation-api/1.2/javax.annotation-api-1.2.pom (13 kB at 126 kB/s)
Downloading from central: https://repo.maven.apache.org/maven2/net/java/jvnet-parent/3/jvnet-parent-3.pom
Progress (1): 838 B
Progress (1): 2.5 kB
Progress (1): 4.8 kB
                    
Downloaded from central: https://repo.maven.apache.org/maven2/net/java/jvnet-parent/3/jvnet-parent-3.pom (4.8 kB at 54 kB/s)
Downloading from central: https://repo.maven.apache.org/maven2/javax/enterprise/cdi-api/1.2/cdi-api-1.2.pom
Progress (1): 1.0 kB
Progress (1): 3.3 kB
Progress (1): 5.8 kB
Progress (1): 6.3 kB
                    
Downloaded from central: https://repo.maven.apache.org/maven2/javax/enterprise/cdi-api/1.2/cdi-api-1.2.pom (6.3 kB at 84 kB/s)
Downloading from central: https://repo.maven.apache.org/maven2/org/jboss/weld/weld-parent/26/weld-parent-26.pom
Progress (1): 1.1 kB
Progress (1): 3.3 kB
Progress (1): 6.2 kB
Progress (1): 11 kB 
Progress (1): 16 kB
Progress (1): 19 kB
Progress (1): 22 kB
Progress (1): 26 kB
Progress (1): 31 kB
Progress (1): 32 kB
                   
Downloaded from central: https://repo.maven.apache.org/maven2/org/jboss/weld/weld-parent/26/weld-parent-26.pom (32 kB at 443 kB/s)
Downloading from central: https://repo.maven.apache.org/maven2/org/eclipse/sisu/org.eclipse.sisu.inject/0.9.0.M2/org.eclipse.sisu.inject-0.9.0.M2.pom
Progress (1): 804 B
Progress (1): 4.1 kB
Progress (1): 10 kB 
Progress (1): 16 kB
Progress (1): 17 kB
                   
Downloaded from central: https://repo.maven.apache.org/maven2/org/eclipse/sisu/org.eclipse.sisu.inject/0.9.0.M2/org.eclipse.sisu.inject-0.9.0.M2.pom (17 kB at 244 kB/s)
Downloading from central: https://repo.maven.apache.org/maven2/org/eclipse/sisu/sisu-inject/0.9.0.M2/sisu-inject-0.9.0.M2.pom
Progress (1): 819 B
Progress (1): 2.8 kB
Progress (1): 4.9 kB
Progress (1): 8.5 kB
Progress (1): 12 kB 
Progress (1): 15 kB
                   
Downloaded from central: https://repo.maven.apache.org/maven2/org/eclipse/sisu/sisu-inject/0.9.0.M2/sisu-inject-0.9.0.M2.pom (15 kB at 190 kB/s)
Downloading from central: https://repo.maven.apache.org/maven2/org/codehaus/plexus/plexus-component-annotations/2.1.0/plexus-component-annotations-2.1.0.pom
Progress (1): 750 B
                   
Downloaded from central: https://repo.maven.apache.org/maven2/org/codehaus/plexus/plexus-component-annotations/2.1.0/plexus-component-annotations-2.1.0.pom (750 B at 10 kB/s)
Downloading from central: https://repo.maven.apache.org/maven2/org/codehaus/plexus/plexus-containers/2.1.0/plexus-containers-2.1.0.pom
Progress (1): 1.3 kB
Progress (1): 4.7 kB
Progress (1): 4.8 kB
                    
Downloaded from central: https://repo.maven.apache.org/maven2/org/codehaus/plexus/plexus-containers/2.1.0/plexus-containers-2.1.0.pom (4.8 kB at 73 kB/s)
Downloading from central: https://repo.maven.apache.org/maven2/org/codehaus/plexus/plexus-classworlds/2.6.0/plexus-classworlds-2.6.0.pom
Progress (1): 932 B
Progress (1): 2.6 kB
Progress (1): 5.5 kB
Progress (1): 7.9 kB
                    
Downloaded from central: https://repo.maven.apache.org/maven2/org/codehaus/plexus/plexus-classworlds/2.6.0/plexus-classworlds-2.6.0.pom (7.9 kB at 113 kB/s)
Downloading from central: https://repo.maven.apache.org/maven2/org/apache/maven/maven-model-builder/3.2.5/maven-model-builder-3.2.5.pom
Progress (1): 836 B
Progress (1): 2.7 kB
Progress (1): 3.0 kB
                    
Downloaded from central: https://repo.maven.apache.org/maven2/org/apache/maven/maven-model-builder/3.2.5/maven-model-builder-3.2.5.pom (3.0 kB at 22 kB/s)
Downloading from central: https://repo.maven.apache.org/maven2/org/apache/maven/maven-aether-provider/3.2.5/maven-aether-provider-3.2.5.pom
Progress (1): 811 B
Progress (1): 3.0 kB
Progress (1): 4.2 kB
                    
Downloaded from central: https://repo.maven.apache.org/maven2/org/apache/maven/maven-aether-provider/3.2.5/maven-aether-provider-3.2.5.pom (4.2 kB at 61 kB/s)
Downloading from central: https://repo.maven.apache.org/maven2/org/eclipse/aether/aether-spi/1.0.0.v20140518/aether-spi-1.0.0.v20140518.pom
Progress (1): 934 B
Progress (1): 2.1 kB
                    
Downloaded from central: https://repo.maven.apache.org/maven2/org/eclipse/aether/aether-spi/1.0.0.v20140518/aether-spi-1.0.0.v20140518.pom (2.1 kB at 30 kB/s)
Downloading from central: https://repo.maven.apache.org/maven2/org/eclipse/aether/aether-impl/1.0.0.v20140518/aether-impl-1.0.0.v20140518.pom
Progress (1): 922 B
Progress (1): 3.5 kB
                    
Downloaded from central: https://repo.maven.apache.org/maven2/org/eclipse/aether/aether-impl/1.0.0.v20140518/aether-impl-1.0.0.v20140518.pom (3.5 kB at 50 kB/s)
Downloading from central: https://repo.maven.apache.org/maven2/org/sonatype/sisu/sisu-guice/3.2.3/sisu-guice-3.2.3.pom
Progress (1): 1.3 kB
Progress (1): 3.8 kB
Progress (1): 6.0 kB
Progress (1): 9.7 kB
Progress (1): 11 kB 
                   
Downloaded from central: https://repo.maven.apache.org/maven2/org/sonatype/sisu/sisu-guice/3.2.3/sisu-guice-3.2.3.pom (11 kB at 150 kB/s)
Downloading from central: https://repo.maven.apache.org/maven2/org/sonatype/sisu/inject/guice-parent/3.2.3/guice-parent-3.2.3.pom
Progress (1): 799 B
Progress (1): 2.7 kB
Progress (1): 5.1 kB
Progress (1): 7.6 kB
Progress (1): 10 kB 
Progress (1): 13 kB
                   
Downloaded from central: https://repo.maven.apache.org/maven2/org/sonatype/sisu/inject/guice-parent/3.2.3/guice-parent-3.2.3.pom (13 kB at 190 kB/s)
Downloading from central: https://repo.maven.apache.org/maven2/org/sonatype/forge/forge-parent/38/forge-parent-38.pom
Progress (1): 829 B
Progress (1): 2.6 kB
Progress (1): 5.3 kB
Progress (1): 8.2 kB
Progress (1): 11 kB 
Progress (1): 15 kB
Progress (1): 18 kB
Progress (1): 19 kB
                   
Downloaded from central: https://repo.maven.apache.org/maven2/org/sonatype/forge/forge-parent/38/forge-parent-38.pom (19 kB at 264 kB/s)
Downloading from central: https://repo.maven.apache.org/maven2/aopalliance/aopalliance/1.0/aopalliance-1.0.pom
Progress (1): 363 B
                   
Downloaded from central: https://repo.maven.apache.org/maven2/aopalliance/aopalliance/1.0/aopalliance-1.0.pom (363 B at 5.2 kB/s)
Downloading from central: https://repo.maven.apache.org/maven2/com/google/guava/guava/16.0.1/guava-16.0.1.pom
Progress (1): 956 B
Progress (1): 2.8 kB
Progress (1): 5.3 kB
Progress (1): 6.1 kB
                    
Downloaded from central: https://repo.maven.apache.org/maven2/com/google/guava/guava/16.0.1/guava-16.0.1.pom (6.1 kB at 90 kB/s)
Downloading from central: https://repo.maven.apache.org/maven2/com/google/guava/guava-parent/16.0.1/guava-parent-16.0.1.pom
Progress (1): 1.1 kB
Progress (1): 2.9 kB
Progress (1): 6.3 kB
Progress (1): 7.3 kB
                    
Downloaded from central: https://repo.maven.apache.org/maven2/com/google/guava/guava-parent/16.0.1/guava-parent-16.0.1.pom (7.3 kB at 95 kB/s)
Downloading from central: https://repo.maven.apache.org/maven2/org/codehaus/plexus/plexus-classworlds/2.5.2/plexus-classworlds-2.5.2.pom
Progress (1): 930 B
Progress (1): 3.0 kB
Progress (1): 6.0 kB
Progress (1): 7.3 kB
                    
Downloaded from central: https://repo.maven.apache.org/maven2/org/codehaus/plexus/plexus-classworlds/2.5.2/plexus-classworlds-2.5.2.pom (7.3 kB at 111 kB/s)
Downloading from central: https://repo.maven.apache.org/maven2/commons-io/commons-io/2.15.1/commons-io-2.15.1.pom
Progress (1): 765 B
Progress (1): 2.1 kB
Progress (1): 5.2 kB
Progress (1): 7.6 kB
Progress (1): 10 kB 
Progress (1): 12 kB
Progress (1): 15 kB
Progress (1): 18 kB
Progress (1): 20 kB
                   
Downloaded from central: https://repo.maven.apache.org/maven2/commons-io/commons-io/2.15.1/commons-io-2.15.1.pom (20 kB at 289 kB/s)
Downloading from central: https://repo.maven.apache.org/maven2/org/apache/commons/commons-parent/65/commons-parent-65.pom
Progress (1): 705 B
Progress (1): 1.9 kB
Progress (1): 3.1 kB
Progress (1): 4.7 kB
Progress (1): 6.4 kB
Progress (1): 8.4 kB
Progress (1): 10 kB 
Progress (1): 13 kB
Progress (1): 15 kB
Progress (1): 18 kB
Progress (1): 19 kB
Progress (1): 23 kB
Progress (1): 25 kB
Progress (1): 28 kB
Progress (1): 32 kB
Progress (1): 32 kB
Progress (1): 35 kB
Progress (1): 41 kB
Progress (1): 43 kB
Progress (1): 46 kB
Progress (1): 49 kB
Progress (1): 51 kB
Progress (1): 54 kB
Progress (1): 58 kB
Progress (1): 60 kB
Progress (1): 64 kB
Progress (1): 67 kB
Progress (1): 71 kB
Progress (1): 74 kB
Progress (1): 76 kB
Progress (1): 78 kB
                   
Downloaded from central: https://repo.maven.apache.org/maven2/org/apache/commons/commons-parent/65/commons-parent-65.pom (78 kB at 896 kB/s)
Downloading from central: https://repo.maven.apache.org/maven2/org/junit/junit-bom/5.10.1/junit-bom-5.10.1.pom
Progress (1): 908 B
Progress (1): 4.1 kB
Progress (1): 5.6 kB
                    
Downloaded from central: https://repo.maven.apache.org/maven2/org/junit/junit-bom/5.10.1/junit-bom-5.10.1.pom (5.6 kB at 75 kB/s)
Downloading from central: https://repo.maven.apache.org/maven2/org/apache/maven/surefire/maven-surefire-common/3.2.5/maven-surefire-common-3.2.5.jar
Progress (1): 7.7/308 kB
Progress (1): 16/308 kB 
Progress (1): 32/308 kB
Progress (1): 49/308 kB
Progress (1): 65/308 kB
Progress (1): 81/308 kB
Progress (1): 98/308 kB
Progress (1): 114/308 kB
Progress (1): 131/308 kB
Progress (1): 147/308 kB
Progress (1): 163/308 kB
Progress (1): 180/308 kB
Progress (1): 196/308 kB
Progress (1): 207/308 kB
Progress (1): 224/308 kB
Progress (1): 240/308 kB
Progress (1): 256/308 kB
Progress (1): 273/308 kB
Progress (1): 289/308 kB
Progress (1): 306/308 kB
Progress (1): 308 kB    
                    
Downloaded from central: https://repo.maven.apache.org/maven2/org/apache/maven/surefire/maven-surefire-common/3.2.5/maven-surefire-common-3.2.5.jar (308 kB at 3.2 MB/s)
Downloading from central: https://repo.maven.apache.org/maven2/org/apache/maven/surefire/surefire-api/3.2.5/surefire-api-3.2.5.jar
Downloading from central: https://repo.maven.apache.org/maven2/org/apache/maven/surefire/surefire-logger-api/3.2.5/surefire-logger-api-3.2.5.jar
Downloading from central: https://repo.maven.apache.org/maven2/org/apache/maven/surefire/surefire-extensions-api/3.2.5/surefire-extensions-api-3.2.5.jar
Downloading from central: https://repo.maven.apache.org/maven2/org/apache/maven/surefire/surefire-booter/3.2.5/surefire-booter-3.2.5.jar
Downloading from central: https://repo.maven.apache.org/maven2/org/apache/maven/surefire/surefire-extensions-spi/3.2.5/surefire-extensions-spi-3.2.5.jar
Progress (1): 7.7/26 kB
Progress (1): 8.2/26 kB
Progress (1): 25/26 kB 
Progress (1): 26 kB   
                   
Downloaded from central: https://repo.maven.apache.org/maven2/org/apache/maven/surefire/surefire-extensions-api/3.2.5/surefire-extensions-api-3.2.5.jar (26 kB at 380 kB/s)
Downloading from central: https://repo.maven.apache.org/maven2/org/eclipse/aether/aether-util/1.0.0.v20140518/aether-util-1.0.0.v20140518.jar
Progress (1): 7.7/14 kB
Progress (1): 14 kB    
                   
Downloaded from central: https://repo.maven.apache.org/maven2/org/apache/maven/surefire/surefire-logger-api/3.2.5/surefire-logger-api-3.2.5.jar (14 kB at 179 kB/s)
Downloading from central: https://repo.maven.apache.org/maven2/org/eclipse/aether/aether-api/1.0.0.v20140518/aether-api-1.0.0.v20140518.jar
Progress (1): 7.7/171 kB
Progress (1): 8.2/171 kB
Progress (1): 25/171 kB 
Progress (1): 41/171 kB
Progress (2): 41/171 kB | 7.7/118 kB
Progress (2): 41/171 kB | 7.7/118 kB
Progress (2): 57/171 kB | 7.7/118 kB
Progress (2): 57/171 kB | 24/118 kB 
Progress (2): 57/171 kB | 40/118 kB
Progress (2): 57/171 kB | 57/118 kB
Progress (2): 74/171 kB | 57/118 kB
Progress (3): 74/171 kB | 57/118 kB | 7.7/8.2 kB
Progress (3): 74/171 kB | 57/118 kB | 8.2 kB    
Progress (3): 90/171 kB | 57/118 kB | 8.2 kB
Progress (3): 90/171 kB | 73/118 kB | 8.2 kB
                                            
Downloaded from central: https://repo.maven.apache.org/maven2/org/apache/maven/surefire/surefire-extensions-spi/3.2.5/surefire-extensions-spi-3.2.5.jar (8.2 kB at 79 kB/s)
Downloading from central: https://repo.maven.apache.org/maven2/org/apache/maven/shared/maven-common-artifact-filters/3.1.1/maven-common-artifact-filters-3.1.1.jar
Progress (2): 106/171 kB | 73/118 kB
Progress (2): 106/171 kB | 90/118 kB
Progress (2): 106/171 kB | 106/118 kB
Progress (2): 106/171 kB | 118 kB    
Progress (2): 123/171 kB | 118 kB
                                 
Downloaded from central: https://repo.maven.apache.org/maven2/org/apache/maven/surefire/surefire-booter/3.2.5/surefire-booter-3.2.5.jar (118 kB at 1.1 MB/s)
Downloading from central: https://repo.maven.apache.org/maven2/commons-io/commons-io/2.15.1/commons-io-2.15.1.jar
Progress (1): 139/171 kB
Progress (1): 156/171 kB
Progress (1): 171 kB    
                    
Downloaded from central: https://repo.maven.apache.org/maven2/org/apache/maven/surefire/surefire-api/3.2.5/surefire-api-3.2.5.jar (171 kB at 1.5 MB/s)
Downloading from central: https://repo.maven.apache.org/maven2/org/apache/maven/surefire/surefire-shared-utils/3.2.5/surefire-shared-utils-3.2.5.jar
Progress (1): 7.7/146 kB
Progress (1): 16/146 kB 
Progress (1): 32/146 kB
Progress (1): 49/146 kB
Progress (1): 65/146 kB
Progress (1): 81/146 kB
Progress (1): 98/146 kB
Progress (1): 114/146 kB
Progress (2): 114/146 kB | 7.7/136 kB
Progress (2): 114/146 kB | 16/136 kB 
Progress (2): 114/146 kB | 32/136 kB
Progress (2): 131/146 kB | 32/136 kB
Progress (2): 146 kB | 32/136 kB    
                                
Downloaded from central: https://repo.maven.apache.org/maven2/org/eclipse/aether/aether-util/1.0.0.v20140518/aether-util-1.0.0.v20140518.jar (146 kB at 923 kB/s)
Progress (1): 49/136 kB
Progress (1): 65/136 kB
Progress (1): 81/136 kB
Progress (1): 98/136 kB
Progress (1): 114/136 kB
Progress (1): 131/136 kB
Progress (1): 136 kB    
                    
Downloaded from central: https://repo.maven.apache.org/maven2/org/eclipse/aether/aether-api/1.0.0.v20140518/aether-api-1.0.0.v20140518.jar (136 kB at 811 kB/s)
Progress (1): 0/2.4 MB
Progress (1): 0/2.4 MB
Progress (1): 0/2.4 MB
Progress (1): 0/2.4 MB
Progress (1): 0.1/2.4 MB
Progress (1): 0.1/2.4 MB
Progress (1): 0.1/2.4 MB
Progress (1): 0.1/2.4 MB
Progress (1): 0.1/2.4 MB
Progress (1): 0.1/2.4 MB
Progress (1): 0.2/2.4 MB
Progress (1): 0.2/2.4 MB
Progress (2): 0.2/2.4 MB | 7.7/501 kB
Progress (2): 0.2/2.4 MB | 16/501 kB 
Progress (2): 0.2/2.4 MB | 16/501 kB
Progress (2): 0.2/2.4 MB | 16/501 kB
Progress (2): 0.2/2.4 MB | 32/501 kB
Progress (2): 0.2/2.4 MB | 32/501 kB
Progress (2): 0.2/2.4 MB | 49/501 kB
Progress (2): 0.2/2.4 MB | 65/501 kB
Progress (2): 0.2/2.4 MB | 65/501 kB
Progress (2): 0.3/2.4 MB | 65/501 kB
Progress (2): 0.3/2.4 MB | 81/501 kB
Progress (2): 0.3/2.4 MB | 98/501 kB
Progress (2): 0.3/2.4 MB | 98/501 kB
Progress (2): 0.3/2.4 MB | 114/501 kB
Progress (2): 0.3/2.4 MB | 114/501 kB
Progress (2): 0.3/2.4 MB | 114/501 kB
Progress (2): 0.3/2.4 MB | 114/501 kB
Progress (2): 0.3/2.4 MB | 130/501 kB
Progress (2): 0.3/2.4 MB | 130/501 kB
Progress (2): 0.4/2.4 MB | 130/501 kB
Progress (2): 0.4/2.4 MB | 147/501 kB
Progress (2): 0.4/2.4 MB | 147/501 kB
Progress (2): 0.4/2.4 MB | 147/501 kB
Progress (2): 0.4/2.4 MB | 147/501 kB
Progress (2): 0.4/2.4 MB | 163/501 kB
Progress (2): 0.4/2.4 MB | 163/501 kB
Progress (2): 0.4/2.4 MB | 163/501 kB
Progress (2): 0.4/2.4 MB | 163/501 kB
Progress (2): 0.5/2.4 MB | 163/501 kB
Progress (2): 0.5/2.4 MB | 163/501 kB
Progress (2): 0.5/2.4 MB | 179/501 kB
Progress (2): 0.5/2.4 MB | 179/501 kB
Progress (2): 0.5/2.4 MB | 179/501 kB
Progress (2): 0.5/2.4 MB | 179/501 kB
Progress (2): 0.5/2.4 MB | 196/501 kB
Progress (2): 0.5/2.4 MB | 196/501 kB
Progress (2): 0.5/2.4 MB | 212/501 kB
Progress (2): 0.6/2.4 MB | 212/501 kB
Progress (2): 0.6/2.4 MB | 212/501 kB
Progress (2): 0.6/2.4 MB | 212/501 kB
Progress (2): 0.6/2.4 MB | 229/501 kB
Progress (2): 0.6/2.4 MB | 229/501 kB
Progress (2): 0.6/2.4 MB | 245/501 kB
Progress (2): 0.6/2.4 MB | 245/501 kB
Progress (2): 0.6/2.4 MB | 245/501 kB
Progress (2): 0.6/2.4 MB | 261/501 kB
Progress (2): 0.6/2.4 MB | 278/501 kB
Progress (2): 0.6/2.4 MB | 278/501 kB
Progress (3): 0.6/2.4 MB | 278/501 kB | 7.7/61 kB
Progress (3): 0.6/2.4 MB | 278/501 kB | 7.7/61 kB
Progress (3): 0.7/2.4 MB | 278/501 kB | 7.7/61 kB
Progress (3): 0.7/2.4 MB | 294/501 kB | 7.7/61 kB
Progress (3): 0.7/2.4 MB | 311/501 kB | 7.7/61 kB
Progress (3): 0.7/2.4 MB | 311/501 kB | 7.7/61 kB
Progress (3): 0.7/2.4 MB | 311/501 kB | 7.7/61 kB
Progress (3): 0.7/2.4 MB | 311/501 kB | 7.7/61 kB
Progress (3): 0.7/2.4 MB | 327/501 kB | 7.7/61 kB
Progress (3): 0.7/2.4 MB | 327/501 kB | 24/61 kB 
Progress (3): 0.7/2.4 MB | 327/501 kB | 24/61 kB
Progress (3): 0.7/2.4 MB | 327/501 kB | 24/61 kB
Progress (3): 0.7/2.4 MB | 343/501 kB | 24/61 kB
Progress (3): 0.8/2.4 MB | 343/501 kB | 24/61 kB
Progress (3): 0.8/2.4 MB | 360/501 kB | 24/61 kB
Progress (3): 0.8/2.4 MB | 360/501 kB | 24/61 kB
Progress (3): 0.8/2.4 MB | 376/501 kB | 24/61 kB
Progress (3): 0.8/2.4 MB | 376/501 kB | 24/61 kB
Progress (3): 0.8/2.4 MB | 376/501 kB | 24/61 kB
Progress (3): 0.8/2.4 MB | 393/501 kB | 24/61 kB
Progress (3): 0.8/2.4 MB | 409/501 kB | 24/61 kB
Progress (3): 0.8/2.4 MB | 409/501 kB | 24/61 kB
Progress (3): 0.8/2.4 MB | 425/501 kB | 24/61 kB
Progress (3): 0.8/2.4 MB | 425/501 kB | 24/61 kB
Progress (3): 0.9/2.4 MB | 425/501 kB | 24/61 kB
Progress (3): 0.9/2.4 MB | 425/501 kB | 24/61 kB
Progress (3): 0.9/2.4 MB | 442/501 kB | 24/61 kB
Progress (3): 0.9/2.4 MB | 458/501 kB | 24/61 kB
Progress (3): 0.9/2.4 MB | 458/501 kB | 24/61 kB
Progress (3): 0.9/2.4 MB | 458/501 kB | 24/61 kB
Progress (3): 0.9/2.4 MB | 458/501 kB | 40/61 kB
Progress (3): 0.9/2.4 MB | 474/501 kB | 40/61 kB
Progress (3): 0.9/2.4 MB | 474/501 kB | 40/61 kB
Progress (3): 0.9/2.4 MB | 474/501 kB | 40/61 kB
Progress (3): 0.9/2.4 MB | 491/501 kB | 40/61 kB
Progress (3): 0.9/2.4 MB | 491/501 kB | 40/61 kB
Progress (3): 0.9/2.4 MB | 501 kB | 40/61 kB    
Progress (3): 1.0/2.4 MB | 501 kB | 40/61 kB
Progress (3): 1.0/2.4 MB | 501 kB | 40/61 kB
                                            
Downloaded from central: https://repo.maven.apache.org/maven2/commons-io/commons-io/2.15.1/commons-io-2.15.1.jar (501 kB at 1.9 MB/s)
Progress (2): 1.0/2.4 MB | 57/61 kB
Progress (2): 1.0/2.4 MB | 61 kB   
Progress (2): 1.0/2.4 MB | 61 kB
Progress (2): 1.0/2.4 MB | 61 kB
Progress (2): 1.0/2.4 MB | 61 kB
                                
Downloaded from central: https://repo.maven.apache.org/maven2/org/apache/maven/shared/maven-common-artifact-filters/3.1.1/maven-common-artifact-filters-3.1.1.jar (61 kB at 228 kB/s)
Progress (1): 1.0/2.4 MB
Progress (1): 1.1/2.4 MB
Progress (1): 1.1/2.4 MB
Progress (1): 1.1/2.4 MB
Progress (1): 1.1/2.4 MB
Progress (1): 1.1/2.4 MB
Progress (1): 1.1/2.4 MB
Progress (1): 1.2/2.4 MB
Progress (1): 1.2/2.4 MB
Progress (1): 1.2/2.4 MB
Progress (1): 1.2/2.4 MB
Progress (1): 1.2/2.4 MB
Progress (1): 1.2/2.4 MB
Progress (1): 1.3/2.4 MB
Progress (1): 1.3/2.4 MB
Progress (1): 1.3/2.4 MB
Progress (1): 1.3/2.4 MB
Progress (1): 1.3/2.4 MB
Progress (1): 1.3/2.4 MB
Progress (1): 1.4/2.4 MB
Progress (1): 1.4/2.4 MB
Progress (1): 1.4/2.4 MB
Progress (1): 1.4/2.4 MB
Progress (1): 1.4/2.4 MB
Progress (1): 1.4/2.4 MB
Progress (1): 1.5/2.4 MB
Progress (1): 1.5/2.4 MB
Progress (1): 1.5/2.4 MB
Progress (1): 1.5/2.4 MB
Progress (1): 1.5/2.4 MB
Progress (1): 1.5/2.4 MB
Progress (1): 1.5/2.4 MB
Progress (1): 1.6/2.4 MB
Progress (1): 1.6/2.4 MB
Progress (1): 1.6/2.4 MB
Progress (1): 1.6/2.4 MB
Progress (1): 1.6/2.4 MB
Progress (1): 1.6/2.4 MB
Progress (1): 1.7/2.4 MB
Progress (1): 1.7/2.4 MB
Progress (1): 1.7/2.4 MB
Progress (1): 1.7/2.4 MB
Progress (1): 1.7/2.4 MB
Progress (1): 1.7/2.4 MB
Progress (1): 1.8/2.4 MB
Progress (1): 1.8/2.4 MB
Progress (1): 1.8/2.4 MB
Progress (1): 1.8/2.4 MB
Progress (1): 1.8/2.4 MB
Progress (1): 1.8/2.4 MB
Progress (1): 1.9/2.4 MB
Progress (1): 1.9/2.4 MB
Progress (1): 1.9/2.4 MB
Progress (1): 1.9/2.4 MB
Progress (1): 1.9/2.4 MB
Progress (1): 1.9/2.4 MB
Progress (1): 2.0/2.4 MB
Progress (1): 2.0/2.4 MB
Progress (1): 2.0/2.4 MB
Progress (1): 2.0/2.4 MB
Progress (1): 2.0/2.4 MB
Progress (1): 2.0/2.4 MB
Progress (1): 2.0/2.4 MB
Progress (1): 2.1/2.4 MB
Progress (1): 2.1/2.4 MB
Progress (1): 2.1/2.4 MB
Progress (1): 2.1/2.4 MB
Progress (1): 2.1/2.4 MB
Progress (1): 2.1/2.4 MB
Progress (1): 2.2/2.4 MB
Progress (1): 2.2/2.4 MB
Progress (1): 2.2/2.4 MB
Progress (1): 2.2/2.4 MB
Progress (1): 2.2/2.4 MB
Progress (1): 2.2/2.4 MB
Progress (1): 2.3/2.4 MB
Progress (1): 2.3/2.4 MB
Progress (1): 2.3/2.4 MB
Progress (1): 2.3/2.4 MB
Progress (1): 2.3/2.4 MB
Progress (1): 2.3/2.4 MB
Progress (1): 2.4/2.4 MB
Progress (1): 2.4/2.4 MB
Progress (1): 2.4/2.4 MB
Progress (1): 2.4/2.4 MB
Progress (1): 2.4/2.4 MB
Progress (1): 2.4/2.4 MB
Progress (1): 2.4 MB    
                    
Downloaded from central: https://repo.maven.apache.org/maven2/org/apache/maven/surefire/surefire-shared-utils/3.2.5/surefire-shared-utils-3.2.5.jar (2.4 MB at 6.9 MB/s)
[INFO] Using auto detected provider org.apache.maven.surefire.junitplatform.JUnitPlatformProvider
Downloading from central: https://repo.maven.apache.org/maven2/org/apache/maven/surefire/surefire-junit-platform/3.2.5/surefire-junit-platform-3.2.5.pom
Progress (1): 846 B
Progress (1): 3.5 kB
Progress (1): 4.7 kB
                    
Downloaded from central: https://repo.maven.apache.org/maven2/org/apache/maven/surefire/surefire-junit-platform/3.2.5/surefire-junit-platform-3.2.5.pom (4.7 kB at 55 kB/s)
Downloading from central: https://repo.maven.apache.org/maven2/org/apache/maven/surefire/surefire-providers/3.2.5/surefire-providers-3.2.5.pom
Progress (1): 849 B
Progress (1): 2.6 kB
                    
Downloaded from central: https://repo.maven.apache.org/maven2/org/apache/maven/surefire/surefire-providers/3.2.5/surefire-providers-3.2.5.pom (2.6 kB at 33 kB/s)
Downloading from central: https://repo.maven.apache.org/maven2/org/apache/maven/surefire/common-java5/3.2.5/common-java5-3.2.5.pom
Progress (1): 849 B
Progress (1): 2.6 kB
Progress (1): 2.8 kB
                    
Downloaded from central: https://repo.maven.apache.org/maven2/org/apache/maven/surefire/common-java5/3.2.5/common-java5-3.2.5.pom (2.8 kB at 46 kB/s)
Downloading from central: https://repo.maven.apache.org/maven2/org/junit/platform/junit-platform-launcher/1.9.3/junit-platform-launcher-1.9.3.pom
Progress (1): 966 B
Progress (1): 3.0 kB
                    
Downloaded from central: https://repo.maven.apache.org/maven2/org/junit/platform/junit-platform-launcher/1.9.3/junit-platform-launcher-1.9.3.pom (3.0 kB at 46 kB/s)
Downloading from central: https://repo.maven.apache.org/maven2/org/junit/platform/junit-platform-engine/1.9.3/junit-platform-engine-1.9.3.pom
Progress (1): 957 B
Progress (1): 3.2 kB
                    
Downloaded from central: https://repo.maven.apache.org/maven2/org/junit/platform/junit-platform-engine/1.9.3/junit-platform-engine-1.9.3.pom (3.2 kB at 42 kB/s)
Downloading from central: https://repo.maven.apache.org/maven2/org/opentest4j/opentest4j/1.2.0/opentest4j-1.2.0.pom
Progress (1): 1.2 kB
Progress (1): 1.7 kB
                    
Downloaded from central: https://repo.maven.apache.org/maven2/org/opentest4j/opentest4j/1.2.0/opentest4j-1.2.0.pom (1.7 kB at 24 kB/s)
Downloading from central: https://repo.maven.apache.org/maven2/org/junit/platform/junit-platform-commons/1.9.3/junit-platform-commons-1.9.3.pom
Progress (1): 971 B
Progress (1): 2.8 kB
                    
Downloaded from central: https://repo.maven.apache.org/maven2/org/junit/platform/junit-platform-commons/1.9.3/junit-platform-commons-1.9.3.pom (2.8 kB at 37 kB/s)
Downloading from central: https://repo.maven.apache.org/maven2/org/apache/maven/surefire/surefire-junit-platform/3.2.5/surefire-junit-platform-3.2.5.jar
Progress (1): 7.7/27 kB
Progress (1): 16/27 kB 
Progress (1): 27 kB   
                   
Downloaded from central: https://repo.maven.apache.org/maven2/org/apache/maven/surefire/surefire-junit-platform/3.2.5/surefire-junit-platform-3.2.5.jar (27 kB at 323 kB/s)
Downloading from central: https://repo.maven.apache.org/maven2/org/apache/maven/surefire/common-java5/3.2.5/common-java5-3.2.5.jar
Downloading from central: https://repo.maven.apache.org/maven2/org/junit/platform/junit-platform-launcher/1.9.3/junit-platform-launcher-1.9.3.jar
Downloading from central: https://repo.maven.apache.org/maven2/org/junit/platform/junit-platform-engine/1.9.3/junit-platform-engine-1.9.3.jar
Downloading from central: https://repo.maven.apache.org/maven2/org/opentest4j/opentest4j/1.2.0/opentest4j-1.2.0.jar
Downloading from central: https://repo.maven.apache.org/maven2/org/junit/platform/junit-platform-commons/1.9.3/junit-platform-commons-1.9.3.jar
Progress (1): 7.7/18 kB
Progress (2): 7.7/18 kB | 7.7/169 kB
Progress (2): 7.7/18 kB | 7.7/169 kB
Progress (2): 16/18 kB | 7.7/169 kB 
Progress (2): 18 kB | 7.7/169 kB   
                                
Downloaded from central: https://repo.maven.apache.org/maven2/org/apache/maven/surefire/common-java5/3.2.5/common-java5-3.2.5.jar (18 kB at 214 kB/s)
Progress (2): 7.7/169 kB | 7.7 kB
Progress (2): 24/169 kB | 7.7 kB 
                                
Downloaded from central: https://repo.maven.apache.org/maven2/org/opentest4j/opentest4j/1.2.0/opentest4j-1.2.0.jar (7.7 kB at 92 kB/s)
Progress (1): 40/169 kB
Progress (1): 57/169 kB
Progress (1): 73/169 kB
Progress (1): 90/169 kB
Progress (1): 106/169 kB
Progress (1): 122/169 kB
Progress (2): 122/169 kB | 7.7/103 kB
Progress (2): 122/169 kB | 16/103 kB 
Progress (2): 122/169 kB | 32/103 kB
Progress (2): 139/169 kB | 32/103 kB
Progress (2): 139/169 kB | 49/103 kB
Progress (2): 139/169 kB | 57/103 kB
Progress (2): 139/169 kB | 74/103 kB
Progress (2): 155/169 kB | 74/103 kB
Progress (2): 155/169 kB | 90/103 kB
Progress (2): 169 kB | 90/103 kB    
Progress (2): 169 kB | 103 kB   
                             
Downloaded from central: https://repo.maven.apache.org/maven2/org/junit/platform/junit-platform-launcher/1.9.3/junit-platform-launcher-1.9.3.jar (169 kB at 1.5 MB/s)
Downloaded from central: https://repo.maven.apache.org/maven2/org/junit/platform/junit-platform-commons/1.9.3/junit-platform-commons-1.9.3.jar (103 kB at 945 kB/s)
Progress (1): 7.7/189 kB
Progress (1): 16/189 kB 
Progress (1): 32/189 kB
Progress (1): 48/189 kB
Progress (1): 65/189 kB
Progress (1): 81/189 kB
Progress (1): 98/189 kB
Progress (1): 114/189 kB
Progress (1): 130/189 kB
Progress (1): 147/189 kB
Progress (1): 163/189 kB
Progress (1): 179/189 kB
Progress (1): 189 kB    
                    
Downloaded from central: https://repo.maven.apache.org/maven2/org/junit/platform/junit-platform-engine/1.9.3/junit-platform-engine-1.9.3.jar (189 kB at 1.4 MB/s)
Downloading from central: https://repo.maven.apache.org/maven2/org/junit/platform/junit-platform-launcher/1.10.3/junit-platform-launcher-1.10.3.pom
Progress (1): 967 B
Progress (1): 3.0 kB
                    
Downloaded from central: https://repo.maven.apache.org/maven2/org/junit/platform/junit-platform-launcher/1.10.3/junit-platform-launcher-1.10.3.pom (3.0 kB at 44 kB/s)
Downloading from central: https://repo.maven.apache.org/maven2/org/junit/platform/junit-platform-launcher/1.10.3/junit-platform-launcher-1.10.3.jar
Progress (1): 7.7/184 kB
Progress (1): 16/184 kB 
Progress (1): 32/184 kB
Progress (1): 49/184 kB
Progress (1): 61/184 kB
Progress (1): 77/184 kB
Progress (1): 93/184 kB
Progress (1): 110/184 kB
Progress (1): 126/184 kB
Progress (1): 143/184 kB
Progress (1): 159/184 kB
Progress (1): 175/184 kB
Progress (1): 184 kB    
                    
Downloaded from central: https://repo.maven.apache.org/maven2/org/junit/platform/junit-platform-launcher/1.10.3/junit-platform-launcher-1.10.3.jar (184 kB at 2.2 MB/s)
[INFO] 
[INFO] -------------------------------------------------------
[INFO]  T E S T S
[INFO] -------------------------------------------------------
[INFO] Running com.reparando.platform.application.service.WorkWorkflowServiceTest
docker : OpenJDK 64-Bit Server VM warning: Sharing is only supported for boot 
loader classes because bootstrap classpath has been appended
En línea: 1 Carácter: 1
+ docker run --rm -v "${PWD}:/workspace" -w /workspace maven:3.9.9-ecli ...
+ ~~~~~~~~~~~~~~~~~~~~~~~~~~~~~~~~~~~~~~~~~~~~~~~~~~~~~~~~~~~~~~~~~~~~~
    + CategoryInfo          : NotSpecified: (OpenJDK 64-Bit ...s been appended 
   :String) [], RemoteException
    + FullyQualifiedErrorId : NativeCommandError
 
[INFO] Tests run: 6, Failures: 0, Errors: 0, Skipped: 0, Time elapsed: 8.098 s -- in com.reparando.platform.application.service.WorkWorkflowServiceTest
[INFO] Running com.reparando.platform.domain.model.WorkerAccountTest
[INFO] Tests run: 6, Failures: 0, Errors: 0, Skipped: 0, Time elapsed: 0.032 s -- in com.reparando.platform.domain.model.WorkerAccountTest
[INFO] 
[INFO] Results:
[INFO] 
[INFO] Tests run: 12, Failures: 0, Errors: 0, Skipped: 0
[INFO] 
[INFO] ------------------------------------------------------------------------
[INFO] BUILD SUCCESS
[INFO] ------------------------------------------------------------------------
[INFO] Total time:  56.912 s
[INFO] Finished at: 2026-03-30T22:56:12Z
[INFO] ------------------------------------------------------------------------
